I/art     ( 3639): Background concurrent mark sweep GC freed 18937(936KB) AllocSpace objects, 0(0B) LOS objects, 66% free, 508KB/1532KB, paused 7.964ms total 20.093ms
I/art     ( 3639): WaitForGcToComplete blocked for 10.205ms for cause HeapTrim
I/art     ( 1750): Background sticky concurrent mark sweep GC freed 5548(304KB) AllocSpace objects, 0(0B) LOS objects, 14% free, 2MB/2MB, paused 8.810ms total 32.679ms
I/art     ( 3639): Background sticky concurrent mark sweep GC freed 18140(897KB) AllocSpace objects, 0(0B) LOS objects, 61% free, 586KB/1532KB, paused 7.091ms total 27.335ms
D/AndroidRuntime( 3727): >>>>>> START com.android.internal.os.RuntimeInit uid 0 <<<<<<
D/AndroidRuntime( 3727): CheckJNI is ON
E/memtrack( 3727): Couldn't load memtrack module (No such file or directory)
E/android.os.Debug( 3727): failed to load memtrack module: -2
D/AndroidRuntime( 3727): Calling main entry com.android.commands.input.Input
I/Input   ( 3727): injectKeyEvent: KeyEvent { action=ACTION_DOWN, keyCode=KEYCODE_HOME, scanCode=0, metaState=0, flags=0x0, repeatCount=0, eventTime=931802, downTime=931802, deviceId=-1, source=0x101 }
I/Input   ( 3727): injectKeyEvent: KeyEvent { action=ACTION_UP, keyCode=KEYCODE_HOME, scanCode=0, metaState=0, flags=0x0, repeatCount=0, eventTime=931802, downTime=931802, deviceId=-1, source=0x101 }
I/ActivityManager( 1487): START u0 {act=android.intent.action.MAIN cat=[android.intent.category.HOME] flg=0x10200000 cmp=com.google.android.googlequicksearchbox/com.google.android.launcher.GEL} from uid 1000 on display 0
E/EGL_emulation( 1123): tid 1123: eglCreateSyncKHR(1299): error 0x3004 (EGL_BAD_ATTRIBUTE)
I/Update Preferences( 3669): Key = LAST_INTERACTION_TIME Value = 1491221323174
I/OTPInitializingFragment( 3669): On Pause
I/OtpActivity( 3669): On Pause
D/AndroidRuntime( 3727): Shutting down VM
I/GEL     ( 1770): handleIntent(Intent { act=android.intent.action.MAIN cat=[android.intent.category.HOME] flg=0x10600000 cmp=com.google.android.googlequicksearchbox/com.google.android.launcher.GEL })
I/art     ( 1487): Background sticky concurrent mark sweep GC freed 40374(1450KB) AllocSpace objects, 9(144KB) LOS objects, 9% free, 12MB/14MB, paused 10.967ms total 58.408ms
W/EGL_emulation( 1770): eglSurfaceAttrib not implemented
W/OpenGLRenderer( 1770): Failed to set EGL_SWAP_BEHAVIOR on surface 0xe1c10660, error=EGL_SUCCESS
W/WindowManager( 1487): Attempted to remove non-existing token: android.os.Binder@200715b6
W/QueryController( 3639): AccessibilityNodeInfo returned a null child (0 of 3)
W/QueryController( 3639): parent = android.view.accessibility.AccessibilityNodeInfo@8000cacb; boundsInParent: Rect(0, 0 - 1080, 1920); boundsInScreen: Rect(0, 0 - 1080, 1920); packageName: com.fisike; className: android.widget.FrameLayout; text: null; error: null; maxTextLength: -1; contentDescription: null; viewIdResName: null; checkable: false; checked: false; focusable: false; focused: false; selected: false; clickable: false; longClickable: false; enabled: true; password: false; scrollable: false; actions: [AccessibilityAction: ACTION_SELECT - null, AccessibilityAction: ACTION_CLEAR_SELECTION - null, AccessibilityAction: ACTION_ACCESSIBILITY_FOCUS - null]
W/QueryController( 3639): AccessibilityNodeInfo returned a null child (1 of 3)
W/QueryController( 3639): AccessibilityNodeInfo returned a null child (2 of 3)
E/UiDevice( 3639): Exceuting watcher: ANR2
E/UiDevice( 3639): java.lang.IllegalStateException: UiAutomation not connected!
E/UiDevice( 3639): 	at android.app.UiAutomation.throwIfNotConnectedLocked(UiAutomation.java:914)
E/UiDevice( 3639): 	at android.app.UiAutomation.waitForIdle(UiAutomation.java:576)
E/UiDevice( 3639): 	at com.android.uiautomator.core.UiAutomatorBridge.waitForIdle(UiAutomatorBridge.java:96)
E/UiDevice( 3639): 	at com.android.uiautomator.core.UiAutomatorBridge.waitForIdle(UiAutomatorBridge.java:91)
E/UiDevice( 3639): 	at com.android.uiautomator.core.QueryController.findAccessibilityNodeInfo(QueryController.java:143)
E/UiDevice( 3639): 	at com.android.uiautomator.core.QueryController.findAccessibilityNodeInfo(QueryController.java:138)
E/UiDevice( 3639): 	at com.android.uiautomator.core.UiObject.findAccessibilityNodeInfo(UiObject.java:168)
E/UiDevice( 3639): 	at com.android.uiautomator.core.UiObject.waitForExists(UiObject.java:848)
E/UiDevice( 3639): 	at com.android.uiautomator.core.UiObject.exists(UiObject.java:899)
E/UiDevice( 3639): 	at com.android.uiautomator.common.UiWatchers$2.checkForCondition(UiWatchers.java:67)
E/UiDevice( 3639): 	at com.android.uiautomator.core.UiDevice.runWatchers(UiDevice.java:557)
E/UiDevice( 3639): 	at com.android.uiautomator.core.UiObject.findAccessibilityNodeInfo(UiObject.java:173)
E/UiDevice( 3639): 	at com.android.uiautomator.core.UiObject.waitForExists(UiObject.java:848)
E/UiDevice( 3639): 	at com.android.uiautomator.core.UiObject.exists(UiObject.java:899)
E/UiDevice( 3639): 	at io.appium.android.bootstrap.utils.TheWatchers.isDialogPresent(TheWatchers.java:35)
E/UiDevice( 3639): 	at io.appium.android.bootstrap.utils.TheWatchers.check(TheWatchers.java:20)
E/UiDevice( 3639): 	at io.appium.android.bootstrap.SocketServer$1.run(SocketServer.java:124)
E/UiDevice( 3639): 	at java.util.Timer$TimerImpl.run(Timer.java:284)
E/UiDevice( 3639): Exceuting watcher: ANR
E/UiDevice( 3639): java.lang.IllegalStateException: UiAutomation not connected!
E/UiDevice( 3639): 	at android.app.UiAutomation.throwIfNotConnectedLocked(UiAutomation.java:914)
E/UiDevice( 3639): 	at android.app.UiAutomation.waitForIdle(UiAutomation.java:576)
E/UiDevice( 3639): 	at com.android.uiautomator.core.UiAutomatorBridge.waitForIdle(UiAutomatorBridge.java:96)
E/UiDevice( 3639): 	at com.android.uiautomator.core.UiAutomatorBridge.waitForIdle(UiAutomatorBridge.java:91)
E/UiDevice( 3639): 	at com.android.uiautomator.core.QueryController.findAccessibilityNodeInfo(QueryController.java:143)
E/UiDevice( 3639): 	at com.android.uiautomator.core.QueryController.findAccessibilityNodeInfo(QueryController.java:138)
E/UiDevice( 3639): 	at com.android.uiautomator.core.UiObject.findAccessibilityNodeInfo(UiObject.java:168)
E/UiDevice( 3639): 	at com.android.uiautomator.core.UiObject.waitForExists(UiObject.java:848)
E/UiDevice( 3639): 	at com.android.uiautomator.core.UiObject.exists(UiObject.java:899)
E/UiDevice( 3639): 	at com.android.uiautomator.common.UiWatchers$1.checkForCondition(UiWatchers.java:47)
E/UiDevice( 3639): 	at com.android.uiautomator.core.UiDevice.runWatchers(UiDevice.java:557)
E/UiDevice( 3639): 	at com.android.uiautomator.core.UiObject.findAccessibilityNodeInfo(UiObject.java:173)
E/UiDevice( 3639): 	at com.android.uiautomator.core.UiObject.waitForExists(UiObject.java:848)
E/UiDevice( 3639): 	at com.android.uiautomator.core.UiObject.exists(UiObject.java:899)
E/UiDevice( 3639): 	at io.appium.android.bootstrap.utils.TheWatchers.isDialogPresent(TheWatchers.java:35)
E/UiDevice( 3639): 	at io.appium.android.bootstrap.utils.TheWatchers.check(TheWatchers.java:20)
E/UiDevice( 3639): 	at io.appium.android.bootstrap.SocketServer$1.run(SocketServer.java:124)
E/UiDevice( 3639): 	at java.util.Timer$TimerImpl.run(Timer.java:284)
E/UiDevice( 3639): Exceuting watcher: CRASH2
E/UiDevice( 3639): java.lang.IllegalStateException: UiAutomation not connected!
E/UiDevice( 3639): 	at android.app.UiAutomation.throwIfNotConnectedLocked(UiAutomation.java:914)
E/UiDevice( 3639): 	at android.app.UiAutomation.waitForIdle(UiAutomation.java:576)
E/UiDevice( 3639): 	at com.android.uiautomator.core.UiAutomatorBridge.waitForIdle(UiAutomatorBridge.java:96)
E/UiDevice( 3639): 	at com.android.uiautomator.core.UiAutomatorBridge.waitForIdle(UiAutomatorBridge.java:91)
E/UiDevice( 3639): 	at com.android.uiautomator.core.QueryController.findAccessibilityNodeInfo(QueryController.java:143)
E/UiDevice( 3639): 	at com.android.uiautomator.core.QueryController.findAccessibilityNodeInfo(QueryController.java:138)
E/UiDevice( 3639): 	at com.android.uiautomator.core.UiObject.findAccessibilityNodeInfo(UiObject.java:168)
E/UiDevice( 3639): 	at com.android.uiautomator.core.UiObject.waitForExists(UiObject.java:848)
E/UiDevice( 3639): 	at com.android.uiautomator.core.UiObject.exists(UiObject.java:899)
E/UiDevice( 3639): 	at com.android.uiautomator.common.UiWatchers$4.checkForCondition(UiWatchers.java:107)
E/UiDevice( 3639): 	at com.android.uiautomator.core.UiDevice.runWatchers(UiDevice.java:557)
E/UiDevice( 3639): 	at com.android.uiautomator.core.UiObject.findAccessibilityNodeInfo(UiObject.java:173)
E/UiDevice( 3639): 	at com.android.uiautomator.core.UiObject.waitForExists(UiObject.java:848)
E/UiDevice( 3639): 	at com.android.uiautomator.core.UiObject.exists(UiObject.java:899)
E/UiDevice( 3639): 	at io.appium.android.bootstrap.utils.TheWatchers.isDialogPresent(TheWatchers.java:35)
E/UiDevice( 3639): 	at io.appium.android.bootstrap.utils.TheWatchers.check(TheWatchers.java:20)
E/UiDevice( 3639): 	at io.appium.android.bootstrap.SocketServer$1.run(SocketServer.java:124)
E/UiDevice( 3639): 	at java.util.Timer$TimerImpl.run(Timer.java:284)
W/InputMethodManagerService( 1487): Starting input on non-focused client com.android.internal.view.IInputMethodClient$Stub$Proxy@1699b27c (uid=10077 pid=3669)
W/art     ( 1487): Long monitor contention event with owner method=void com.android.server.accessibility.AccessibilityManagerService.unregisterUiTestAutomationService(android.accessibilityservice.IAccessibilityServiceClient) from AccessibilityManagerService.java:660 waiters=1 for 586ms
I/Choreographer( 1770): Skipped 48 frames!  The application may be doing too much work on its main thread.
W/art     ( 1487): Long monitor contention event with owner method=void com.android.server.accessibility.AccessibilityManagerService.unregisterUiTestAutomationService(android.accessibilityservice.IAccessibilityServiceClient) from AccessibilityManagerService.java:660 waiters=2 for 578ms
I/art     ( 3639): System.exit called, status: 0
I/AndroidRuntime( 3639): VM exiting with result code 0.
W/IInputConnectionWrapper( 3669): showStatusIcon on inactive InputConnection
W/ResourceType( 1608): No package identifier when getting value for resource number 0x00000000
W/PackageManager( 1608): Failure retrieving resources for com.fisike: Resource ID #0x0
I/MicrophoneInputStream( 1990): mic_starting gzi@1fb7bcac
E/audio_hw_generic( 1134): Error opening input stream format 1, channel_mask 0010, sample_rate 16000
I/HotwordRecognitionRnr( 1990): Starting hotword detection.
I/AudioFlinger( 1134): AudioFlinger's thread 0xf5936000 ready to run
I/MicrophoneInputStream( 1990): mic_started gzi@1fb7bcac
I/HotwordWorker( 1990): onReady
I/Icing   ( 2134): Usage reports 0 indexed 0 rejected 0 imm upload true
I/OtpActivity( 3669): On Save Instance State
I/OTPInitializingFragment( 3669): On Stop
I/OtpActivity( 3669): On Stop
W/OpenGLRenderer( 1770): Incorrectly called buildLayer on View: aep, destroying layer...
D/ConnectivityService( 1487): reportBadNetwork(NetworkAgentInfo [MOBILE (LTE) - 100]) by 10007
D/NetworkMonitor/NetworkAgentInfo [MOBILE (LTE) - 100]( 1487): ValidatedState{ when=-1ms what=532488 arg1=10007 target=com.android.internal.util.StateMachine$SmHandler }
D/NetworkMonitor/NetworkAgentInfo [MOBILE (LTE) - 100]( 1487): DefaultState{ when=-1ms what=532488 arg1=10007 target=com.android.internal.util.StateMachine$SmHandler }
D/NetworkMonitor/NetworkAgentInfo [MOBILE (LTE) - 100]( 1487): Forcing reevaluation
D/NetworkMonitor/NetworkAgentInfo [MOBILE (LTE) - 100]( 1487): EvaluatingState{ when=-1ms what=532486 arg1=2 target=com.android.internal.util.StateMachine$SmHandler }
D/NetworkMonitor/NetworkAgentInfo [MOBILE (LTE) - 100]( 1487): Checking http://connectivitycheck.android.com/generate_204 on epc.tmobile.com
D/NetworkMonitor/NetworkAgentInfo [MOBILE (LTE) - 100]( 1487): isCaptivePortal: ret=204 headers={null=[HTTP/1.1 204 No Content], Content-Length=[0], Date=[Mon, 03 Apr 2017 12:10:39 GMT], X-Android-Received-Millis=[1491221447267], X-Android-Response-Source=[NETWORK 204], X-Android-Sent-Millis=[1491221446946]}
D/NetworkMonitor/NetworkAgentInfo [MOBILE (LTE) - 100]( 1487): Don't send network conditions - lacking user consent.
D/NetworkMonitor/NetworkAgentInfo [MOBILE (LTE) - 100]( 1487): Validated
D/ConnectivityService( 1487): setProvNotificationVisibleIntent: E visible=false networkType=0 extraInfo=null
D/ConnectivityService( 1487): Validated NetworkAgentInfo [MOBILE (LTE) - 100]
W/AudioTrack( 1487): AUDIO_OUTPUT_FLAG_FAST denied by client
I/MicrophoneInputStream( 1990): mic_close gzi@1fb7bcac
I/HotwordRecognitionRnr( 1990): Stopping hotword detection.
I/HotwordRecognitionRnr( 1990): Hotword detection finished
I/ActivityManager( 1487): START u0 {act=android.settings.APPLICATION_DETAILS_SETTINGS dat=package:com.fisike flg=0x10808000 cmp=com.android.settings/.applications.InstalledAppDetails} from uid 1000 on display 0
V/WindowManager( 1487): addAppToken: AppWindowToken{1990cb7b token=Token{2344d70a ActivityRecord{a40ab75 u0 com.android.settings/.applications.InstalledAppDetails t177}}} to stack=1 task=177 at 1
V/WindowManager( 1487): Based on layer: Adding window Window{2fd81edc u0 Starting com.android.settings} at 3 of 10
V/WindowManager( 1487): Adding window Window{1c74a26a u0 com.android.settings/com.android.settings.applications.InstalledAppDetails} at 3 of 11 (before Window{2fd81edc u0 Starting com.android.settings})
W/EGL_emulation( 2554): eglSurfaceAttrib not implemented
W/OpenGLRenderer( 2554): Failed to set EGL_SWAP_BEHAVIOR on surface 0x7fcdc34b2940, error=EGL_SUCCESS
I/ActivityManager( 1487): Displayed com.android.settings/.applications.InstalledAppDetails: +770ms
W/AudioTrack( 1487): AUDIO_OUTPUT_FLAG_FAST denied by client
V/WindowManager( 1487): not Base app: Adding window Window{84f22d3 u0 com.android.settings/com.android.settings.applications.InstalledAppDetails} at 4 of 11
W/EGL_emulation( 2554): eglSurfaceAttrib not implemented
W/OpenGLRenderer( 2554): Failed to set EGL_SWAP_BEHAVIOR on surface 0x7fcdc352b5c0, error=EGL_SUCCESS
I/InstalledAppDetails( 2554): Clearing user data for package : com.fisike
I/ActivityManager( 1487): Force stopping com.fisike appid=10077 user=0: clear data
I/ActivityManager( 1487): Killing 3669:com.fisike/u0a77 (adj 7): stop com.fisike
W/AudioTrack( 1487): AUDIO_OUTPUT_FLAG_FAST denied by client
W/InputDispatcher( 1487): channel '18c63baa com.fisike/com.mphrx.fisike_physician.activity.OtpActivity (server)' ~ Consumer closed input channel or an error occurred.  events=0x9
E/InputDispatcher( 1487): channel '18c63baa com.fisike/com.mphrx.fisike_physician.activity.OtpActivity (server)' ~ Channel is unrecoverably broken and will be disposed!
I/WindowState( 1487): WIN DEATH: Window{18c63baa u0 com.fisike/com.mphrx.fisike_physician.activity.OtpActivity}
W/InputDispatcher( 1487): Attempted to unregister already unregistered input channel '18c63baa com.fisike/com.mphrx.fisike_physician.activity.OtpActivity (server)'
I/ActivityManager( 1487):   Force finishing activity 3 ActivityRecord{13c9839e u0 com.fisike/com.mphrx.fisike_physician.activity.OtpActivity t180}
W/ActivityManager( 1487): Spurious death for ProcessRecord{12560e3e 3669:com.fisike/u0a77}, curProc for 3669: null
D/TaskPersister( 1487): removeObsoleteFile: deleting file=180_task.xml
D/TaskPersister( 1487): removeObsoleteFile: deleting file=180_task_thumbnail.png
W/GeofencerStateMachine( 2108): Ignoring removeGeofence because network location is disabled.
D/Documents( 3116): Update found 6 roots in 8ms
W/InputMethodManagerService( 1487): Window already focused, ignoring focus gain of: com.android.internal.view.IInputMethodClient$Stub$Proxy@3bce194b attribute=null, token = android.os.BinderProxy@322d0855
I/LocationSettingsChecker( 2134): Removing dialog suppression flag for package com.fisike
I/InstalledAppDetails( 2554): Cleared user data for package : com.fisike
W/ContentTaskController( 2108): Invalid task was provided to stopTracking.
I/Icing   ( 2134): doRemovePackageData com.fisike
W/Settings( 2134): Setting adb_enabled has moved from android.provider.Settings.Secure to android.provider.Settings.Global.
W/GLSUser ( 2108): [DeviceKeyStore] Cannot load key: Device key file not found.
E/Drm     ( 1134): Failed to find drm plugin
W/DG.WV   ( 2712): Widevine DRM not supported on this device
W/DG.WV   ( 2712): android.media.UnsupportedSchemeException: Failed to instantiate drm object.
W/DG.WV   ( 2712): 	at android.media.MediaDrm.native_setup(Native Method)
W/DG.WV   ( 2712): 	at android.media.MediaDrm.<init>(MediaDrm.java:180)
W/DG.WV   ( 2712): 	at obk.a(:com.google.android.gms:119)
W/DG.WV   ( 2712): 	at nyd.run(:com.google.android.gms:1092)
W/DG.WV   ( 2712): 	at kzi.run(:com.google.android.gms:450)
W/DG.WV   ( 2712): 	at java.util.concurrent.ThreadPoolExecutor.runWorker(ThreadPoolExecutor.java:1112)
W/DG.WV   ( 2712): 	at java.util.concurrent.ThreadPoolExecutor$Worker.run(ThreadPoolExecutor.java:587)
W/DG.WV   ( 2712): 	at ldm.run(:com.google.android.gms:17)
W/DG.WV   ( 2712): 	at java.lang.Thread.run(Thread.java:818)
D/        ( 2712): HostConnection::get() New Host Connection established 0x7fcdd24a1c80, tid 2726
W/Conscrypt( 2108): Could not set socket write timeout: null
W/Conscrypt( 2108): Could not set socket write timeout: null
W/GLSUser ( 2108): [AppCertManager] IOException while requesting key: 
W/GLSUser ( 2108): java.io.IOException: Invalid device key response.
W/GLSUser ( 2108): 	at enr.a(:com.google.android.gms:282)
W/GLSUser ( 2108): 	at enr.a(:com.google.android.gms:4237)
W/GLSUser ( 2108): 	at enq.a(:com.google.android.gms:46)
W/GLSUser ( 2108): 	at enk.a(:com.google.android.gms:53)
W/GLSUser ( 2108): 	at enj.a(:com.google.android.gms:111)
W/GLSUser ( 2108): 	at com.google.android.gms.auth.account.be.legacy.AuthCronChimeraService.b(:com.google.android.gms:4052)
W/GLSUser ( 2108): 	at dxg.call(:com.google.android.gms:2043)
W/GLSUser ( 2108): 	at java.util.concurrent.FutureTask.run(FutureTask.java:237)
W/GLSUser ( 2108): 	at kzi.run(:com.google.android.gms:450)
W/GLSUser ( 2108): 	at java.util.concurrent.ThreadPoolExecutor.runWorker(ThreadPoolExecutor.java:1112)
W/GLSUser ( 2108): 	at java.util.concurrent.ThreadPoolExecutor$Worker.run(ThreadPoolExecutor.java:587)
W/GLSUser ( 2108): 	at ldm.run(:com.google.android.gms:17)
W/GLSUser ( 2108): 	at java.lang.Thread.run(Thread.java:818)
W/ContentTaskController( 2108): Invalid newTask was provided to startTracking.
D/AndroidRuntime( 3800): >>>>>> START com.android.internal.os.RuntimeInit uid 0 <<<<<<
D/AndroidRuntime( 3800): CheckJNI is ON
E/memtrack( 3800): Couldn't load memtrack module (No such file or directory)
E/android.os.Debug( 3800): failed to load memtrack module: -2
D/AndroidRuntime( 3800): Calling main entry com.android.commands.pm.Pm
D/DefContainer( 2935): Copying /data/local/tmp/settings_apk-debug.apk to base.apk
I/PackageParser( 1487): io.appium.settings: compat added android.permission.WRITE_EXTERNAL_STORAGE
D/PackageManager( 1487): Renaming /data/app/vmdl503705360.tmp to /data/app/io.appium.settings-2
W/PackageManager( 1487): Attempt to re-install io.appium.settings without first uninstalling.
I/art     ( 1487): Explicit concurrent mark sweep GC freed 12698(662KB) AllocSpace objects, 6(1449KB) LOS objects, 26% free, 11MB/15MB, paused 500us total 19.201ms
I/art     ( 3800): System.exit called, status: 1
I/AndroidRuntime( 3800): VM exiting with result code 1.
D/AndroidRuntime( 3818): >>>>>> START com.android.internal.os.RuntimeInit uid 0 <<<<<<
D/AndroidRuntime( 3818): CheckJNI is ON
E/memtrack( 3818): Couldn't load memtrack module (No such file or directory)
E/android.os.Debug( 3818): failed to load memtrack module: -2
D/AndroidRuntime( 3818): Calling main entry com.android.commands.pm.Pm
D/DefContainer( 2935): Copying /data/local/tmp/unlock_apk-debug.apk to base.apk
D/PackageManager( 1487): Renaming /data/app/vmdl560225795.tmp to /data/app/io.appium.unlock-2
W/PackageManager( 1487): Attempt to re-install io.appium.unlock without first uninstalling.
I/art     ( 1487): Explicit concurrent mark sweep GC freed 4638(279KB) AllocSpace objects, 3(1328KB) LOS objects, 28% free, 9MB/13MB, paused 675us total 20.427ms
I/art     ( 3818): System.exit called, status: 1
I/AndroidRuntime( 3818): VM exiting with result code 1.
D/AndroidRuntime( 3835): >>>>>> START com.android.internal.os.RuntimeInit uid 0 <<<<<<
D/AndroidRuntime( 3835): CheckJNI is ON
E/memtrack( 3835): Couldn't load memtrack module (No such file or directory)
E/android.os.Debug( 3835): failed to load memtrack module: -2
D/AndroidRuntime( 3835): Calling main entry com.android.commands.uiautomator.Launcher
I/UiWatchers( 3835): Registed GUI Exception watchers
D/AndroidRuntime( 3853): >>>>>> START com.android.internal.os.RuntimeInit uid 0 <<<<<<
D/AndroidRuntime( 3853): CheckJNI is ON
E/memtrack( 3853): Couldn't load memtrack module (No such file or directory)
E/android.os.Debug( 3853): failed to load memtrack module: -2
D/AndroidRuntime( 3853): Calling main entry com.android.commands.am.Am
I/ActivityManager( 1487): Force stopping com.fisike appid=10077 user=0: from pid 3853
I/ActivityManager( 1487): START u0 {act=android.intent.action.MAIN cat=[android.intent.category.LAUNCHER] flg=0x10200000 cmp=com.fisike/com.mphrx.fisike.SplashActivity} from uid 0 on display 0
V/WindowManager( 1487): addAppToken: AppWindowToken{31cd9215 token=Token{2ed88fcc ActivityRecord{1654a5ff u0 com.fisike/com.mphrx.fisike.SplashActivity t181}}} to stack=1 task=181 at 0
V/WindowManager( 1487): Adding window Window{13670c64 u0 Starting com.fisike} at 3 of 10 (after Window{1c74a26a u0 com.android.settings/com.android.settings.applications.InstalledAppDetails})
D/        ( 1487): HostConnection::get() New Host Connection established 0x7fcdbe8b9980, tid 1501
E/EGL_emulation( 1123): tid 1123: eglCreateSyncKHR(1299): error 0x3004 (EGL_BAD_ATTRIBUTE)
D/AndroidRuntime( 3853): Shutting down VM
I/ActivityManager( 1487): Start proc 3865:com.fisike/u0a77 for activity com.fisike/com.mphrx.fisike.SplashActivity
I/MultiDex( 3865): VM with version 2.1.0 has multidex support
I/MultiDex( 3865): install
I/MultiDex( 3865): VM has multidex support, MultiDex support library is disabled.
W/ActivityManager( 1487): getRunningAppProcesses: caller 10077 does not hold REAL_GET_TASKS; limiting output
I/GMPM    ( 3865): App measurement is starting up
E/GMPM    ( 3865): getGoogleAppId failed with status: 10
E/GMPM    ( 3865): Uploading is not possible. App measurement disabled
I/CrashlyticsCore( 3865): Initializing Crashlytics 2.3.6.92
E/QueryController( 3835): Got null root node from accessibility - Retrying...
W/linker  ( 3865): libsqlcipher_android.so has text relocations. This is wasting memory and prevents security hardening. Please fix.
I/Database( 3865): JNI_OnLoad called
I/Database( 3865): JNI_OnLoad register methods 
E/QueryController( 3835): Got null root node from accessibility - Retrying...
E/QueryController( 3835): Got null root node from accessibility - Retrying...
E/QueryController( 3835): Cannot proceed when root node is null. Aborted search
W/art     ( 3835): Long monitor contention event with owner method=android.view.accessibility.AccessibilityNodeInfo com.android.uiautomator.core.QueryController.findAccessibilityNodeInfo(com.android.uiautomator.core.UiSelector, boolean) from QueryController.java:149 waiters=0 for 1.033s
E/QueryController( 3835): Got null root node from accessibility - Retrying...
D/Fisike  ( 3865): com.mphrx.fisike.persistence.onCreate
I/Database( 3865): sqlite returned: error code = 1, msg = no such table: QuestionMO
E/Database( 3865): Failure 1 (no such table: QuestionMO) on 0xf4058d88 when preparing 'ALTER TABLE QuestionMO ADD RFU1 BLOB'.
W/System.err( 3865): net.sqlcipher.database.SQLiteException: no such table: QuestionMO: ALTER TABLE QuestionMO ADD RFU1 BLOB
W/System.err( 3865): 	at net.sqlcipher.database.SQLiteDatabase.native_execSQL(Native Method)
W/System.err( 3865): 	at net.sqlcipher.database.SQLiteDatabase.execSQL(SQLiteDatabase.java:1825)
W/System.err( 3865): 	at com.mphrx.fisike.persistence.DBManager.addColumns(DBManager.java:113)
W/System.err( 3865): 	at com.mphrx.fisike.persistence.DBManager.onCreate(DBManager.java:73)
W/System.err( 3865): 	at net.sqlcipher.database.SQLiteOpenHelper.getWritableDatabase(SQLiteOpenHelper.java:141)
W/System.err( 3865): 	at net.sqlcipher.database.SQLiteOpenHelper.getWritableDatabase(SQLiteOpenHelper.java:99)
W/System.err( 3865): 	at com.mphrx.fisike.persistence.DBHelper.open(DBHelper.java:45)
W/System.err( 3865): 	at com.mphrx.fisike.persistence.DBHelper.getInstance(DBHelper.java:31)
W/System.err( 3865): 	at com.mphrx.fisike.persistence.ConfigDBAdapter.open(ConfigDBAdapter.java:63)
W/System.err( 3865): 	at com.mphrx.fisike.persistence.ConfigDBAdapter.getInstance(ConfigDBAdapter.java:46)
W/System.err( 3865): 	at com.mphrx.fisike.platform.ConfigManager.getConfig(ConfigManager.java:30)
W/System.err( 3865): 	at com.mphrx.fisike.utils.Utils.checkIsToLogoutUser(Utils.java:3405)
W/System.err( 3865): 	at com.mphrx.fisike.SplashActivity.onCreate(SplashActivity.java:68)
W/System.err( 3865): 	at android.app.Activity.performCreate(Activity.java:5990)
W/System.err( 3865): 	at android.app.Instrumentation.callActivityOnCreate(Instrumentation.java:1106)
W/System.err( 3865): 	at android.app.ActivityThread.performLaunchActivity(ActivityThread.java:2278)
W/System.err( 3865): 	at android.app.ActivityThread.handleLaunchActivity(ActivityThread.java:2387)
W/System.err( 3865): 	at android.app.ActivityThread.access$800(ActivityThread.java:151)
W/System.err( 3865): 	at android.app.ActivityThread$H.handleMessage(ActivityThread.java:1303)
W/System.err( 3865): 	at android.os.Handler.dispatchMessage(Handler.java:102)
W/System.err( 3865): 	at android.os.Looper.loop(Looper.java:135)
W/System.err( 3865): 	at android.app.ActivityThread.main(ActivityThread.java:5254)
W/System.err( 3865): 	at java.lang.reflect.Method.invoke(Native Method)
W/System.err( 3865): 	at java.lang.reflect.Method.invoke(Method.java:372)
W/System.err( 3865): 	at com.android.internal.os.ZygoteInit$MethodAndArgsCaller.run(ZygoteInit.java:903)
W/System.err( 3865): 	at com.android.internal.os.ZygoteInit.main(ZygoteInit.java:698)
D/CREATEVITALSTABLE:( 3865): CREATE TABLE Vitals(VitalsParamID varchar(255) PRIMARY KEY NOT NULL,VitalsDate varchar(255),VitalsLabName varchar(255),VitalsPatientName varchar(255),VitalsUnit varchar(255),VitalsValue varchar(255),VitalsRange varchar(255),VitalsID varchar(255))
E/QueryController( 3835): Got null root node from accessibility - Retrying...
E/QueryController( 3835): Got null root node from accessibility - Retrying...
I/Update Preferences( 3865): Key = LAST_INTERACTION_TIME Value = 1491221480306
D/OpenGLRenderer( 3865): Use EGL_SWAP_BEHAVIOR_PRESERVED: true
V/WindowManager( 1487): Adding window Window{26eccafb u0 com.fisike/com.mphrx.fisike.SplashActivity} at 3 of 11 (before Window{13670c64 u0 Starting com.fisike})
D/        ( 3865): HostConnection::get() New Host Connection established 0xf43cddc0, tid 3913
I/OpenGLRenderer( 3865): Initialized EGL, version 1.4
D/OpenGLRenderer( 3865): Enabling debug mode 0
W/EGL_emulation( 3865): eglSurfaceAttrib not implemented
W/OpenGLRenderer( 3865): Failed to set EGL_SWAP_BEHAVIOR on surface 0xe1039d80, error=EGL_SUCCESS
W/art     ( 3865): Long monitor contention event with owner method=void com.google.android.gms.common.zzd.<init>() from :4294967295 waiters=0 for 2.431s
W/art     ( 3865): Long monitor contention event with owner method=void com.google.android.gms.common.zzd.<init>() from :4294967295 waiters=1 for 2.311s
W/art     ( 3835): Long monitor contention event with owner method=android.view.accessibility.AccessibilityNodeInfo com.android.uiautomator.core.QueryController.findAccessibilityNodeInfo(com.android.uiautomator.core.UiSelector, boolean) from QueryController.java:149 waiters=0 for 795ms
I/ActivityManager( 1487): Displayed com.fisike/com.mphrx.fisike.SplashActivity: +2s699ms
I/UpdateVersionRequest( 3865): https://get.fisike.com/minerva/util/getMobileAppConfig
I/APIObjectRequest( 3865): {api-info=V1|1.6|Android|Android SDK built for x86_64|1080X1776|Android |5.1.1|Android|4G}
I/UpdateVersionRequest( 3865): {"medicationReminderTiming":{"Before Breakfast (BB)":"8:00:00","After Breakfast (AB)":"8:30:00","Before Lunch (BL)":"13:00:00","After Lunch (AL)":"13:30:00","Before Dinner (BD)":"20:00:00","After Dinner (AD)":"20:30:00"},"iosPatientApp":{"softVersion":"0","forceVersion":"10"},"iosPhysicianApp":{"softVersion":"0","forceVersion":"0"},"androidPatientApp":{"softVersion":"0","forceVersion":"22"},"androidPhysicianApp":{"softVersion":"0","forceVersion":"33"},"experience":["<1","1","2","3","4","5","6","7","8","9","10","11","12","13","14","15","16","17","18","19","20","21","22","23","24","25","26","27","28","29","30",">30"],"roles":["Specialist","Doctor","Junior Doctor","Nurse"],"passwordConfig":{"characterSet":["A-Z","a-z","0-9","!@#$%^&*()_-+={}[]|:;<,>.?\/\"\""],"characterSetRegex":"[~` ]","minPasswordLength":"6","maxNoOfFailedAttempts":"3","autoLockMinutes":"0","passwordExpiryTimeoutDays":"0","passwordHistoryCount":"0","defaultPasswordType":""},"alternateContactPromptInDays":30,"pinTimeInMinute":5,"isSelfSignUpAvailable":true,"headers":{"Cache-Control":"max-age=3600","Content-Type":"application\/json;charset=UTF-8","Date":"Mon, 03 Apr 2017 12:11:14 GMT","Expires":"Mon, 03 Apr 2017 13:11:14 GMT","Server":"nginx\/1.4.6 (Ubuntu)","Transfer-Encoding":"chunked","Vary":"Accept-Encoding","X-Android-Received-Millis":"1491221482015","X-Android-Response-Source":"NETWORK 200","X-Android-Sent-Millis":"1491221481685"}}
I/Update Preferences( 3865): Key = DEFAULT_PASSWORD_TYPE Value = 
I/Update Preferences( 3865): Key = PASSWORD_LENGTH Value = 6
I/Update Preferences( 3865): Key = PASSOWORD_REGEX Value = ["A-Z","a-z","0-9","!@#$%^&*()_-+={}[]|:;<,>.?\/\"\""]
I/Update Preferences( 3865): Key = PASSWORD_HISTORY_COUNT Value = 0
I/Update Preferences( 3865): Key = IS_SELF_SIGNUP_ENABLED Value = true
I/Update Preferences( 3865): Key = UPDATE_VERSION_TIME_STAMP Value = 1491221482992
I/ActivityManager( 1487): START u0 {cmp=com.fisike/com.mphrx.fisike.AppTour.AppTourActivity} from uid 10077 on display 0
V/WindowManager( 1487): addAppToken: AppWindowToken{3763b130 token=Token{6239e73 ActivityRecord{613bae2 u0 com.fisike/com.mphrx.fisike.AppTour.AppTourActivity t181}}} to stack=1 task=181 at 1
W/ActivityManager( 1487): Duplicate finish request for ActivityRecord{1654a5ff u0 com.fisike/com.mphrx.fisike.SplashActivity t181 f}
V/WindowManager( 1487): Adding window Window{4b6a32e u0 com.fisike/com.mphrx.fisike.AppTour.AppTourActivity} at 4 of 11 (after Window{26eccafb u0 com.fisike/com.mphrx.fisike.SplashActivity})
I/art     ( 3865): Background sticky concurrent mark sweep GC freed 68(4KB) AllocSpace objects, 0(0B) LOS objects, 0% free, 27MB/27MB, paused 7.679ms total 15.138ms
I/art     ( 3865): Background partial concurrent mark sweep GC freed 8010(486KB) AllocSpace objects, 1(16KB) LOS objects, 12% free, 27MB/31MB, paused 5.810ms total 29.459ms
W/FragmentManager( 3865): moveToState: Fragment state for AppTourScreenSliderFragmentScreen2{3cb95d25 #0 id=0x7f0d009d} not updated inline; expected state 3 found 2
W/EGL_emulation( 3865): eglSurfaceAttrib not implemented
W/OpenGLRenderer( 3865): Failed to set EGL_SWAP_BEHAVIOR on surface 0xe11171e0, error=EGL_SUCCESS
W/art     ( 3835): Long monitor contention event with owner method=android.view.accessibility.AccessibilityNodeInfo com.android.uiautomator.core.QueryController.findAccessibilityNodeInfo(com.android.uiautomator.core.UiSelector, boolean) from QueryController.java:149 waiters=0 for 466ms
I/Choreographer( 3865): Skipped 56 frames!  The application may be doing too much work on its main thread.
W/art     ( 3835): Long monitor contention event with owner method=android.view.accessibility.AccessibilityNodeInfo com.android.uiautomator.core.QueryController.findAccessibilityNodeInfo(com.android.uiautomator.core.UiSelector, boolean) from QueryController.java:149 waiters=0 for 2.260s
W/art     ( 3835): Long monitor contention event with owner method=android.view.accessibility.AccessibilityNodeInfo com.android.uiautomator.core.QueryController.findAccessibilityNodeInfo(com.android.uiautomator.core.UiSelector, boolean) from QueryController.java:149 waiters=1 for 1.323s
I/ActivityManager( 1487): Displayed com.fisike/com.mphrx.fisike.AppTour.AppTourActivity: +2s900ms
I/QueryController( 3835): Matched selector: UiSelector[INSTANCE=0, RESOURCE_ID=com.fisike:id/btn_skip] <<==>> [android.view.accessibility.AccessibilityNodeInfo@80009dcb; boundsInParent: Rect(0, 0 - 94, 69); boundsInScreen: Rect(941, 1662 - 1035, 1731); packageName: com.fisike; className: android.widget.Button; text: Skip ; error: null; maxTextLength: -1; contentDescription: null; viewIdResName: com.fisike:id/btn_skip; checkable: false; checked: false; focusable: true; focused: false; selected: false; clickable: true; longClickable: false; enabled: true; password: false; scrollable: false; actions: [AccessibilityAction: ACTION_FOCUS - null, AccessibilityAction: ACTION_SELECT - null, AccessibilityAction: ACTION_CLEAR_SELECTION - null, AccessibilityAction: ACTION_CLICK - null, AccessibilityAction: ACTION_ACCESSIBILITY_FOCUS - null, AccessibilityAction: ACTION_NEXT_AT_MOVEMENT_GRANULARITY - null, AccessibilityAction: ACTION_PREVIOUS_AT_MOVEMENT_GRANULARITY - null, AccessibilityAction: ACTION_SET_SELECTION - null]]
I/QueryController( 3835): Matched selector: UiSelector[INSTANCE=0, RESOURCE_ID=com.fisike:id/btn_skip] <<==>> [android.view.accessibility.AccessibilityNodeInfo@80009dcb; boundsInParent: Rect(0, 0 - 94, 69); boundsInScreen: Rect(941, 1662 - 1035, 1731); packageName: com.fisike; className: android.widget.Button; text: Skip ; error: null; maxTextLength: -1; contentDescription: null; viewIdResName: com.fisike:id/btn_skip; checkable: false; checked: false; focusable: true; focused: false; selected: false; clickable: true; longClickable: false; enabled: true; password: false; scrollable: false; actions: [AccessibilityAction: ACTION_FOCUS - null, AccessibilityAction: ACTION_SELECT - null, AccessibilityAction: ACTION_CLEAR_SELECTION - null, AccessibilityAction: ACTION_CLICK - null, AccessibilityAction: ACTION_ACCESSIBILITY_FOCUS - null, AccessibilityAction: ACTION_NEXT_AT_MOVEMENT_GRANULARITY - null, AccessibilityAction: ACTION_PREVIOUS_AT_MOVEMENT_GRANULARITY - null, AccessibilityAction: ACTION_SET_SELECTION - null]]
D/InteractionController( 3835): clickAndSync(988, 1696)
W/AudioTrack( 1487): AUDIO_OUTPUT_FLAG_FAST denied by client
I/ActivityManager( 1487): START u0 {cmp=com.fisike/com.mphrx.fisike_physician.activity.OtpActivity} from uid 10077 on display 0
V/WindowManager( 1487): addAppToken: AppWindowToken{1183ea06 token=Token{2fac7ce1 ActivityRecord{ec07648 u0 com.fisike/com.mphrx.fisike_physician.activity.OtpActivity t181}}} to stack=1 task=181 at 2
I/OtpActivity( 3865): On Create
I/OtpActivity( 3865): Bus Registered
I/AppCompatViewInflater( 3865): app:theme is now deprecated. Please move to using android:theme instead.
W/art     ( 3865): Before Android 4.1, method android.graphics.PorterDuffColorFilter android.support.graphics.drawable.VectorDrawableCompat.updateTintFilter(android.graphics.PorterDuffColorFilter, android.content.res.ColorStateList, android.graphics.PorterDuff$Mode) would have incorrectly overridden the package-private method in android.graphics.drawable.Drawable
I/OTPInitializingFragment( 3865): On Attach
I/Update Preferences( 3865): Key = OLD_EMAIL_AND_MOBILE Value = false
I/Update Preferences( 3865): Key = OLD_ISMOBILE_ENABLED Value = true
I/Update Preferences( 3865): Key = Mobile enabled Value = true
I/Update Preferences( 3865): Key = Email and Mobile Value = false
I/OTPInitializingFragment( 3865): On Create
I/AppCompatViewInflater( 3865): app:theme is now deprecated. Please move to using android:theme instead.
I/OTPInitializingFragment( 3865): On Activity Created
I/Country code..( 3865): 1
I/Update Preferences( 3865): Key = OLD_COUNTRY_CODE Value = 
I/Update Preferences( 3865): Key = OLD_MOBILE_NUMBER Value = 
D/admin created shared( 3865): false
I/Update Preferences( 3865): Key = adminCreatedPasswordNeverChanged Value = false
I/OtpActivity( 3865): On Start
I/OTPInitializingFragment( 3865): On Start
I/OtpActivity( 3865): On Post Create
I/Update Preferences( 3865): Key = LAST_INTERACTION_TIME Value = 1491221487446
I/OtpActivity( 3865): On Resume
I/OTPInitializingFragment( 3865): On Resume
I/OtpActivity( 3865): On Post Resume
V/WindowManager( 1487): Adding window Window{18aaef4 u0 com.fisike/com.mphrx.fisike_physician.activity.OtpActivity} at 4 of 11 (after Window{4b6a32e u0 com.fisike/com.mphrx.fisike.AppTour.AppTourActivity})
W/EGL_emulation( 3865): eglSurfaceAttrib not implemented
W/OpenGLRenderer( 3865): Failed to set EGL_SWAP_BEHAVIOR on surface 0xe1039d80, error=EGL_SUCCESS
I/Choreographer( 3865): Skipped 72 frames!  The application may be doing too much work on its main thread.
W/InteractionController( 3835): runAndwaitForEvent timedout waiting for events
I/LatinIME( 1668): Starting input. Cursor position = 0,0
I/ActivityManager( 1487): Displayed com.fisike/com.mphrx.fisike_physician.activity.OtpActivity: +4s2ms
I/Choreographer( 3865): Skipped 159 frames!  The application may be doing too much work on its main thread.
W/art     ( 3835): Long monitor contention event with owner method=android.view.accessibility.AccessibilityNodeInfo com.android.uiautomator.core.QueryController.findAccessibilityNodeInfo(com.android.uiautomator.core.UiSelector, boolean) from QueryController.java:149 waiters=0 for 1.168s
I/QueryController( 3835): Matched selector: UiSelector[CLASS=android.widget.EditText, INSTANCE=0] <<==>> [android.view.accessibility.AccessibilityNodeInfo@8000cad8; boundsInParent: Rect(0, 0 - 663, 120); boundsInScreen: Rect(321, 532 - 984, 652); packageName: com.fisike; className: android.widget.EditText; text: null; error: null; maxTextLength: 14; contentDescription: null; viewIdResName: null; checkable: false; checked: false; focusable: true; focused: true; selected: false; clickable: true; longClickable: true; enabled: true; password: false; scrollable: false; actions: [AccessibilityAction: ACTION_CLEAR_FOCUS - null, AccessibilityAction: ACTION_SELECT - null, AccessibilityAction: ACTION_CLEAR_SELECTION - null, AccessibilityAction: ACTION_CLICK - null, AccessibilityAction: ACTION_LONG_CLICK - null, AccessibilityAction: ACTION_ACCESSIBILITY_FOCUS - null]]
W/art     ( 3835): Long monitor contention event with owner method=android.view.accessibility.AccessibilityNodeInfo com.android.uiautomator.core.QueryController.findAccessibilityNodeInfo(com.android.uiautomator.core.UiSelector, boolean) from QueryController.java:149 waiters=1 for 435ms
W/EGL_emulation( 1668): eglSurfaceAttrib not implemented
W/OpenGLRenderer( 1668): Failed to set EGL_SWAP_BEHAVIOR on surface 0x7fcdd25ad900, error=EGL_SUCCESS
I/QueryController( 3835): Matched selector: UiSelector[CLASS=android.widget.EditText, INSTANCE=0] <<==>> [android.view.accessibility.AccessibilityNodeInfo@8000cad8; boundsInParent: Rect(0, 0 - 663, 120); boundsInScreen: Rect(321, 532 - 984, 652); packageName: com.fisike; className: android.widget.EditText; text: null; error: null; maxTextLength: 14; contentDescription: null; viewIdResName: null; checkable: false; checked: false; focusable: true; focused: true; selected: false; clickable: true; longClickable: true; enabled: true; password: false; scrollable: false; actions: [AccessibilityAction: ACTION_CLEAR_FOCUS - null, AccessibilityAction: ACTION_SELECT - null, AccessibilityAction: ACTION_CLEAR_SELECTION - null, AccessibilityAction: ACTION_CLICK - null, AccessibilityAction: ACTION_LONG_CLICK - null, AccessibilityAction: ACTION_ACCESSIBILITY_FOCUS - null]]
D/UiObject( 3835): getText() = 
I/QueryController( 3835): Matched selector: UiSelector[CLASS=android.widget.EditText, INSTANCE=0] <<==>> [android.view.accessibility.AccessibilityNodeInfo@8000cad8; boundsInParent: Rect(0, 0 - 663, 120); boundsInScreen: Rect(321, 532 - 984, 652); packageName: com.fisike; className: android.widget.EditText; text: null; error: null; maxTextLength: 14; contentDescription: null; viewIdResName: null; checkable: false; checked: false; focusable: true; focused: true; selected: false; clickable: true; longClickable: true; enabled: true; password: false; scrollable: false; actions: [AccessibilityAction: ACTION_CLEAR_FOCUS - null, AccessibilityAction: ACTION_SELECT - null, AccessibilityAction: ACTION_CLEAR_SELECTION - null, AccessibilityAction: ACTION_CLICK - null, AccessibilityAction: ACTION_LONG_CLICK - null, AccessibilityAction: ACTION_ACCESSIBILITY_FOCUS - null]]
I/Update Preferences( 3865): Key = LAST_INTERACTION_TIME Value = 1491221492611
I/Update Preferences( 3865): Key = LAST_INTERACTION_TIME Value = 1491221494896
I/Update Preferences( 3865): Key = LAST_INTERACTION_TIME Value = 1491221494906
I/QueryController( 3835): Matched selector: UiSelector[CLASS=android.widget.EditText, INSTANCE=0] <<==>> [android.view.accessibility.AccessibilityNodeInfo@8000cad8; boundsInParent: Rect(0, 0 - 663, 120); boundsInScreen: Rect(321, 532 - 984, 652); packageName: com.fisike; className: android.widget.EditText; text: null; error: null; maxTextLength: 14; contentDescription: null; viewIdResName: null; checkable: false; checked: false; focusable: true; focused: true; selected: false; clickable: true; longClickable: true; enabled: true; password: false; scrollable: false; actions: [AccessibilityAction: ACTION_CLEAR_FOCUS - null, AccessibilityAction: ACTION_SELECT - null, AccessibilityAction: ACTION_CLEAR_SELECTION - null, AccessibilityAction: ACTION_CLICK - null, AccessibilityAction: ACTION_LONG_CLICK - null, AccessibilityAction: ACTION_ACCESSIBILITY_FOCUS - null]]
D/UiObject( 3835): getText() = 
I/QueryController( 3835): Matched selector: UiSelector[CLASS=android.widget.EditText, INSTANCE=0] <<==>> [android.view.accessibility.AccessibilityNodeInfo@8000cad8; boundsInParent: Rect(0, 0 - 663, 120); boundsInScreen: Rect(321, 532 - 984, 652); packageName: com.fisike; className: android.widget.EditText; text: null; error: null; maxTextLength: 14; contentDescription: null; viewIdResName: null; checkable: false; checked: false; focusable: true; focused: true; selected: false; clickable: true; longClickable: true; enabled: true; password: false; scrollable: false; actions: [AccessibilityAction: ACTION_CLEAR_FOCUS - null, AccessibilityAction: ACTION_SELECT - null, AccessibilityAction: ACTION_CLEAR_SELECTION - null, AccessibilityAction: ACTION_CLICK - null, AccessibilityAction: ACTION_LONG_CLICK - null, AccessibilityAction: ACTION_ACCESSIBILITY_FOCUS - null]]
D/UiObject( 3835): getText() = 
I/QueryController( 3835): Matched selector: UiSelector[CLASS=android.widget.EditText, INSTANCE=0] <<==>> [android.view.accessibility.AccessibilityNodeInfo@8000cad8; boundsInParent: Rect(0, 0 - 663, 120); boundsInScreen: Rect(321, 532 - 984, 652); packageName: com.fisike; className: android.widget.EditText; text: null; error: null; maxTextLength: 14; contentDescription: null; viewIdResName: null; checkable: false; checked: false; focusable: true; focused: true; selected: false; clickable: true; longClickable: true; enabled: true; password: false; scrollable: false; actions: [AccessibilityAction: ACTION_CLEAR_FOCUS - null, AccessibilityAction: ACTION_SELECT - null, AccessibilityAction: ACTION_CLEAR_SELECTION - null, AccessibilityAction: ACTION_CLICK - null, AccessibilityAction: ACTION_LONG_CLICK - null, AccessibilityAction: ACTION_ACCESSIBILITY_FOCUS - null]]
I/Update Preferences( 3865): Key = LAST_INTERACTION_TIME Value = 1491221494943
I/Update Preferences( 3865): Key = LAST_INTERACTION_TIME Value = 1491221497231
I/Update Preferences( 3865): Key = LAST_INTERACTION_TIME Value = 1491221497238
I/Update Preferences( 3865): Key = LAST_INTERACTION_TIME Value = 1491221497252
I/Update Preferences( 3865): Key = LAST_INTERACTION_TIME Value = 1491221497284
I/Update Preferences( 3865): Key = LAST_INTERACTION_TIME Value = 1491221497294
I/Update Preferences( 3865): Key = LAST_INTERACTION_TIME Value = 1491221497321
I/Update Preferences( 3865): Key = LAST_INTERACTION_TIME Value = 1491221497331
I/Update Preferences( 3865): Key = LAST_INTERACTION_TIME Value = 1491221497367
I/Update Preferences( 3865): Key = LAST_INTERACTION_TIME Value = 1491221497379
I/Update Preferences( 3865): Key = LAST_INTERACTION_TIME Value = 1491221497423
I/Update Preferences( 3865): Key = LAST_INTERACTION_TIME Value = 1491221497445
I/Update Preferences( 3865): Key = LAST_INTERACTION_TIME Value = 1491221497463
I/Update Preferences( 3865): Key = LAST_INTERACTION_TIME Value = 1491221497487
I/Update Preferences( 3865): Key = LAST_INTERACTION_TIME Value = 1491221497518
I/Update Preferences( 3865): Key = LAST_INTERACTION_TIME Value = 1491221497521
I/Update Preferences( 3865): Key = LAST_INTERACTION_TIME Value = 1491221497547
I/Update Preferences( 3865): Key = LAST_INTERACTION_TIME Value = 1491221497551
I/Update Preferences( 3865): Key = LAST_INTERACTION_TIME Value = 1491221497576
I/Update Preferences( 3865): Key = LAST_INTERACTION_TIME Value = 1491221497580
I/Update Preferences( 3865): Key = LAST_INTERACTION_TIME Value = 1491221497606
I/Update Preferences( 3865): Key = LAST_INTERACTION_TIME Value = 1491221497611
I/Update Preferences( 3865): Key = LAST_INTERACTION_TIME Value = 1491221497649
I/QueryController( 3835): Matched selector: UiSelector[INSTANCE=0, RESOURCE_ID=com.fisike:id/btn_ok] <<==>> [android.view.accessibility.AccessibilityNodeInfo@8000e15e; boundsInParent: Rect(0, 0 - 1080, 168); boundsInScreen: Rect(0, 938 - 1080, 1106); packageName: com.fisike; className: android.widget.Button; text: Next; error: null; maxTextLength: -1; contentDescription: null; viewIdResName: com.fisike:id/btn_ok; checkable: false; checked: false; focusable: true; focused: false; selected: false; clickable: true; longClickable: false; enabled: true; password: false; scrollable: false; actions: [AccessibilityAction: ACTION_FOCUS - null, AccessibilityAction: ACTION_SELECT - null, AccessibilityAction: ACTION_CLEAR_SELECTION - null, AccessibilityAction: ACTION_CLICK - null, AccessibilityAction: ACTION_ACCESSIBILITY_FOCUS - null, AccessibilityAction: ACTION_NEXT_AT_MOVEMENT_GRANULARITY - null, AccessibilityAction: ACTION_PREVIOUS_AT_MOVEMENT_GRANULARITY - null, AccessibilityAction: ACTION_SET_SELECTION - null]]
I/QueryController( 3835): Matched selector: UiSelector[INSTANCE=0, RESOURCE_ID=com.fisike:id/btn_ok] <<==>> [android.view.accessibility.AccessibilityNodeInfo@8000e15e; boundsInParent: Rect(0, 0 - 1080, 168); boundsInScreen: Rect(0, 938 - 1080, 1106); packageName: com.fisike; className: android.widget.Button; text: Next; error: null; maxTextLength: -1; contentDescription: null; viewIdResName: com.fisike:id/btn_ok; checkable: false; checked: false; focusable: true; focused: false; selected: false; clickable: true; longClickable: false; enabled: true; password: false; scrollable: false; actions: [AccessibilityAction: ACTION_FOCUS - null, AccessibilityAction: ACTION_SELECT - null, AccessibilityAction: ACTION_CLEAR_SELECTION - null, AccessibilityAction: ACTION_CLICK - null, AccessibilityAction: ACTION_ACCESSIBILITY_FOCUS - null, AccessibilityAction: ACTION_NEXT_AT_MOVEMENT_GRANULARITY - null, AccessibilityAction: ACTION_PREVIOUS_AT_MOVEMENT_GRANULARITY - null, AccessibilityAction: ACTION_SET_SELECTION - null]]
D/InteractionController( 3835): clickAndSync(540, 1022)
I/Update Preferences( 3865): Key = LAST_INTERACTION_TIME Value = 1491221498273
W/AudioTrack( 1487): AUDIO_OUTPUT_FLAG_FAST denied by client
V/WindowManager( 1487): not Base app: Adding window Window{8b1bd24 u0 com.fisike/com.mphrx.fisike_physician.activity.OtpActivity} at 4 of 11
I/Update Preferences( 3865): Key = MOBILE_NUMBER Value = +11230000000
I/Update Preferences( 3865): Key = COUNTRY_CODE Value = +1
I/OTPGetRequest( 3865): https://get.fisike.com/minerva/fisikeSignUp/checkUserAndSendOTP
W/art     ( 3835): Long monitor contention event with owner method=android.view.accessibility.AccessibilityNodeInfo com.android.uiautomator.core.QueryController.findAccessibilityNodeInfo(com.android.uiautomator.core.UiSelector, boolean) from QueryController.java:149 waiters=0 for 417ms
I/APIObjectRequest( 3865): {api-info=V1|1.6|Android|Android SDK built for x86_64|1080X1776|Android |5.1.1|Android|4G}
W/EGL_emulation( 3865): eglSurfaceAttrib not implemented
W/OpenGLRenderer( 3865): Failed to set EGL_SWAP_BEHAVIOR on surface 0xe1080660, error=EGL_SUCCESS
I/        ( 3865): Add Dialog, Active Dialog Size 1
E/Volley  ( 3865): [83] BasicNetwork.performRequest: Unexpected response code 423 for https://get.fisike.com/minerva/fisikeSignUp/checkUserAndSendOTP
W/ResourceType( 3865): No package identifier when getting value for resource number 0x000001a7
I/Class   ( 3865): Error Lookup MULTIPLE_USERS_FOUND, UV12, 423 => <NO MESSAGE>
I/Update Preferences( 3865): Key = Mobile enabled Value = true
D/admin created shared( 3865): false
I/Update Preferences( 3865): Key = adminCreatedPasswordNeverChanged Value = false
D/admin created parse( 3865): false
I/Update Preferences( 3865): Key = USER_EXIST Value = true
I/ActivityManager( 1487): START u0 {cmp=com.fisike/com.mphrx.fisike_physician.activity.LoginActivity} from uid 10077 on display 0
