W/PackageManager( 1487): Attempt to re-install io.appium.unlock without first uninstalling.
I/art     ( 1487): Explicit concurrent mark sweep GC freed 6435(363KB) AllocSpace objects, 7(2MB) LOS objects, 28% free, 10MB/14MB, paused 1.105ms total 29.345ms
I/art     ( 4052): System.exit called, status: 1
I/AndroidRuntime( 4052): VM exiting with result code 1.
D/AndroidRuntime( 4069): >>>>>> START com.android.internal.os.RuntimeInit uid 0 <<<<<<
D/AndroidRuntime( 4069): CheckJNI is ON
E/memtrack( 4069): Couldn't load memtrack module (No such file or directory)
E/android.os.Debug( 4069): failed to load memtrack module: -2
D/AndroidRuntime( 4069): Calling main entry com.android.commands.uiautomator.Launcher
I/UiWatchers( 4069): Registed GUI Exception watchers
D/AndroidRuntime( 4087): >>>>>> START com.android.internal.os.RuntimeInit uid 0 <<<<<<
D/AndroidRuntime( 4087): CheckJNI is ON
E/memtrack( 4087): Couldn't load memtrack module (No such file or directory)
E/android.os.Debug( 4087): failed to load memtrack module: -2
D/AndroidRuntime( 4087): Calling main entry com.android.commands.am.Am
I/ActivityManager( 1487): Force stopping com.fisike appid=10077 user=0: from pid 4087
I/ActivityManager( 1487): START u0 {act=android.intent.action.MAIN cat=[android.intent.category.LAUNCHER] flg=0x10200000 cmp=com.fisike/com.mphrx.fisike.SplashActivity} from uid 0 on display 0
V/WindowManager( 1487): addAppToken: AppWindowToken{c312ed8 token=Token{1bf769bb ActivityRecord{2546064a u0 com.fisike/com.mphrx.fisike.SplashActivity t182}}} to stack=1 task=182 at 0
I/MicrophoneInputStream( 1990): mic_close gzi@260a99cc
V/WindowManager( 1487): Adding window Window{288b5533 u0 Starting com.fisike} at 3 of 10 (after Window{2a16ec71 u0 com.android.settings/com.android.settings.applications.InstalledAppDetails})
I/HotwordRecognitionRnr( 1990): Hotword detection finished
I/HotwordRecognitionRnr( 1990): Stopping hotword detection.
D/AndroidRuntime( 4087): Shutting down VM
I/ActivityManager( 1487): Start proc 4098:com.fisike/u0a77 for activity com.fisike/com.mphrx.fisike.SplashActivity
I/MultiDex( 4098): VM with version 2.1.0 has multidex support
I/MultiDex( 4098): install
I/MultiDex( 4098): VM has multidex support, MultiDex support library is disabled.
W/ActivityManager( 1487): getRunningAppProcesses: caller 10077 does not hold REAL_GET_TASKS; limiting output
I/GMPM    ( 4098): App measurement is starting up
E/GMPM    ( 4098): getGoogleAppId failed with status: 10
E/GMPM    ( 4098): Uploading is not possible. App measurement disabled
I/CrashlyticsCore( 4098): Initializing Crashlytics 2.3.6.92
E/QueryController( 4069): Got null root node from accessibility - Retrying...
E/QueryController( 4069): Got null root node from accessibility - Retrying...
W/linker  ( 4098): libsqlcipher_android.so has text relocations. This is wasting memory and prevents security hardening. Please fix.
I/Database( 4098): JNI_OnLoad called
I/Database( 4098): JNI_OnLoad register methods 
E/QueryController( 4069): Got null root node from accessibility - Retrying...
E/QueryController( 4069): Cannot proceed when root node is null. Aborted search
W/art     ( 4069): Long monitor contention event with owner method=android.view.accessibility.AccessibilityNodeInfo com.android.uiautomator.core.QueryController.findAccessibilityNodeInfo(com.android.uiautomator.core.UiSelector, boolean) from QueryController.java:149 waiters=0 for 766ms
E/QueryController( 4069): Got null root node from accessibility - Retrying...
E/QueryController( 4069): Got null root node from accessibility - Retrying...
D/Fisike  ( 4098): com.mphrx.fisike.persistence.onCreate
I/Database( 4098): sqlite returned: error code = 1, msg = no such table: QuestionMO
E/Database( 4098): Failure 1 (no such table: QuestionMO) on 0xf4058388 when preparing 'ALTER TABLE QuestionMO ADD RFU1 BLOB'.
W/System.err( 4098): net.sqlcipher.database.SQLiteException: no such table: QuestionMO: ALTER TABLE QuestionMO ADD RFU1 BLOB
W/System.err( 4098): 	at net.sqlcipher.database.SQLiteDatabase.native_execSQL(Native Method)
W/System.err( 4098): 	at net.sqlcipher.database.SQLiteDatabase.execSQL(SQLiteDatabase.java:1825)
W/System.err( 4098): 	at com.mphrx.fisike.persistence.DBManager.addColumns(DBManager.java:113)
W/System.err( 4098): 	at com.mphrx.fisike.persistence.DBManager.onCreate(DBManager.java:73)
W/System.err( 4098): 	at net.sqlcipher.database.SQLiteOpenHelper.getWritableDatabase(SQLiteOpenHelper.java:141)
W/System.err( 4098): 	at net.sqlcipher.database.SQLiteOpenHelper.getWritableDatabase(SQLiteOpenHelper.java:99)
W/System.err( 4098): 	at com.mphrx.fisike.persistence.DBHelper.open(DBHelper.java:45)
W/System.err( 4098): 	at com.mphrx.fisike.persistence.DBHelper.getInstance(DBHelper.java:31)
W/System.err( 4098): 	at com.mphrx.fisike.persistence.ConfigDBAdapter.open(ConfigDBAdapter.java:63)
W/System.err( 4098): 	at com.mphrx.fisike.persistence.ConfigDBAdapter.getInstance(ConfigDBAdapter.java:46)
W/System.err( 4098): 	at com.mphrx.fisike.platform.ConfigManager.getConfig(ConfigManager.java:30)
W/System.err( 4098): 	at com.mphrx.fisike.utils.Utils.checkIsToLogoutUser(Utils.java:3405)
W/System.err( 4098): 	at com.mphrx.fisike.SplashActivity.onCreate(SplashActivity.java:68)
W/System.err( 4098): 	at android.app.Activity.performCreate(Activity.java:5990)
W/System.err( 4098): 	at android.app.Instrumentation.callActivityOnCreate(Instrumentation.java:1106)
W/System.err( 4098): 	at android.app.ActivityThread.performLaunchActivity(ActivityThread.java:2278)
W/System.err( 4098): 	at android.app.ActivityThread.handleLaunchActivity(ActivityThread.java:2387)
W/System.err( 4098): 	at android.app.ActivityThread.access$800(ActivityThread.java:151)
W/System.err( 4098): 	at android.app.ActivityThread$H.handleMessage(ActivityThread.java:1303)
W/System.err( 4098): 	at android.os.Handler.dispatchMessage(Handler.java:102)
W/System.err( 4098): 	at android.os.Looper.loop(Looper.java:135)
W/System.err( 4098): 	at android.app.ActivityThread.main(ActivityThread.java:5254)
W/System.err( 4098): 	at java.lang.reflect.Method.invoke(Native Method)
W/System.err( 4098): 	at java.lang.reflect.Method.invoke(Method.java:372)
W/System.err( 4098): 	at com.android.internal.os.ZygoteInit$MethodAndArgsCaller.run(ZygoteInit.java:903)
W/System.err( 4098): 	at com.android.internal.os.ZygoteInit.main(ZygoteInit.java:698)
D/CREATEVITALSTABLE:( 4098): CREATE TABLE Vitals(VitalsParamID varchar(255) PRIMARY KEY NOT NULL,VitalsDate varchar(255),VitalsLabName varchar(255),VitalsPatientName varchar(255),VitalsUnit varchar(255),VitalsValue varchar(255),VitalsRange varchar(255),VitalsID varchar(255))
E/QueryController( 4069): Got null root node from accessibility - Retrying...
I/Update Preferences( 4098): Key = LAST_INTERACTION_TIME Value = 1491222213271
E/QueryController( 4069): Cannot proceed when root node is null. Aborted search
W/art     ( 4069): Long monitor contention event with owner method=android.view.accessibility.AccessibilityNodeInfo com.android.uiautomator.core.QueryController.findAccessibilityNodeInfo(com.android.uiautomator.core.UiSelector, boolean) from QueryController.java:149 waiters=0 for 779ms
E/QueryController( 4069): Got null root node from accessibility - Retrying...
D/OpenGLRenderer( 4098): Use EGL_SWAP_BEHAVIOR_PRESERVED: true
V/WindowManager( 1487): Adding window Window{136cf938 u0 com.fisike/com.mphrx.fisike.SplashActivity} at 3 of 11 (before Window{288b5533 u0 Starting com.fisike})
I/ProcessStatsService( 1487): Prepared write state in 1ms
D/        ( 4098): HostConnection::get() New Host Connection established 0xee9bd130, tid 4146
I/OpenGLRenderer( 4098): Initialized EGL, version 1.4
D/OpenGLRenderer( 4098): Enabling debug mode 0
W/EGL_emulation( 4098): eglSurfaceAttrib not implemented
W/OpenGLRenderer( 4098): Failed to set EGL_SWAP_BEHAVIOR on surface 0xee835980, error=EGL_SUCCESS
W/art     ( 4098): Long monitor contention event with owner method=java.lang.Daemons$GCDaemon java.lang.Daemons$GCDaemon.access$400() from Daemons.java:325 waiters=0 for 2.420s
W/art     ( 4098): Long monitor contention event with owner method=java.lang.Daemons$GCDaemon java.lang.Daemons$GCDaemon.access$400() from Daemons.java:325 waiters=1 for 2.329s
I/ProcessStatsService( 1487): Pruning old procstats: /data/system/procstats/state-2017-03-28-21-46-57.bin
I/art     ( 4098): Background sticky concurrent mark sweep GC freed 3057(428KB) AllocSpace objects, 7(112KB) LOS objects, 24% free, 1903KB/2MB, paused 12.757ms total 54.922ms
W/art     ( 4069): Long monitor contention event with owner method=android.view.accessibility.AccessibilityNodeInfo com.android.uiautomator.core.QueryController.findAccessibilityNodeInfo(com.android.uiautomator.core.UiSelector, boolean) from QueryController.java:149 waiters=0 for 121ms
I/ActivityManager( 1487): Displayed com.fisike/com.mphrx.fisike.SplashActivity: +2s784ms
I/UpdateVersionRequest( 4098): https://get.fisike.com/minerva/util/getMobileAppConfig
I/APIObjectRequest( 4098): {api-info=V1|1.6|Android|Android SDK built for x86_64|1080X1776|Android |5.1.1|Android|4G}
I/UpdateVersionRequest( 4098): {"medicationReminderTiming":{"Before Breakfast (BB)":"8:00:00","After Breakfast (AB)":"8:30:00","Before Lunch (BL)":"13:00:00","After Lunch (AL)":"13:30:00","Before Dinner (BD)":"20:00:00","After Dinner (AD)":"20:30:00"},"iosPatientApp":{"softVersion":"0","forceVersion":"10"},"iosPhysicianApp":{"softVersion":"0","forceVersion":"0"},"androidPatientApp":{"softVersion":"0","forceVersion":"22"},"androidPhysicianApp":{"softVersion":"0","forceVersion":"33"},"experience":["<1","1","2","3","4","5","6","7","8","9","10","11","12","13","14","15","16","17","18","19","20","21","22","23","24","25","26","27","28","29","30",">30"],"roles":["Specialist","Doctor","Junior Doctor","Nurse"],"passwordConfig":{"characterSet":["A-Z","a-z","0-9","!@#$%^&*()_-+={}[]|:;<,>.?\/\"\""],"characterSetRegex":"[~` ]","minPasswordLength":"6","maxNoOfFailedAttempts":"3","autoLockMinutes":"0","passwordExpiryTimeoutDays":"0","passwordHistoryCount":"0","defaultPasswordType":""},"alternateContactPromptInDays":30,"pinTimeInMinute":5,"isSelfSignUpAvailable":true,"headers":{"Cache-Control":"max-age=3600","Content-Type":"application\/json;charset=UTF-8","Date":"Mon, 03 Apr 2017 12:23:26 GMT","Expires":"Mon, 03 Apr 2017 13:23:26 GMT","Server":"nginx\/1.4.6 (Ubuntu)","Transfer-Encoding":"chunked","Vary":"Accept-Encoding","X-Android-Received-Millis":"1491222214692","X-Android-Response-Source":"NETWORK 200","X-Android-Sent-Millis":"1491222214459"}}
I/Update Preferences( 4098): Key = DEFAULT_PASSWORD_TYPE Value = 
I/Update Preferences( 4098): Key = PASSWORD_LENGTH Value = 6
I/Update Preferences( 4098): Key = PASSOWORD_REGEX Value = ["A-Z","a-z","0-9","!@#$%^&*()_-+={}[]|:;<,>.?\/\"\""]
I/Update Preferences( 4098): Key = PASSWORD_HISTORY_COUNT Value = 0
I/Update Preferences( 4098): Key = IS_SELF_SIGNUP_ENABLED Value = true
I/Update Preferences( 4098): Key = UPDATE_VERSION_TIME_STAMP Value = 1491222215757
I/ActivityManager( 1487): START u0 {cmp=com.fisike/com.mphrx.fisike.AppTour.AppTourActivity} from uid 10077 on display 0
V/WindowManager( 1487): addAppToken: AppWindowToken{372d9d49 token=Token{2899b750 ActivityRecord{35336913 u0 com.fisike/com.mphrx.fisike.AppTour.AppTourActivity t182}}} to stack=1 task=182 at 1
W/ActivityManager( 1487): Duplicate finish request for ActivityRecord{2546064a u0 com.fisike/com.mphrx.fisike.SplashActivity t182 f}
V/WindowManager( 1487): Adding window Window{61836f u0 com.fisike/com.mphrx.fisike.AppTour.AppTourActivity} at 4 of 11 (after Window{136cf938 u0 com.fisike/com.mphrx.fisike.SplashActivity})
I/art     ( 4098): Background partial concurrent mark sweep GC freed 410(34KB) AllocSpace objects, 0(0B) LOS objects, 12% free, 27MB/31MB, paused 11.400ms total 16.749ms
W/FragmentManager( 4098): moveToState: Fragment state for AppTourScreenSliderFragmentScreen2{3cb95d25 #0 id=0x7f0d009d} not updated inline; expected state 3 found 2
W/EGL_emulation( 4098): eglSurfaceAttrib not implemented
W/OpenGLRenderer( 4098): Failed to set EGL_SWAP_BEHAVIOR on surface 0xee8359a0, error=EGL_SUCCESS
I/Choreographer( 4098): Skipped 196 frames!  The application may be doing too much work on its main thread.
W/art     ( 4069): Long monitor contention event with owner method=android.view.accessibility.AccessibilityNodeInfo com.android.uiautomator.core.QueryController.findAccessibilityNodeInfo(com.android.uiautomator.core.UiSelector, boolean) from QueryController.java:149 waiters=0 for 4.578s
I/ActivityManager( 1487): Displayed com.fisike/com.mphrx.fisike.AppTour.AppTourActivity: +5s164ms
I/QueryController( 4069): Matched selector: UiSelector[INSTANCE=0, RESOURCE_ID=com.fisike:id/btn_skip] <<==>> [android.view.accessibility.AccessibilityNodeInfo@80009a19; boundsInParent: Rect(0, 0 - 94, 69); boundsInScreen: Rect(941, 1662 - 1035, 1731); packageName: com.fisike; className: android.widget.Button; text: Skip ; error: null; maxTextLength: -1; contentDescription: null; viewIdResName: com.fisike:id/btn_skip; checkable: false; checked: false; focusable: true; focused: false; selected: false; clickable: true; longClickable: false; enabled: true; password: false; scrollable: false; actions: [AccessibilityAction: ACTION_FOCUS - null, AccessibilityAction: ACTION_SELECT - null, AccessibilityAction: ACTION_CLEAR_SELECTION - null, AccessibilityAction: ACTION_CLICK - null, AccessibilityAction: ACTION_ACCESSIBILITY_FOCUS - null, AccessibilityAction: ACTION_NEXT_AT_MOVEMENT_GRANULARITY - null, AccessibilityAction: ACTION_PREVIOUS_AT_MOVEMENT_GRANULARITY - null, AccessibilityAction: ACTION_SET_SELECTION - null]]
W/art     ( 4069): Long monitor contention event with owner method=android.view.accessibility.AccessibilityNodeInfo com.android.uiautomator.core.QueryController.findAccessibilityNodeInfo(com.android.uiautomator.core.UiSelector, boolean) from QueryController.java:149 waiters=1 for 1.507s
W/art     ( 4069): Long monitor contention event with owner method=android.view.accessibility.AccessibilityNodeInfo com.android.uiautomator.core.QueryController.findAccessibilityNodeInfo(com.android.uiautomator.core.UiSelector, boolean) from QueryController.java:149 waiters=1 for 205ms
I/QueryController( 4069): Matched selector: UiSelector[INSTANCE=0, RESOURCE_ID=com.fisike:id/btn_skip] <<==>> [android.view.accessibility.AccessibilityNodeInfo@80009a19; boundsInParent: Rect(0, 0 - 94, 69); boundsInScreen: Rect(941, 1662 - 1035, 1731); packageName: com.fisike; className: android.widget.Button; text: Skip ; error: null; maxTextLength: -1; contentDescription: null; viewIdResName: com.fisike:id/btn_skip; checkable: false; checked: false; focusable: true; focused: false; selected: false; clickable: true; longClickable: false; enabled: true; password: false; scrollable: false; actions: [AccessibilityAction: ACTION_FOCUS - null, AccessibilityAction: ACTION_SELECT - null, AccessibilityAction: ACTION_CLEAR_SELECTION - null, AccessibilityAction: ACTION_CLICK - null, AccessibilityAction: ACTION_ACCESSIBILITY_FOCUS - null, AccessibilityAction: ACTION_NEXT_AT_MOVEMENT_GRANULARITY - null, AccessibilityAction: ACTION_PREVIOUS_AT_MOVEMENT_GRANULARITY - null, AccessibilityAction: ACTION_SET_SELECTION - null]]
D/InteractionController( 4069): clickAndSync(988, 1696)
W/AudioTrack( 1487): AUDIO_OUTPUT_FLAG_FAST denied by client
I/ActivityManager( 1487): START u0 {cmp=com.fisike/com.mphrx.fisike_physician.activity.OtpActivity} from uid 10077 on display 0
V/WindowManager( 1487): addAppToken: AppWindowToken{38e6f9b2 token=Token{24708fbd ActivityRecord{667db14 u0 com.fisike/com.mphrx.fisike_physician.activity.OtpActivity t182}}} to stack=1 task=182 at 1
I/OtpActivity( 4098): On Create
I/OtpActivity( 4098): Bus Registered
I/AppCompatViewInflater( 4098): app:theme is now deprecated. Please move to using android:theme instead.
W/art     ( 4098): Before Android 4.1, method android.graphics.PorterDuffColorFilter android.support.graphics.drawable.VectorDrawableCompat.updateTintFilter(android.graphics.PorterDuffColorFilter, android.content.res.ColorStateList, android.graphics.PorterDuff$Mode) would have incorrectly overridden the package-private method in android.graphics.drawable.Drawable
I/OTPInitializingFragment( 4098): On Attach
I/Update Preferences( 4098): Key = OLD_EMAIL_AND_MOBILE Value = false
I/Update Preferences( 4098): Key = OLD_ISMOBILE_ENABLED Value = true
I/Update Preferences( 4098): Key = Mobile enabled Value = true
I/Update Preferences( 4098): Key = Email and Mobile Value = false
I/OTPInitializingFragment( 4098): On Create
I/AppCompatViewInflater( 4098): app:theme is now deprecated. Please move to using android:theme instead.
I/OTPInitializingFragment( 4098): On Activity Created
I/Country code..( 4098): 1
I/Update Preferences( 4098): Key = OLD_COUNTRY_CODE Value = 
I/Update Preferences( 4098): Key = OLD_MOBILE_NUMBER Value = 
D/admin created shared( 4098): false
I/Update Preferences( 4098): Key = adminCreatedPasswordNeverChanged Value = false
I/OtpActivity( 4098): On Start
I/OTPInitializingFragment( 4098): On Start
I/OtpActivity( 4098): On Post Create
I/Update Preferences( 4098): Key = LAST_INTERACTION_TIME Value = 1491222222614
I/OtpActivity( 4098): On Resume
I/OTPInitializingFragment( 4098): On Resume
I/OtpActivity( 4098): On Post Resume
V/WindowManager( 1487): Adding window Window{3719480 u0 com.fisike/com.mphrx.fisike_physician.activity.OtpActivity} at 4 of 11 (after Window{61836f u0 com.fisike/com.mphrx.fisike.AppTour.AppTourActivity})
W/EGL_emulation( 4098): eglSurfaceAttrib not implemented
W/OpenGLRenderer( 4098): Failed to set EGL_SWAP_BEHAVIOR on surface 0xee835980, error=EGL_SUCCESS
W/InteractionController( 4069): runAndwaitForEvent timedout waiting for events
I/Choreographer( 4098): Skipped 172 frames!  The application may be doing too much work on its main thread.
I/LatinIME( 1668): Starting input. Cursor position = 0,0
I/ActivityManager( 1487): Displayed com.fisike/com.mphrx.fisike_physician.activity.OtpActivity: +5s292ms
I/Choreographer( 4098): Skipped 134 frames!  The application may be doing too much work on its main thread.
W/art     ( 4069): Long monitor contention event with owner method=android.view.accessibility.AccessibilityNodeInfo com.android.uiautomator.core.QueryController.findAccessibilityNodeInfo(com.android.uiautomator.core.UiSelector, boolean) from QueryController.java:149 waiters=0 for 2.440s
I/QueryController( 4069): Matched selector: UiSelector[CLASS=android.widget.EditText, INSTANCE=0] <<==>> [android.view.accessibility.AccessibilityNodeInfo@8000cea8; boundsInParent: Rect(0, 0 - 663, 120); boundsInScreen: Rect(321, 532 - 984, 652); packageName: com.fisike; className: android.widget.EditText; text: null; error: null; maxTextLength: 14; contentDescription: null; viewIdResName: null; checkable: false; checked: false; focusable: true; focused: true; selected: false; clickable: true; longClickable: true; enabled: true; password: false; scrollable: false; actions: [AccessibilityAction: ACTION_CLEAR_FOCUS - null, AccessibilityAction: ACTION_SELECT - null, AccessibilityAction: ACTION_CLEAR_SELECTION - null, AccessibilityAction: ACTION_CLICK - null, AccessibilityAction: ACTION_LONG_CLICK - null, AccessibilityAction: ACTION_ACCESSIBILITY_FOCUS - null]]
W/EGL_emulation( 1668): eglSurfaceAttrib not implemented
W/OpenGLRenderer( 1668): Failed to set EGL_SWAP_BEHAVIOR on surface 0x7fcdd25ad900, error=EGL_SUCCESS
I/QueryController( 4069): Matched selector: UiSelector[CLASS=android.widget.EditText, INSTANCE=0] <<==>> [android.view.accessibility.AccessibilityNodeInfo@8000cea8; boundsInParent: Rect(0, 0 - 663, 120); boundsInScreen: Rect(321, 532 - 984, 652); packageName: com.fisike; className: android.widget.EditText; text: null; error: null; maxTextLength: 14; contentDescription: null; viewIdResName: null; checkable: false; checked: false; focusable: true; focused: true; selected: false; clickable: true; longClickable: true; enabled: true; password: false; scrollable: false; actions: [AccessibilityAction: ACTION_CLEAR_FOCUS - null, AccessibilityAction: ACTION_SELECT - null, AccessibilityAction: ACTION_CLEAR_SELECTION - null, AccessibilityAction: ACTION_CLICK - null, AccessibilityAction: ACTION_LONG_CLICK - null, AccessibilityAction: ACTION_ACCESSIBILITY_FOCUS - null]]
D/UiObject( 4069): getText() = 
I/QueryController( 4069): Matched selector: UiSelector[CLASS=android.widget.EditText, INSTANCE=0] <<==>> [android.view.accessibility.AccessibilityNodeInfo@8000cea8; boundsInParent: Rect(0, 0 - 663, 120); boundsInScreen: Rect(321, 532 - 984, 652); packageName: com.fisike; className: android.widget.EditText; text: null; error: null; maxTextLength: 14; contentDescription: null; viewIdResName: null; checkable: false; checked: false; focusable: true; focused: true; selected: false; clickable: true; longClickable: true; enabled: true; password: false; scrollable: false; actions: [AccessibilityAction: ACTION_CLEAR_FOCUS - null, AccessibilityAction: ACTION_SELECT - null, AccessibilityAction: ACTION_CLEAR_SELECTION - null, AccessibilityAction: ACTION_CLICK - null, AccessibilityAction: ACTION_LONG_CLICK - null, AccessibilityAction: ACTION_ACCESSIBILITY_FOCUS - null]]
I/Update Preferences( 4098): Key = LAST_INTERACTION_TIME Value = 1491222228766
I/Update Preferences( 4098): Key = LAST_INTERACTION_TIME Value = 1491222231048
I/Update Preferences( 4098): Key = LAST_INTERACTION_TIME Value = 1491222231064
I/QueryController( 4069): Matched selector: UiSelector[CLASS=android.widget.EditText, INSTANCE=0] <<==>> [android.view.accessibility.AccessibilityNodeInfo@8000cea8; boundsInParent: Rect(0, 0 - 663, 120); boundsInScreen: Rect(321, 532 - 984, 652); packageName: com.fisike; className: android.widget.EditText; text: null; error: null; maxTextLength: 14; contentDescription: null; viewIdResName: null; checkable: false; checked: false; focusable: true; focused: true; selected: false; clickable: true; longClickable: true; enabled: true; password: false; scrollable: false; actions: [AccessibilityAction: ACTION_CLEAR_FOCUS - null, AccessibilityAction: ACTION_SELECT - null, AccessibilityAction: ACTION_CLEAR_SELECTION - null, AccessibilityAction: ACTION_CLICK - null, AccessibilityAction: ACTION_LONG_CLICK - null, AccessibilityAction: ACTION_ACCESSIBILITY_FOCUS - null]]
D/UiObject( 4069): getText() = 
I/QueryController( 4069): Matched selector: UiSelector[CLASS=android.widget.EditText, INSTANCE=0] <<==>> [android.view.accessibility.AccessibilityNodeInfo@8000cea8; boundsInParent: Rect(0, 0 - 663, 120); boundsInScreen: Rect(321, 532 - 984, 652); packageName: com.fisike; className: android.widget.EditText; text: null; error: null; maxTextLength: 14; contentDescription: null; viewIdResName: null; checkable: false; checked: false; focusable: true; focused: true; selected: false; clickable: true; longClickable: true; enabled: true; password: false; scrollable: false; actions: [AccessibilityAction: ACTION_CLEAR_FOCUS - null, AccessibilityAction: ACTION_SELECT - null, AccessibilityAction: ACTION_CLEAR_SELECTION - null, AccessibilityAction: ACTION_CLICK - null, AccessibilityAction: ACTION_LONG_CLICK - null, AccessibilityAction: ACTION_ACCESSIBILITY_FOCUS - null]]
D/UiObject( 4069): getText() = 
I/QueryController( 4069): Matched selector: UiSelector[CLASS=android.widget.EditText, INSTANCE=0] <<==>> [android.view.accessibility.AccessibilityNodeInfo@8000cea8; boundsInParent: Rect(0, 0 - 663, 120); boundsInScreen: Rect(321, 532 - 984, 652); packageName: com.fisike; className: android.widget.EditText; text: null; error: null; maxTextLength: 14; contentDescription: null; viewIdResName: null; checkable: false; checked: false; focusable: true; focused: true; selected: false; clickable: true; longClickable: true; enabled: true; password: false; scrollable: false; actions: [AccessibilityAction: ACTION_CLEAR_FOCUS - null, AccessibilityAction: ACTION_SELECT - null, AccessibilityAction: ACTION_CLEAR_SELECTION - null, AccessibilityAction: ACTION_CLICK - null, AccessibilityAction: ACTION_LONG_CLICK - null, AccessibilityAction: ACTION_ACCESSIBILITY_FOCUS - null]]
I/Update Preferences( 4098): Key = LAST_INTERACTION_TIME Value = 1491222231145
I/Update Preferences( 4098): Key = LAST_INTERACTION_TIME Value = 1491222233411
I/Update Preferences( 4098): Key = LAST_INTERACTION_TIME Value = 1491222233444
I/Update Preferences( 4098): Key = LAST_INTERACTION_TIME Value = 1491222233452
I/Update Preferences( 4098): Key = LAST_INTERACTION_TIME Value = 1491222233468
I/Update Preferences( 4098): Key = LAST_INTERACTION_TIME Value = 1491222233475
I/Update Preferences( 4098): Key = LAST_INTERACTION_TIME Value = 1491222233494
I/Update Preferences( 4098): Key = LAST_INTERACTION_TIME Value = 1491222233502
I/Update Preferences( 4098): Key = LAST_INTERACTION_TIME Value = 1491222233532
I/Update Preferences( 4098): Key = LAST_INTERACTION_TIME Value = 1491222233535
I/Update Preferences( 4098): Key = LAST_INTERACTION_TIME Value = 1491222233562
I/Update Preferences( 4098): Key = LAST_INTERACTION_TIME Value = 1491222233566
I/Update Preferences( 4098): Key = LAST_INTERACTION_TIME Value = 1491222233590
I/Update Preferences( 4098): Key = LAST_INTERACTION_TIME Value = 1491222233594
I/Update Preferences( 4098): Key = LAST_INTERACTION_TIME Value = 1491222233620
I/Update Preferences( 4098): Key = LAST_INTERACTION_TIME Value = 1491222233625
I/Update Preferences( 4098): Key = LAST_INTERACTION_TIME Value = 1491222233650
I/Update Preferences( 4098): Key = LAST_INTERACTION_TIME Value = 1491222233655
I/Update Preferences( 4098): Key = LAST_INTERACTION_TIME Value = 1491222233680
I/Update Preferences( 4098): Key = LAST_INTERACTION_TIME Value = 1491222233685
I/Update Preferences( 4098): Key = LAST_INTERACTION_TIME Value = 1491222233726
I/Update Preferences( 4098): Key = LAST_INTERACTION_TIME Value = 1491222233736
I/Update Preferences( 4098): Key = LAST_INTERACTION_TIME Value = 1491222233772
I/QueryController( 4069): Matched selector: UiSelector[INSTANCE=0, RESOURCE_ID=com.fisike:id/btn_ok] <<==>> [android.view.accessibility.AccessibilityNodeInfo@8000e52e; boundsInParent: Rect(0, 0 - 1080, 168); boundsInScreen: Rect(0, 938 - 1080, 1106); packageName: com.fisike; className: android.widget.Button; text: Next; error: null; maxTextLength: -1; contentDescription: null; viewIdResName: com.fisike:id/btn_ok; checkable: false; checked: false; focusable: true; focused: false; selected: false; clickable: true; longClickable: false; enabled: true; password: false; scrollable: false; actions: [AccessibilityAction: ACTION_FOCUS - null, AccessibilityAction: ACTION_SELECT - null, AccessibilityAction: ACTION_CLEAR_SELECTION - null, AccessibilityAction: ACTION_CLICK - null, AccessibilityAction: ACTION_ACCESSIBILITY_FOCUS - null, AccessibilityAction: ACTION_NEXT_AT_MOVEMENT_GRANULARITY - null, AccessibilityAction: ACTION_PREVIOUS_AT_MOVEMENT_GRANULARITY - null, AccessibilityAction: ACTION_SET_SELECTION - null]]
I/QueryController( 4069): Matched selector: UiSelector[INSTANCE=0, RESOURCE_ID=com.fisike:id/btn_ok] <<==>> [android.view.accessibility.AccessibilityNodeInfo@8000e52e; boundsInParent: Rect(0, 0 - 1080, 168); boundsInScreen: Rect(0, 938 - 1080, 1106); packageName: com.fisike; className: android.widget.Button; text: Next; error: null; maxTextLength: -1; contentDescription: null; viewIdResName: com.fisike:id/btn_ok; checkable: false; checked: false; focusable: true; focused: false; selected: false; clickable: true; longClickable: false; enabled: true; password: false; scrollable: false; actions: [AccessibilityAction: ACTION_FOCUS - null, AccessibilityAction: ACTION_SELECT - null, AccessibilityAction: ACTION_CLEAR_SELECTION - null, AccessibilityAction: ACTION_CLICK - null, AccessibilityAction: ACTION_ACCESSIBILITY_FOCUS - null, AccessibilityAction: ACTION_NEXT_AT_MOVEMENT_GRANULARITY - null, AccessibilityAction: ACTION_PREVIOUS_AT_MOVEMENT_GRANULARITY - null, AccessibilityAction: ACTION_SET_SELECTION - null]]
D/InteractionController( 4069): clickAndSync(540, 1022)
I/Update Preferences( 4098): Key = LAST_INTERACTION_TIME Value = 1491222234406
W/AudioTrack( 1487): AUDIO_OUTPUT_FLAG_FAST denied by client
V/WindowManager( 1487): not Base app: Adding window Window{1349e22d u0 com.fisike/com.mphrx.fisike_physician.activity.OtpActivity} at 4 of 11
I/Update Preferences( 4098): Key = MOBILE_NUMBER Value = +11230000000
I/Update Preferences( 4098): Key = COUNTRY_CODE Value = +1
I/OTPGetRequest( 4098): https://get.fisike.com/minerva/fisikeSignUp/checkUserAndSendOTP
W/art     ( 4069): Long monitor contention event with owner method=android.view.accessibility.AccessibilityNodeInfo com.android.uiautomator.core.QueryController.findAccessibilityNodeInfo(com.android.uiautomator.core.UiSelector, boolean) from QueryController.java:149 waiters=0 for 802ms
I/Choreographer( 4098): Skipped 48 frames!  The application may be doing too much work on its main thread.
I/APIObjectRequest( 4098): {api-info=V1|1.6|Android|Android SDK built for x86_64|1080X1776|Android |5.1.1|Android|4G}
W/EGL_emulation( 4098): eglSurfaceAttrib not implemented
W/OpenGLRenderer( 4098): Failed to set EGL_SWAP_BEHAVIOR on surface 0xf429e760, error=EGL_SUCCESS
I/        ( 4098): Add Dialog, Active Dialog Size 1
E/Volley  ( 4098): [87] BasicNetwork.performRequest: Unexpected response code 423 for https://get.fisike.com/minerva/fisikeSignUp/checkUserAndSendOTP
W/ResourceType( 4098): No package identifier when getting value for resource number 0x000001a7
I/Class   ( 4098): Error Lookup MULTIPLE_USERS_FOUND, UV12, 423 => <NO MESSAGE>
I/Update Preferences( 4098): Key = Mobile enabled Value = true
D/admin created shared( 4098): false
I/Update Preferences( 4098): Key = adminCreatedPasswordNeverChanged Value = false
D/admin created parse( 4098): false
I/Update Preferences( 4098): Key = USER_EXIST Value = true
I/ActivityManager( 1487): START u0 {cmp=com.fisike/com.mphrx.fisike_physician.activity.LoginActivity} from uid 10077 on display 0
V/WindowManager( 1487): addAppToken: AppWindowToken{14dccba token=Token{98229e5 ActivityRecord{25c464dc u0 com.fisike/com.mphrx.fisike_physician.activity.LoginActivity t182}}} to stack=1 task=182 at 1
E/QueryController( 4069): Got null root node from accessibility - Retrying...
I/LatinIME( 1668): Starting input. Cursor position = 10,10
I/        ( 4098): Remove Dialog, Active Dialog Size 0
I/Update Preferences( 4098): Key = LAST_INTERACTION_TIME Value = 1491222236772
I/OTPInitializingFragment( 4098): On Pause
I/OtpActivity( 4098): On Pause
I/LoginActivity( 4098): On Create
I/LoginActivity( 4098): Bus Registered
I/AppCompatViewInflater( 4098): app:theme is now deprecated. Please move to using android:theme instead.
I/SignInSignUpFragment( 4098): On Attach
I/SignInSignUpFragment( 4098): On Create
I/SignInSignUpFragment( 4098): On Activity Created
I/Password character ( 4098): ABCDEFGHIJKLMNOPQRSTUVWXYZabcdefghijklmnopqrstuvwxyz0123456789!@#$%^&*()_-+={}[]|:;<>.?\/\\
I/LoginActivity( 4098): On Start
I/SignInSignUpFragment( 4098): On Start
I/LoginActivity( 4098): On Post Create
I/Update Preferences( 4098): Key = LAST_INTERACTION_TIME Value = 1491222236907
I/LoginActivity( 4098): On Resume
I/SignInSignUpFragment( 4098): On Resume
I/LoginActivity( 4098): On Post Resume
V/WindowManager( 1487): Adding window Window{3d7bfa86 u0 com.fisike/com.mphrx.fisike_physician.activity.LoginActivity} at 5 of 12 (after Window{1349e22d u0 com.fisike/com.mphrx.fisike_physician.activity.OtpActivity EXITING})
W/EGL_emulation( 4098): eglSurfaceAttrib not implemented
W/OpenGLRenderer( 4098): Failed to set EGL_SWAP_BEHAVIOR on surface 0xf429e760, error=EGL_SUCCESS
E/QueryController( 4069): Got null root node from accessibility - Retrying...
E/QueryController( 4069): Got null root node from accessibility - Retrying...
W/art     ( 1487): Long monitor contention event with owner method=boolean com.android.server.accessibility.AccessibilityManagerService.sendAccessibilityEvent(android.view.accessibility.AccessibilityEvent, int) from AccessibilityManagerService.java:411 waiters=0 for 474ms
E/QueryController( 4069): Cannot proceed when root node is null. Aborted search
W/art     ( 4069): Long monitor contention event with owner method=android.view.accessibility.AccessibilityNodeInfo com.android.uiautomator.core.QueryController.findAccessibilityNodeInfo(com.android.uiautomator.core.UiSelector, boolean) from QueryController.java:149 waiters=0 for 1.223s
E/QueryController( 4069): Got null root node from accessibility - Retrying...
I/ActivityManager( 1487): Displayed com.fisike/com.mphrx.fisike_physician.activity.LoginActivity: +1s269ms
W/art     ( 1487): Long monitor contention event with owner method=void com.android.server.InputMethodManagerService.setImeWindowStatus(android.os.IBinder, int, int) from InputMethodManagerService.java:1576 waiters=0 for 132ms
I/Choreographer( 1668): Skipped 47 frames!  The application may be doing too much work on its main thread.
I/Choreographer( 4098): Skipped 51 frames!  The application may be doing too much work on its main thread.
W/EGL_emulation( 1668): eglSurfaceAttrib not implemented
W/OpenGLRenderer( 1668): Failed to set EGL_SWAP_BEHAVIOR on surface 0x7fcdd25ad900, error=EGL_SUCCESS
I/LatinIME( 1668): Starting input. Cursor position = 0,0
W/art     ( 4069): Long monitor contention event with owner method=android.view.accessibility.AccessibilityNodeInfo com.android.uiautomator.core.QueryController.findAccessibilityNodeInfo(com.android.uiautomator.core.UiSelector, boolean) from QueryController.java:149 waiters=0 for 548ms
I/OtpActivity( 4098): On Save Instance State
I/OTPInitializingFragment( 4098): On Stop
I/OtpActivity( 4098): On Stop
D/AndroidRuntime( 4166): >>>>>> START com.android.internal.os.RuntimeInit uid 0 <<<<<<
D/AndroidRuntime( 4166): CheckJNI is ON
E/memtrack( 4166): Couldn't load memtrack module (No such file or directory)
E/android.os.Debug( 4166): failed to load memtrack module: -2
D/AndroidRuntime( 4166): Calling main entry com.android.commands.input.Input
I/Input   ( 4166): injectKeyEvent: KeyEvent { action=ACTION_DOWN, keyCode=KEYCODE_HOME, scanCode=0, metaState=0, flags=0x0, repeatCount=0, eventTime=1903306, downTime=1903306, deviceId=-1, source=0x101 }
I/Input   ( 4166): injectKeyEvent: KeyEvent { action=ACTION_UP, keyCode=KEYCODE_HOME, scanCode=0, metaState=0, flags=0x0, repeatCount=0, eventTime=1903306, downTime=1903306, deviceId=-1, source=0x101 }
I/ActivityManager( 1487): START u0 {act=android.intent.action.MAIN cat=[android.intent.category.HOME] flg=0x10200000 cmp=com.google.android.googlequicksearchbox/com.google.android.launcher.GEL} from uid 1000 on display 0
E/EGL_emulation( 1123): tid 1123: eglCreateSyncKHR(1299): error 0x3004 (EGL_BAD_ATTRIBUTE)
W/art     ( 1487): Long monitor contention event with owner method=android.graphics.Bitmap com.android.server.wm.WindowManagerService.screenshotApplications(android.os.IBinder, int, int, int, boolean) from WindowManagerService.java:6129 waiters=2 for 109ms
D/AndroidRuntime( 4166): Shutting down VM
I/Update Preferences( 4098): Key = LAST_INTERACTION_TIME Value = 1491222294741
I/SignInSignUpFragment( 4098): On Pause
I/LoginActivity( 4098): On Pause
I/GEL     ( 1770): handleIntent(Intent { act=android.intent.action.MAIN cat=[android.intent.category.HOME] flg=0x10600000 cmp=com.google.android.googlequicksearchbox/com.google.android.launcher.GEL })
W/EGL_emulation( 1770): eglSurfaceAttrib not implemented
W/OpenGLRenderer( 1770): Failed to set EGL_SWAP_BEHAVIOR on surface 0xe1c7a300, error=EGL_SUCCESS
W/WindowManager( 1487): Attempted to remove non-existing token: android.os.Binder@1457429f
I/art     ( 4069): System.exit called, status: 0
I/AndroidRuntime( 4069): VM exiting with result code 0.
W/InputMethodManagerService( 1487): Starting input on non-focused client com.android.internal.view.IInputMethodClient$Stub$Proxy@35aff837 (uid=10077 pid=4098)
W/IInputConnectionWrapper( 4098): showStatusIcon on inactive InputConnection
I/MicrophoneInputStream( 1990): mic_starting gzi@33527b32
E/audio_hw_generic( 1134): Error opening input stream format 1, channel_mask 0010, sample_rate 16000
I/AudioFlinger( 1134): AudioFlinger's thread 0xf5485000 ready to run
I/MicrophoneInputStream( 1990): mic_started gzi@33527b32
I/HotwordWorker( 1990): onReady
I/HotwordRecognitionRnr( 1990): Starting hotword detection.
I/Icing   ( 2134): Usage reports 0 indexed 0 rejected 0 imm upload true
I/LoginActivity( 4098): On Save Instance State
I/SignInSignUpFragment( 4098): On Stop
I/LoginActivity( 4098): On Stop
W/ResourceType( 1608): No package identifier when getting value for resource number 0x00000000
W/PackageManager( 1608): Failure retrieving resources for com.fisike: Resource ID #0x0
W/OpenGLRenderer( 1770): Incorrectly called buildLayer on View: aep, destroying layer...
I/EventLogChimeraService( 2134): Aggregate from 1491220558764 (log), 1491220543400 (data)
W/DropBoxManagerService( 1487): Dropping: event_data (39 > 0 bytes)
W/ContentTaskController( 2108): Invalid newTask was provided to startTracking.
W/DropBoxManagerService( 1487): Dropping: system_app_strictmode (2256 > 0 bytes)
I/ActivityManager( 1487): Killing 2731:com.google.android.gms.ui/u0a7 (adj 13): empty for 1801s
D/ConnectivityService( 1487): reportBadNetwork(NetworkAgentInfo [MOBILE (LTE) - 100]) by 10007
D/NetworkMonitor/NetworkAgentInfo [MOBILE (LTE) - 100]( 1487): ValidatedState{ when=-7ms what=532488 arg1=10007 target=com.android.internal.util.StateMachine$SmHandler }
D/NetworkMonitor/NetworkAgentInfo [MOBILE (LTE) - 100]( 1487): DefaultState{ when=-7ms what=532488 arg1=10007 target=com.android.internal.util.StateMachine$SmHandler }
D/NetworkMonitor/NetworkAgentInfo [MOBILE (LTE) - 100]( 1487): Forcing reevaluation
D/NetworkMonitor/NetworkAgentInfo [MOBILE (LTE) - 100]( 1487): EvaluatingState{ when=0 what=532486 arg1=3 target=com.android.internal.util.StateMachine$SmHandler }
D/NetworkMonitor/NetworkAgentInfo [MOBILE (LTE) - 100]( 1487): Checking http://connectivitycheck.android.com/generate_204 on epc.tmobile.com
D/NetworkMonitor/NetworkAgentInfo [MOBILE (LTE) - 100]( 1487): isCaptivePortal: ret=204 headers={null=[HTTP/1.1 204 No Content], Content-Length=[0], Date=[Mon, 03 Apr 2017 12:25:49 GMT], X-Android-Received-Millis=[1491222357276], X-Android-Response-Source=[NETWORK 204], X-Android-Sent-Millis=[1491222356957]}
D/NetworkMonitor/NetworkAgentInfo [MOBILE (LTE) - 100]( 1487): Don't send network conditions - lacking user consent.
D/NetworkMonitor/NetworkAgentInfo [MOBILE (LTE) - 100]( 1487): Validated
D/ConnectivityService( 1487): setProvNotificationVisibleIntent: E visible=false networkType=0 extraInfo=null
D/ConnectivityService( 1487): Validated NetworkAgentInfo [MOBILE (LTE) - 100]
I/ActivityManager( 1487): Killing 2493:com.android.mms/u0a9 (adj 13): empty for 1801s
D/CountryDetector( 1487): No listener is left
I/ActivityManager( 1487): Killing 2400:com.fisike.specialist.debug/u0a58 (adj 13): empty for 1801s
I/ActivityManager( 1487): Killing 1712:android.process.media/u0a5 (adj 15): empty for 1801s
I/ActivityManager( 1487): Killing 2228:com.google.android.apps.maps/u0a36 (adj 15): empty for 1804s
I/ActivityManager( 1487): Killing 2678:com.android.email/u0a26 (adj 15): empty for 1803s
W/ContentTaskController( 2108): Invalid task was provided to stopTracking.
W/ContentTaskController( 2108): Invalid task was provided to stopTracking.
W/GLSUser ( 2108): [DeviceKeyStore] Cannot load key: Device key file not found.
E/Drm     ( 1134): Failed to find drm plugin
W/DG.WV   ( 2712): Widevine DRM not supported on this device
W/DG.WV   ( 2712): android.media.UnsupportedSchemeException: Failed to instantiate drm object.
W/DG.WV   ( 2712): 	at android.media.MediaDrm.native_setup(Native Method)
W/DG.WV   ( 2712): 	at android.media.MediaDrm.<init>(MediaDrm.java:180)
W/DG.WV   ( 2712): 	at obk.a(:com.google.android.gms:119)
W/DG.WV   ( 2712): 	at nyd.run(:com.google.android.gms:1092)
W/DG.WV   ( 2712): 	at kzi.run(:com.google.android.gms:450)
W/DG.WV   ( 2712): 	at java.util.concurrent.ThreadPoolExecutor.runWorker(ThreadPoolExecutor.java:1112)
W/DG.WV   ( 2712): 	at java.util.concurrent.ThreadPoolExecutor$Worker.run(ThreadPoolExecutor.java:587)
W/DG.WV   ( 2712): 	at ldm.run(:com.google.android.gms:17)
W/DG.WV   ( 2712): 	at java.lang.Thread.run(Thread.java:818)
I/GoogleURLConnFactory( 2108): Using platform SSLCertificateSocketFactory
W/PhenotypeChimeraConfigurator( 2108): No account for auth token provided
D/        ( 2712): HostConnection::get() New Host Connection established 0x7fcdd24a1e40, tid 2832
I/PhenotypeFlagCommitter( 2108): Experiment Configs successfully retrieved for com.google.android.gms.phenotype
I/PhenotypeSyncScheduler( 2108): Scheduling adaptive one off task with window [14400, 604800] in seconds
W/ContentTaskController( 2108): Invalid newTask was provided to startTracking.
W/Conscrypt( 2108): Could not set socket write timeout: null
W/Conscrypt( 2108): Could not set socket write timeout: null
W/GLSUser ( 2108): [AppCertManager] IOException while requesting key: 
W/GLSUser ( 2108): java.io.IOException: Invalid device key response.
W/GLSUser ( 2108): 	at enr.a(:com.google.android.gms:282)
W/GLSUser ( 2108): 	at enr.a(:com.google.android.gms:4237)
W/GLSUser ( 2108): 	at enq.a(:com.google.android.gms:46)
W/GLSUser ( 2108): 	at enk.a(:com.google.android.gms:53)
W/GLSUser ( 2108): 	at enj.a(:com.google.android.gms:111)
W/GLSUser ( 2108): 	at com.google.android.gms.auth.account.be.legacy.AuthCronChimeraService.b(:com.google.android.gms:4052)
W/GLSUser ( 2108): 	at dxg.call(:com.google.android.gms:2043)
W/GLSUser ( 2108): 	at java.util.concurrent.FutureTask.run(FutureTask.java:237)
W/GLSUser ( 2108): 	at kzi.run(:com.google.android.gms:450)
W/GLSUser ( 2108): 	at java.util.concurrent.ThreadPoolExecutor.runWorker(ThreadPoolExecutor.java:1112)
W/GLSUser ( 2108): 	at java.util.concurrent.ThreadPoolExecutor$Worker.run(ThreadPoolExecutor.java:587)
W/GLSUser ( 2108): 	at ldm.run(:com.google.android.gms:17)
W/GLSUser ( 2108): 	at java.lang.Thread.run(Thread.java:818)
W/ContentTaskController( 2108): Invalid task was provided to stopTracking.
W/ContentTaskController( 2108): Invalid newTask was provided to startTracking.
I/GoogleURLConnFactory( 2108): Using platform SSLCertificateSocketFactory
W/DropBoxManagerService( 1487): Dropping: system_app_strictmode (2062 > 0 bytes)
W/ContentTaskController( 2108): Invalid task was provided to stopTracking.
I/GoogleURLConnFactory( 2108): Using platform SSLCertificateSocketFactory
W/Uploader( 2108):  no longer exists, so no auth token.
W/Icing   ( 2134): isOptedInForAppHistory: empty Account Name encountered
I/ServiceManager( 1121): service 'iphonesubinfo' died
I/ServiceManager( 1121): service 'isms' died
I/ServiceManager( 1121): service 'simphonebook' died
I/ServiceManager( 1121): service 'phone' died
I/ServiceManager( 1121): service 'isub' died
I/lowmemorykiller( 1120): ActivityManager disconnected
I/lowmemorykiller( 1120): Closing Activity Manager data connection
E/installd( 1135): eof
E/installd( 1135): failed to read size
I/installd( 1135): closing connection
I/ServiceManager( 1121): service 'wifi' died
I/ServiceManager( 1121): service 'rttmanager' died
I/ServiceManager( 1121): service 'wifiscanner' died
I/ServiceManager( 1121): service 'connectivity' died
W/AudioFlinger( 1134): power manager service died !!!
I/ServiceManager( 1121): service 'servicediscovery' died
I/ServiceManager( 1121): service 'updatelock' died
I/ServiceManager( 1121): service 'notification' died
I/ServiceManager( 1121): service 'devicestoragemonitor' died
I/ServiceManager( 1121): service 'location' died
I/ServiceManager( 1121): service 'country_detector' died
I/ServiceManager( 1121): service 'search' died
I/ServiceManager( 1121): service 'dropbox' died
I/ServiceManager( 1121): service 'wallpaper' died
I/ServiceManager( 1121): service 'user' died
I/ServiceManager( 1121): service 'activity' died
I/ServiceManager( 1121): service 'wifip2p' died
I/ServiceManager( 1121): service 'package' died
I/ServiceManager( 1121): service 'procstats' died
I/ServiceManager( 1121): service 'meminfo' died
I/ServiceManager( 1121): service 'device_policy' died
I/ServiceManager( 1121): service 'input_method' died
I/ServiceManager( 1121): service 'gfxinfo' died
I/ServiceManager( 1121): service 'dbinfo' died
I/ServiceManager( 1121): service 'cpuinfo' died
I/ServiceManager( 1121): service 'permission' died
I/ServiceManager( 1121): service 'hardware' died
I/ServiceManager( 1121): service 'lock_settings' died
I/ServiceManager( 1121): service 'battery' died
I/ServiceManager( 1121): service 'usagestats' died
I/ServiceManager( 1121): service 'webviewupdate' died
I/ServiceManager( 1121): service 'scheduling_policy' died
I/ServiceManager( 1121): service 'telephony.registry' died
I/ServiceManager( 1121): service 'entropy' died
I/ServiceManager( 1121): service 'account' died
I/ServiceManager( 1121): service 'content' died
I/ServiceManager( 1121): service 'vibrator' died
I/ServiceManager( 1121): service 'consumer_ir' died
I/ServiceManager( 1121): service 'alarm' died
I/ServiceManager( 1121): service 'window' died
I/ServiceManager( 1121): service 'input' died
I/ServiceManager( 1121): service 'audio' died
I/ServiceManager( 1121): service 'DockObserver' died
I/ServiceManager( 1121): service 'usb' died
I/ServiceManager( 1121): service 'serial' died
I/ServiceManager( 1121): service 'uimode' died
I/ServiceManager( 1121): service 'jobscheduler' died
I/ServiceManager( 1121): service 'backup' died
I/ServiceManager( 1121): service 'appwidget' died
I/ServiceManager( 1121): service 'voiceinteraction' died
I/ServiceManager( 1121): service 'diskstats' died
I/ServiceManager( 1121): service 'samplingprofiler' died
I/ServiceManager( 1121): service 'commontime_management' died
I/ServiceManager( 1121): service 'dreams' died
I/ServiceManager( 1121): service 'assetatlas' died
I/ServiceManager( 1121): service 'print' died
I/ServiceManager( 1121): service 'restrictions' died
I/ServiceManager( 1121): service 'media_session' died
I/ServiceManager( 1121): service 'media_router' died
I/ServiceManager( 1121): service 'trust' died
I/ServiceManager( 1121): service 'fingerprint' died
I/ServiceManager( 1121): service 'launcherapps' died
I/ServiceManager( 1121): service 'media_projection' died
I/ServiceManager( 1121): service 'accessibility' died
I/ServiceManager( 1121): service 'mount' died
I/ServiceManager( 1121): service 'textservices' died
I/ServiceManager( 1121): service 'network_score' died
I/ServiceManager( 1121): service 'imms' died
I/ServiceManager( 1121): service 'statusbar' died
I/ServiceManager( 1121): service 'clipboard' died
I/ServiceManager( 1121): service 'network_management' died
I/ServiceManager( 1121): service 'netstats' died
I/ServiceManager( 1121): service 'netpolicy' died
I/ServiceManager( 1121): service 'telecom' died
I/ServiceManager( 1121): service 'power' died
I/ServiceManager( 1121): service 'display' died
I/ServiceManager( 1121): service 'sensorservice' died
I/ServiceManager( 1121): service 'batterystats' died
I/ServiceManager( 1121): service 'appops' died
I/ServiceManager( 1121): service 'SurfaceFlinger' died
