--------- beginning of system
I/Vold    (    0): Vold 2.1 (the revenge) firing up
D/Vold    (    0): Volume sdcard state changing -1 (Initializing) -> 0 (No-Media)
D/Vold    ( 1122): Volume sdcard state changing 0 (No-Media) -> 1 (Idle-Unmounted)
I/InstallerConnection( 1487): disconnecting...
I/SystemServer( 1487): Entered the Android system server!
I/SystemServiceManager( 1487): Starting com.android.server.pm.Installer
I/Installer( 1487): Waiting for installd to be ready.
I/InstallerConnection( 1487): connecting...
I/SystemServiceManager( 1487): Starting com.android.server.am.ActivityManagerService$Lifecycle
I/ActivityManager( 1487): Memory class: 384
I/ServiceThread( 1487): Enabled StrictMode logging for ActivityManager looper.
W/BatteryStatsImpl( 1487): Couldn't get kernel wake lock stats
I/IntentFirewall( 1487): Read new rules (A:0 B:0 S:0)
I/ServiceThread( 1487): Enabled StrictMode logging for android.ui looper.
I/ServiceThread( 1487): Enabled StrictMode logging for android.display looper.
D/AppOps  ( 1487): AppOpsService published
I/SystemServiceManager( 1487): Starting com.android.server.power.PowerManagerService
I/ServiceThread( 1487): Enabled StrictMode logging for PowerManagerService looper.
I/SystemServiceManager( 1487): Starting com.android.server.display.DisplayManagerService
I/SystemServiceManager( 1487): Starting phase 100
I/DisplayManagerService( 1487): Display device added: DisplayDeviceInfo{"Built-in Screen": uniqueId="local:0", 1080 x 1920, 60.000004 fps, supportedRefreshRates [60.000004], density 480, 480.0 x 480.0 dpi, appVsyncOff 0, presDeadline 17666666, touch INTERNAL, rotation 0, type BUILT_IN, state UNKNOWN, FLAG_DEFAULT_DISPLAY, FLAG_ROTATES_WITH_CONTENT, FLAG_SECURE, FLAG_SUPPORTS_PROTECTED_BUFFERS}
I/SystemServer( 1487): Package Manager
W/SystemConfig( 1487): No directory /system/etc/sysconfig, skipping
D/SELinuxMMAC( 1487): Using policy file /system/etc/security/mac_permissions.xml
W/PackageManager( 1487): Failed to parse /system/framework/x86: Missing base APK in /system/framework/x86
W/PackageManager( 1487): Failed to parse /system/framework/x86_64: Missing base APK in /system/framework/x86_64
W/PackageParser( 1487): No actions in intent filter at /system/priv-app/Contacts/Contacts.apk Binary XML file line #356
W/PackageParser( 1487): No actions in intent filter at /system/priv-app/Dialer/Dialer.apk Binary XML file line #166
W/PackageParser( 1487): Unknown element under <intent-filter>: android at /system/priv-app/Telecom/Telecom.apk Binary XML file line #232
W/PackageParser( 1487): No actions in intent filter at /data/app/ApiDemos/ApiDemos.apk Binary XML file line #3027
W/PackageParser( 1487): No actions in intent filter at /data/app/ApiDemos/ApiDemos.apk Binary XML file line #3033
W/PackageManager( 1487): Package com.example.android.apis desires unavailable shared library com.example.will.never.exist; ignoring!
I/PackageParser( 1487): io.appium.settings: compat added android.permission.WRITE_EXTERNAL_STORAGE
W/PackageManager( 1487): Package com.google.android.gms desires unavailable shared library com.google.android.ble; ignoring!
W/PackageManager( 1487): Package com.example.android.apis desires unavailable shared library com.example.will.never.exist; ignoring!
I/PackageManager( 1487): Adjusting ABI for : com.google.android.gsf to x86_64
I/PackageManager( 1487): Adjusting ABI for : com.google.android.gsf.login to x86_64
I/PackageManager( 1487): Adjusting ABI for : com.android.server.telecom to x86_64
I/PackageManager( 1487): Adjusting ABI for : com.android.providers.settings to x86_64
I/PackageManager( 1487): Adjusting ABI for : com.android.inputdevices to x86_64
I/PackageManager( 1487): Adjusting ABI for : com.android.keychain to x86_64
I/PackageManager( 1487): Adjusting ABI for : com.android.settings to x86_64
I/PackageManager( 1487): Adjusting ABI for : com.android.location.fused to x86_64
I/PackageManager( 1487): Time to scan packages: 9.555 seconds
W/PackageManager( 1487): Not granting permission android.permission.UPDATE_DEVICE_STATS to package io.appium.settings (protectionLevel=18 flags=0x8446)
W/PackageManager( 1487): Not granting permission android.permission.MODIFY_PHONE_STATE to package io.appium.settings (protectionLevel=18 flags=0x8446)
W/PackageManager( 1487): Not granting permission android.permission.WRITE_SECURE_SETTINGS to package io.appium.settings (protectionLevel=50 flags=0x8446)
W/PackageManager( 1487): Unknown permission com.google.android.voicesearch.SHORTCUTS_ACCESS in package com.google.android.googlequicksearchbox
W/PackageManager( 1487): Unknown permission com.google.android.voicesearch.ACCESS_SETTINGS in package com.google.android.googlequicksearchbox
W/PackageManager( 1487): Unknown permission com.google.android.ears.permission.WRITE in package com.google.android.googlequicksearchbox
W/PackageManager( 1487): Unknown permission com.google.android.apps.googlevoice.permission.AUTO_SEND in package com.google.android.googlequicksearchbox
W/PackageManager( 1487): Unknown permission com.google.android.gm.permission.AUTO_SEND in package com.google.android.googlequicksearchbox
W/PackageManager( 1487): Unknown permission com.google.android.hangouts.START_HANGOUT in package com.google.android.googlequicksearchbox
W/PackageManager( 1487): Unknown permission com.android.chrome.PRERENDER_URL in package com.google.android.googlequicksearchbox
W/PackageManager( 1487): Not granting permission android.permission.ACCESS_DOWNLOAD_MANAGER to package com.android.browser (protectionLevel=18 flags=0x9be45)
W/PackageManager( 1487): Not granting permission android.permission.SEND_DOWNLOAD_COMPLETED_INTENTS to package com.android.browser (protectionLevel=2 flags=0x9be45)
W/PackageManager( 1487): Unknown permission android.permission.INSTALL_DRM in package com.android.mms
W/PackageManager( 1487): Unknown permission com.android.launcher.permission.READ_SETTINGS in package com.google.android.launcher
W/PackageManager( 1487): Unknown permission com.android.launcher.permission.WRITE_SETTINGS in package com.google.android.launcher
W/PackageManager( 1487): Unknown permission android.permission.OBSERVE_GRANT_REVOKE_PERMISSIONS in package com.google.android.gms
W/PackageManager( 1487): Unknown permission android.permission.MANAGE_SOUND_TRIGGER in package com.google.android.gms
W/PackageManager( 1487): Unknown permission com.google.android.apps.enterprise.dmagent.permission.AutoSyncPermission in package com.google.android.gms
W/PackageManager( 1487): Unknown permission android.permission.CONNECTIVITY_USE_RESTRICTED_NETWORKS in package com.google.android.gms
W/PackageManager( 1487): Unknown permission android.permission.USE_FINGERPRINT in package com.google.android.gms
W/PackageManager( 1487): Unknown permission android.permission.SEND_SMS_NO_CONFIRMATION in package com.google.android.gms
W/PackageManager( 1487): Unknown permission android.permission.TETHER_PRIVILEGED in package com.google.android.gms
W/PackageManager( 1487): Unknown permission com.google.android.hangouts.START_HANGOUT in package com.google.android.gms
W/PackageManager( 1487): Unknown permission android.permission.READ_OEM_UNLOCK_STATE in package com.google.android.gms
W/PackageManager( 1487): Unknown permission android.permission.OVERRIDE_WIFI_CONFIG in package com.google.android.gms
W/PackageManager( 1487): Unknown permission com.google.android.wearable.READ_SETTINGS in package com.google.android.gms
W/PackageManager( 1487): Unknown permission android.permission.INTENT_FILTER_VERIFICATION_AGENT in package com.google.android.gms
W/PackageManager( 1487): Unknown permission android.permission.LOCAL_MAC_ADDRESS in package com.google.android.gms
W/PackageManager( 1487): Unknown permission android.permission.CHANGE_DEVICE_IDLE_TEMP_WHITELIST in package com.google.android.gms
W/PackageManager( 1487): Unknown permission android.permission.SUBSTITUTE_NOTIFICATION_APP_NAME in package com.google.android.gms
W/PackageManager( 1487): Unknown permission com.android.vending.setup.PLAY_SETUP_SERVICE in package com.google.android.gms
W/PackageManager( 1487): Unknown permission android.permission.NOTIFY_PENDING_SYSTEM_UPDATE in package com.google.android.gms
W/PackageManager( 1487): Unknown permission com.google.android.vending.verifier.ACCESS_VERIFIER in package com.google.android.gms
W/PackageManager( 1487): Unknown permission com.google.android.gm.permission.READ_GMAIL in package com.google.android.gms
W/PackageManager( 1487): Not granting permission android.permission.DELETE_PACKAGES to package com.svox.pico (protectionLevel=18 flags=0x8be45)
W/PackageManager( 1487): Not granting permission android.permission.CONTROL_KEYGUARD to package com.google.android.gsf.login (protectionLevel=2 flags=0x4048be45)
W/PackageManager( 1487): Unknown permission com.android.vending.billing.BILLING_ACCOUNT_SERVICE in package com.google.android.gsf.login
W/PackageManager( 1487): Unknown permission com.android.vending.billing.ADD_CREDIT_CARD in package com.google.android.gsf.login
W/PackageManager( 1487): Unknown permission com.android.vending.billing.IBillingAccountService.BIND2 in package com.google.android.gsf.login
W/PackageManager( 1487): Unknown permission com.android.vending.TOS_ACKED in package com.google.android.gsf.login
W/PackageManager( 1487): Unknown permission com.android.chrome.TOS_ACKED in package com.google.android.gsf.login
W/PackageManager( 1487): Unknown permission com.android.launcher.permission.READ_SETTINGS in package com.android.settings
W/PackageManager( 1487): Unknown permission com.android.launcher.permission.WRITE_SETTINGS in package com.android.settings
W/PackageManager( 1487): Unknown permission com.android.smspush.WAPPUSH_MANAGER_BIND in package com.android.phone
W/PackageManager( 1487): Not granting permission android.permission.DEVICE_POWER to package com.android.deskclock (protectionLevel=2 flags=0x48be45)
W/PackageManager( 1487): Not granting permission android.permission.BIND_APPWIDGET to package com.android.widgetpreview (protectionLevel=18 flags=0x8be44)
I/SystemServer( 1487): User Service
I/SystemServiceManager( 1487): Starting com.android.server.lights.LightsService
I/SystemServiceManager( 1487): Starting com.android.server.BatteryService
I/SystemServiceManager( 1487): Starting com.android.server.usage.UsageStatsService
I/SystemServiceManager( 1487): Starting com.android.server.webkit.WebViewUpdateService
I/SystemServer( 1487): Reading configuration...
I/SystemServer( 1487): Scheduling Policy
I/SystemServiceManager( 1487): Starting com.android.server.telecom.TelecomLoaderService
I/SystemServer( 1487): Telephony Registry
I/SystemServer( 1487): Entropy Mixer
I/EntropyMixer( 1487): Writing entropy...
I/SystemServer( 1487): Account Manager
I/SystemServer( 1487): Content Manager
I/SystemServer( 1487): System Content Providers
I/SystemServer( 1487): Vibrator Service
I/SystemServer( 1487): Consumer IR Service
I/SystemServiceManager( 1487): Starting com.android.server.AlarmManagerService
I/SystemServer( 1487): Init Watchdog
I/SystemServer( 1487): Input Manager
I/InputManager( 1487): Initializing input manager, mUseDevInputEventForAudioJack=false
I/SystemServer( 1487): Window Manager
I/WindowManager( 1487): No existing display settings /data/system/display_settings.xml; starting empty
I/InputManager( 1487): Starting input manager
I/SystemServer( 1487): No Bluetooh Service (emulator)
I/SystemServer( 1487): Input Method Service
W/InputMethodManagerService( 1487): Couldn't create dir.: /data/system/inputmethod
I/SystemServer( 1487): Accessibility Manager
I/ActivityManager( 1487): Config changes=1df8 {1.0 ?mcc?mnc en_US ?layoutDir sw360dp w360dp h640dp 480dpi nrml long port ?uimode ?night -touch -keyb/v/h -nav/h s.2}
I/ActivityManager( 1487): Config changes=508 {1.0 ?mcc?mnc en_US ?layoutDir sw360dp w360dp h567dp 480dpi nrml port ?uimode ?night finger -keyb/v/h -nav/h s.3}
I/SystemServer( 1487): Mount Service
D/MountService( 1487): got storage path: /storage/sdcard description: USB storage primary: true removable: false emulated: false mtpReserve: 0 allowMassStorage: false maxFileSize: 0
D/MountService( 1487): addVolumeLocked() StorageVolume:
D/MountService( 1487):     mStorageId=0 mPath=/storage/sdcard mDescriptionId=17040807 mPrimary=true 
D/MountService( 1487):     mRemovable=false mEmulated=false mMtpReserveSpace=0 
D/MountService( 1487):     mAllowMassStorage=false mMaxFileSize=0 mOwner=null mUuid=null 
D/MountService( 1487):     mUserLabel=null mState=null 
W/MountService( 1487): Duplicate state transition (unmounted -> unmounted) for /storage/sdcard
W/MountService( 1487): getSecureContainerList() called when storage not mounted
I/SystemServer( 1487): LockSettingsService
I/SystemServiceManager( 1487): Starting com.android.server.devicepolicy.DevicePolicyManagerService$Lifecycle
I/UsageStatsService( 1487): User[0] Rollover scheduled @ 2017-04-04 05:30:00(1491264000000)
I/SystemServer( 1487): Status Bar
W/PackageManager( 1487): Not granting permission android.permission.UPDATE_DEVICE_STATS to package io.appium.settings (protectionLevel=18 flags=0x8446)
W/PackageManager( 1487): Not granting permission android.permission.MODIFY_PHONE_STATE to package io.appium.settings (protectionLevel=18 flags=0x8446)
W/PackageManager( 1487): Not granting permission android.permission.WRITE_SECURE_SETTINGS to package io.appium.settings (protectionLevel=50 flags=0x8446)
W/PackageManager( 1487): Unknown permission com.google.android.voicesearch.SHORTCUTS_ACCESS in package com.google.android.googlequicksearchbox
I/SystemServer( 1487): Clipboard Service
W/PackageManager( 1487): Unknown permission com.google.android.voicesearch.ACCESS_SETTINGS in package com.google.android.googlequicksearchbox
W/PackageManager( 1487): Unknown permission com.google.android.ears.permission.WRITE in package com.google.android.googlequicksearchbox
W/PackageManager( 1487): Unknown permission com.google.android.apps.googlevoice.permission.AUTO_SEND in package com.google.android.googlequicksearchbox
W/PackageManager( 1487): Unknown permission com.google.android.gm.permission.AUTO_SEND in package com.google.android.googlequicksearchbox
W/PackageManager( 1487): Unknown permission com.google.android.hangouts.START_HANGOUT in package com.google.android.googlequicksearchbox
W/PackageManager( 1487): Unknown permission com.android.chrome.PRERENDER_URL in package com.google.android.googlequicksearchbox
W/PackageManager( 1487): Not granting permission android.permission.ACCESS_DOWNLOAD_MANAGER to package com.android.browser (protectionLevel=18 flags=0x9be45)
W/PackageManager( 1487): Not granting permission android.permission.SEND_DOWNLOAD_COMPLETED_INTENTS to package com.android.browser (protectionLevel=2 flags=0x9be45)
W/PackageManager( 1487): Unknown permission android.permission.INSTALL_DRM in package com.android.mms
W/PackageManager( 1487): Unknown permission com.android.launcher.permission.READ_SETTINGS in package com.google.android.launcher
W/PackageManager( 1487): Unknown permission com.android.launcher.permission.WRITE_SETTINGS in package com.google.android.launcher
W/PackageManager( 1487): Unknown permission android.permission.OBSERVE_GRANT_REVOKE_PERMISSIONS in package com.google.android.gms
W/PackageManager( 1487): Unknown permission android.permission.MANAGE_SOUND_TRIGGER in package com.google.android.gms
W/PackageManager( 1487): Unknown permission com.google.android.apps.enterprise.dmagent.permission.AutoSyncPermission in package com.google.android.gms
W/PackageManager( 1487): Unknown permission android.permission.CONNECTIVITY_USE_RESTRICTED_NETWORKS in package com.google.android.gms
W/PackageManager( 1487): Unknown permission android.permission.USE_FINGERPRINT in package com.google.android.gms
W/PackageManager( 1487): Unknown permission android.permission.SEND_SMS_NO_CONFIRMATION in package com.google.android.gms
W/PackageManager( 1487): Unknown permission android.permission.TETHER_PRIVILEGED in package com.google.android.gms
W/PackageManager( 1487): Unknown permission com.google.android.hangouts.START_HANGOUT in package com.google.android.gms
W/PackageManager( 1487): Unknown permission android.permission.READ_OEM_UNLOCK_STATE in package com.google.android.gms
W/PackageManager( 1487): Unknown permission android.permission.OVERRIDE_WIFI_CONFIG in package com.google.android.gms
W/PackageManager( 1487): Unknown permission com.google.android.wearable.READ_SETTINGS in package com.google.android.gms
W/PackageManager( 1487): Unknown permission android.permission.INTENT_FILTER_VERIFICATION_AGENT in package com.google.android.gms
W/PackageManager( 1487): Unknown permission android.permission.LOCAL_MAC_ADDRESS in package com.google.android.gms
W/PackageManager( 1487): Unknown permission android.permission.CHANGE_DEVICE_IDLE_TEMP_WHITELIST in package com.google.android.gms
W/PackageManager( 1487): Unknown permission android.permission.SUBSTITUTE_NOTIFICATION_APP_NAME in package com.google.android.gms
W/PackageManager( 1487): Unknown permission com.android.vending.setup.PLAY_SETUP_SERVICE in package com.google.android.gms
W/PackageManager( 1487): Unknown permission android.permission.NOTIFY_PENDING_SYSTEM_UPDATE in package com.google.android.gms
W/PackageManager( 1487): Unknown permission com.google.android.vending.verifier.ACCESS_VERIFIER in package com.google.android.gms
W/PackageManager( 1487): Unknown permission com.google.android.gm.permission.READ_GMAIL in package com.google.android.gms
W/PackageManager( 1487): Not granting permission android.permission.DELETE_PACKAGES to package com.svox.pico (protectionLevel=18 flags=0x8be45)
W/PackageManager( 1487): Not granting permission android.permission.CONTROL_KEYGUARD to package com.google.android.gsf.login (protectionLevel=2 flags=0x4048be45)
W/PackageManager( 1487): Unknown permission com.android.vending.billing.BILLING_ACCOUNT_SERVICE in package com.google.android.gsf.login
W/PackageManager( 1487): Unknown permission com.android.vending.billing.ADD_CREDIT_CARD in package com.google.android.gsf.login
W/PackageManager( 1487): Unknown permission com.android.vending.billing.IBillingAccountService.BIND2 in package com.google.android.gsf.login
W/PackageManager( 1487): Unknown permission com.android.vending.TOS_ACKED in package com.google.android.gsf.login
W/PackageManager( 1487): Unknown permission com.android.chrome.TOS_ACKED in package com.google.android.gsf.login
W/PackageManager( 1487): Unknown permission com.android.launcher.permission.READ_SETTINGS in package com.android.settings
W/PackageManager( 1487): Unknown permission com.android.launcher.permission.WRITE_SETTINGS in package com.android.settings
I/SystemServer( 1487): NetworkManagement Service
W/PackageManager( 1487): Unknown permission com.android.smspush.WAPPUSH_MANAGER_BIND in package com.android.phone
W/PackageManager( 1487): Not granting permission android.permission.DEVICE_POWER to package com.android.deskclock (protectionLevel=2 flags=0x48be45)
W/PackageManager( 1487): Not granting permission android.permission.BIND_APPWIDGET to package com.android.widgetpreview (protectionLevel=18 flags=0x8be44)
I/SystemServer( 1487): Text Service Manager Service
W/MountService( 1487): getSecureContainerList() called when storage not mounted
I/SystemServer( 1487): Network Score Service
I/SystemServer( 1487): NetworkStats Service
I/SystemServer( 1487): NetworkPolicy Service
I/SystemServiceManager( 1487): Starting com.android.server.wifi.p2p.WifiP2pService
I/SystemServiceManager( 1487): Starting com.android.server.wifi.WifiService
I/SystemServiceManager( 1487): Starting com.android.server.wifi.WifiScanningService
I/SystemServiceManager( 1487): Starting com.android.server.wifi.RttService
I/SystemServer( 1487): Connectivity Service
D/ConnectivityService( 1487): ConnectivityService starting up
D/ConnectivityService( 1487): wifiOnly=false
I/SystemServer( 1487): Network Service Discovery Service
D/NsdService( 1487): Network service discovery enabled true
I/SystemServer( 1487): UpdateLock Service
I/SystemServiceManager( 1487): Starting com.android.server.notification.NotificationManagerService
D/ZenLog  ( 1487): set_zen_mode: off,setting
I/SystemServiceManager( 1487): Starting com.android.server.storage.DeviceStorageMonitorService
I/SystemServer( 1487): Location Manager
I/SystemServer( 1487): Country Detector
I/SystemServer( 1487): Search Service
I/SystemServer( 1487): DropBox Service
I/SystemServer( 1487): Wallpaper Service
I/SystemServer( 1487): Audio Service
I/SystemServiceManager( 1487): Starting com.android.server.DockObserver
W/DockObserver( 1487): This kernel does not have dock station support
I/SystemServer( 1487): Wired Accessory Manager
W/WiredAccessoryManager( 1487): This kernel does not have wired headset support
W/WiredAccessoryManager( 1487): This kernel does not have usb audio support
W/WiredAccessoryManager( 1487): This kernel does not have HDMI audio support
I/SystemServiceManager( 1487): Starting com.android.server.usb.UsbService$Lifecycle
I/SystemServer( 1487): Serial Service
I/SystemServiceManager( 1487): Starting com.android.server.twilight.TwilightService
I/SystemServiceManager( 1487): Starting com.android.server.UiModeManagerService
I/SystemServiceManager( 1487): Starting com.android.server.job.JobSchedulerService
I/SystemServiceManager( 1487): Starting com.android.server.backup.BackupManagerService$Lifecycle
I/SystemServiceManager( 1487): Starting com.android.server.appwidget.AppWidgetService
I/SystemServiceManager( 1487): Starting com.android.server.voiceinteraction.VoiceInteractionManagerService
W/SoundTriggerHelper( 1487): listModules status=0, # of modules=0
I/SystemServer( 1487): DiskStats Service
I/SystemServer( 1487): SamplingProfiler Service
I/SystemServer( 1487): NetworkTimeUpdateService
I/SystemServer( 1487): CommonTimeManagementService
I/SystemServer( 1487): CertBlacklister
I/SystemServiceManager( 1487): Starting com.android.server.dreams.DreamManagerService
I/SystemServer( 1487): Assets Atlas Service
I/SystemServiceManager( 1487): Starting com.android.server.print.PrintManagerService
I/SystemServiceManager( 1487): Starting com.android.server.restrictions.RestrictionsManagerService
I/SystemServiceManager( 1487): Starting com.android.server.media.MediaSessionService
I/SystemServer( 1487): Media Router Service
I/SystemServiceManager( 1487): Starting com.android.server.trust.TrustManagerService
I/SystemServiceManager( 1487): Starting com.android.server.fingerprint.FingerprintService
I/SystemServer( 1487): BackgroundDexOptService
I/SystemServiceManager( 1487): Starting com.android.server.pm.LauncherAppsService
I/SystemServiceManager( 1487): Starting com.android.server.media.projection.MediaProjectionManagerService
I/SystemServiceManager( 1487): Starting com.android.server.MmsServiceBroker
E/LockSettingsStorage( 1487): Cannot read file java.io.FileNotFoundException: /data/system/password.key: open failed: ENOENT (No such file or directory)
E/LockSettingsStorage( 1487): Cannot read file java.io.FileNotFoundException: /data/system/gesture.key: open failed: ENOENT (No such file or directory)
I/SystemServiceManager( 1487): Starting phase 480
I/SystemServiceManager( 1487): Starting phase 500
I/WifiService( 1487): WifiService starting up with Wi-Fi enabled
D/WifiService( 1487): setWifiEnabled: true pid=1487, uid=1000
E/WifiService( 1487): Invoking mWifiStateMachine.setWifiEnabled
D/WifiService( 1487): New client listening to asynchronous messages
D/WifiScanningService( 1487): New client, channel: null messenger: null
I/ActivityManager( 1487): Config changes=200 {1.0 ?mcc?mnc en_US ?layoutDir sw360dp w360dp h567dp 480dpi nrml port finger -keyb/v/h -nav/h s.4}
D/BackupManagerService( 1487): Now staging backup of com.google.android.googlequicksearchbox
D/BackupManagerService( 1487): Now staging backup of com.android.browser
D/BackupManagerService( 1487): Now staging backup of android
D/BackupManagerService( 1487): Now staging backup of com.android.calendar
D/BackupManagerService( 1487): Now staging backup of com.android.providers.settings
D/BackupManagerService( 1487): Now staging backup of com.android.sharedstoragebackup
D/BackupManagerService( 1487): Now staging backup of com.android.dialer
D/BackupManagerService( 1487): Now staging backup of com.android.providers.userdictionary
V/BackupManagerService( 1487): Starting with transport com.google.android.gms/.backup.BackupTransportService
V/BackupManagerService( 1487): Found transports: 2
I/BackupManagerService( 1487): Binding to transport host ComponentInfo{android/com.android.internal.backup.LocalTransportService}
I/BackupManagerService( 1487): Binding to transport host ComponentInfo{com.google.android.gms/com.google.android.gms.backup.BackupTransportService}
I/BackupManagerService( 1487): Found stale backup journal, scheduling
I/DisplayManagerService( 1487): Display device changed: DisplayDeviceInfo{"Built-in Screen": uniqueId="local:0", 1080 x 1920, 60.000004 fps, supportedRefreshRates [60.000004], density 480, 480.0 x 480.0 dpi, appVsyncOff 0, presDeadline 17666666, touch INTERNAL, rotation 0, type BUILT_IN, state ON, FLAG_DEFAULT_DISPLAY, FLAG_ROTATES_WITH_CONTENT, FLAG_SECURE, FLAG_SUPPORTS_PROTECTED_BUFFERS}
D/TaskPersister( 1487): removeObsoleteFile: deleting file=173_task_thumbnail.png
I/AppOps  ( 1487): Pruning old package media/1013: new uid=-1
I/ActivityManager( 1487): System now ready
I/SystemServer( 1487): Making services ready
I/SystemServiceManager( 1487): Starting phase 550
I/SystemServer( 1487): WebViewFactory preparation
I/ActivityManager( 1487): Start proc 1576:WebViewLoader-x86/1037 [android.webkit.WebViewFactory$RelroFileCreator] for 
I/ActivityManager( 1487): Start proc 1590:WebViewLoader-x86_64/1037 [android.webkit.WebViewFactory$RelroFileCreator] for 
I/ActivityManager( 1487): Start proc 1608:com.android.systemui/u0a12 for service com.android.systemui/.SystemUIService
D/NetworkManagementService( 1487): not enabling bandwidth control
I/Vold    ( 1122): /dev/block/vold/253:48 being considered for volume sdcard
D/Vold    ( 1122): Volume sdcard state changing 1 (Idle-Unmounted) -> 3 (Checking)
D/MountService( 1487): volume state changed for /storage/sdcard (unmounted -> checking)
D/MountService( 1487): sendStorageIntent Intent { act=android.intent.action.MEDIA_CHECKING dat=file:///storage/sdcard flg=0x4000000 (has extras) } to UserHandle{-1}
W/NetworkStats( 1487): bandwidth controls disabled, unable to track stats
W/NetworkPolicy( 1487): bandwidth controls disabled, unable to enforce policy
I/SystemServiceManager( 1487): Starting phase 600
I/BackupManagerService( 1487): Backup enabled => true
I/ActivityManager( 1487): Start proc 1652:com.google.android.googlequicksearchbox:interactor/u0a13 for service com.google.android.googlequicksearchbox/com.google.android.voiceinteraction.GsaVoiceInteractionService
E/InputMethodManagerService( 1487): Ignoring setImeWindowStatus due to an invalid token. uid:1000 token:null
I/ActivityManager( 1487): Start proc 1668:com.android.inputmethod.latin/u0a32 for service com.android.inputmethod.latin/.LatinIME
V/InputMethodManagerService( 1487): Adding window token: android.os.Binder@2a61e7e2
I/Vold    ( 1122): Filesystem check completed OK
V/FingerprintService( 1487): startListening(android.service.fingerprint.IFingerprintServiceReceiver$Stub$Proxy@1cad5678)
D/Vold    ( 1122): Volume sdcard state changing 3 (Checking) -> 4 (Mounted)
D/MountService( 1487): volume state changed for /storage/sdcard (checking -> mounted)
E/VoldConnector( 1487): NDC Command {5 volume mount /storage/sdcard} took too long (1020ms)
D/MountService( 1487): sendStorageIntent Intent { act=android.intent.action.MEDIA_MOUNTED dat=file:///storage/sdcard flg=0x4000000 (has extras) } to UserHandle{-1}
W/PackageManager( 1487): Not granting permission android.permission.UPDATE_DEVICE_STATS to package io.appium.settings (protectionLevel=18 flags=0x8446)
W/PackageManager( 1487): Not granting permission android.permission.MODIFY_PHONE_STATE to package io.appium.settings (protectionLevel=18 flags=0x8446)
W/PackageManager( 1487): Not granting permission android.permission.WRITE_SECURE_SETTINGS to package io.appium.settings (protectionLevel=50 flags=0x8446)
W/PackageManager( 1487): Unknown permission com.google.android.voicesearch.SHORTCUTS_ACCESS in package com.google.android.googlequicksearchbox
W/PackageManager( 1487): Unknown permission com.google.android.voicesearch.ACCESS_SETTINGS in package com.google.android.googlequicksearchbox
W/PackageManager( 1487): Unknown permission com.google.android.ears.permission.WRITE in package com.google.android.googlequicksearchbox
W/PackageManager( 1487): Unknown permission com.google.android.apps.googlevoice.permission.AUTO_SEND in package com.google.android.googlequicksearchbox
W/PackageManager( 1487): Unknown permission com.google.android.gm.permission.AUTO_SEND in package com.google.android.googlequicksearchbox
W/PackageManager( 1487): Unknown permission com.google.android.hangouts.START_HANGOUT in package com.google.android.googlequicksearchbox
W/PackageManager( 1487): Unknown permission com.android.chrome.PRERENDER_URL in package com.google.android.googlequicksearchbox
W/PackageManager( 1487): Not granting permission android.permission.ACCESS_DOWNLOAD_MANAGER to package com.android.browser (protectionLevel=18 flags=0x89be45)
W/PackageManager( 1487): Not granting permission android.permission.SEND_DOWNLOAD_COMPLETED_INTENTS to package com.android.browser (protectionLevel=2 flags=0x89be45)
W/PackageManager( 1487): Unknown permission android.permission.INSTALL_DRM in package com.android.mms
W/PackageManager( 1487): Unknown permission com.android.launcher.permission.READ_SETTINGS in package com.google.android.launcher
W/PackageManager( 1487): Unknown permission com.android.launcher.permission.WRITE_SETTINGS in package com.google.android.launcher
W/PackageManager( 1487): Unknown permission android.permission.OBSERVE_GRANT_REVOKE_PERMISSIONS in package com.google.android.gms
W/PackageManager( 1487): Unknown permission android.permission.MANAGE_SOUND_TRIGGER in package com.google.android.gms
W/PackageManager( 1487): Unknown permission com.google.android.apps.enterprise.dmagent.permission.AutoSyncPermission in package com.google.android.gms
W/PackageManager( 1487): Unknown permission android.permission.CONNECTIVITY_USE_RESTRICTED_NETWORKS in package com.google.android.gms
W/PackageManager( 1487): Unknown permission android.permission.USE_FINGERPRINT in package com.google.android.gms
W/PackageManager( 1487): Unknown permission android.permission.SEND_SMS_NO_CONFIRMATION in package com.google.android.gms
W/PackageManager( 1487): Unknown permission android.permission.TETHER_PRIVILEGED in package com.google.android.gms
W/PackageManager( 1487): Unknown permission com.google.android.hangouts.START_HANGOUT in package com.google.android.gms
W/PackageManager( 1487): Unknown permission android.permission.READ_OEM_UNLOCK_STATE in package com.google.android.gms
W/PackageManager( 1487): Unknown permission android.permission.OVERRIDE_WIFI_CONFIG in package com.google.android.gms
W/PackageManager( 1487): Unknown permission com.google.android.wearable.READ_SETTINGS in package com.google.android.gms
W/PackageManager( 1487): Unknown permission android.permission.INTENT_FILTER_VERIFICATION_AGENT in package com.google.android.gms
W/PackageManager( 1487): Unknown permission android.permission.LOCAL_MAC_ADDRESS in package com.google.android.gms
W/PackageManager( 1487): Unknown permission android.permission.CHANGE_DEVICE_IDLE_TEMP_WHITELIST in package com.google.android.gms
W/PackageManager( 1487): Unknown permission android.permission.SUBSTITUTE_NOTIFICATION_APP_NAME in package com.google.android.gms
W/PackageManager( 1487): Unknown permission com.android.vending.setup.PLAY_SETUP_SERVICE in package com.google.android.gms
W/PackageManager( 1487): Unknown permission android.permission.NOTIFY_PENDING_SYSTEM_UPDATE in package com.google.android.gms
W/PackageManager( 1487): Unknown permission com.google.android.vending.verifier.ACCESS_VERIFIER in package com.google.android.gms
W/PackageManager( 1487): Unknown permission com.google.android.gm.permission.READ_GMAIL in package com.google.android.gms
W/PackageManager( 1487): Not granting permission android.permission.DELETE_PACKAGES to package com.svox.pico (protectionLevel=18 flags=0x88be45)
W/PackageManager( 1487): Not granting permission android.permission.CONTROL_KEYGUARD to package com.google.android.gsf.login (protectionLevel=2 flags=0x40c8be45)
W/PackageManager( 1487): Unknown permission com.android.vending.billing.BILLING_ACCOUNT_SERVICE in package com.google.android.gsf.login
W/PackageManager( 1487): Unknown permission com.android.vending.billing.ADD_CREDIT_CARD in package com.google.android.gsf.login
W/PackageManager( 1487): Unknown permission com.android.vending.billing.IBillingAccountService.BIND2 in package com.google.android.gsf.login
W/PackageManager( 1487): Unknown permission com.android.vending.TOS_ACKED in package com.google.android.gsf.login
W/PackageManager( 1487): Unknown permission com.android.chrome.TOS_ACKED in package com.google.android.gsf.login
W/PackageManager( 1487): Unknown permission com.android.launcher.permission.READ_SETTINGS in package com.android.settings
W/PackageManager( 1487): Unknown permission com.android.launcher.permission.WRITE_SETTINGS in package com.android.settings
W/PackageManager( 1487): Unknown permission com.android.smspush.WAPPUSH_MANAGER_BIND in package com.android.phone
W/PackageManager( 1487): Not granting permission android.permission.DEVICE_POWER to package com.android.deskclock (protectionLevel=2 flags=0xc8be45)
W/PackageManager( 1487): Not granting permission android.permission.BIND_APPWIDGET to package com.android.widgetpreview (protectionLevel=18 flags=0x8be44)
I/ActivityManager( 1487): Start proc 1712:android.process.media/u0a5 for broadcast com.android.providers.downloads/.DownloadReceiver
E/LocationManagerService( 1487): FLP HAL not supported
E/LocationManagerService( 1487): Hardware Activity-Recognition not supported.
I/MmsServiceBroker( 1487): Delay connecting to MmsService until an API is called
I/ActivityManager( 1487): Start proc 1750:com.android.phone/1001 for added application com.android.phone
I/ActivityManager( 1487): START u0 {act=android.intent.action.MAIN cat=[android.intent.category.HOME] flg=0x10000000 cmp=com.google.android.googlequicksearchbox/com.google.android.launcher.GEL} from uid 0 on display 0
V/WindowManager( 1487): addAppToken: AppWindowToken{3accc2e3 token=Token{631eb12 ActivityRecord{1cf4ea9d u0 com.google.android.googlequicksearchbox/com.google.android.launcher.GEL t175}}} to stack=0 task=175 at 0
I/ActivityManager( 1487): Start proc 1770:com.google.android.googlequicksearchbox/u0a13 for activity com.google.android.googlequicksearchbox/com.google.android.launcher.GEL
I/SystemServer( 1487): Enabled StrictMode for system server main thread.
V/ActivityManager( 1487): Display changed displayId=0
V/ActivityManager( 1487): Display changed displayId=0
I/ActivityManager( 1487): Start proc 1791:com.android.printspooler/u0a44 for service com.android.printspooler/.model.PrintSpoolerService
V/ActivityManager( 1487): Display changed displayId=0
V/ActivityManager( 1487): Display changed displayId=0
I/Telecom ( 1487): TelecomGlobals: TelecomGlobals initializing
I/ActivityManager( 1487): Start proc 1857:android.process.acore/u0a2 for content provider com.android.providers.contacts/.CallLogProvider
I/Telecom ( 1487): TelecomGlobals: CallsManager initialized
D/ZenLog  ( 1487): downtime: Autotrigger skipped: not in downtime
V/WiredAccessoryManager( 1487): init()
V/ActivityManager( 1487): Display changed displayId=0
V/BackupManagerService( 1487): Connected to transport ComponentInfo{android/com.android.internal.backup.LocalTransportService}
V/BackupManagerService( 1487): Registering transport android/com.android.internal.backup.LocalTransportService::android/com.android.internal.backup.LocalTransport = android.app.backup.BackupTransport$TransportImpl@a31e11e
I/StatusBarManagerService( 1487): registerStatusBar bar=com.android.internal.statusbar.IStatusBar$Stub$Proxy@19383e94
I/ActivityManager( 1487): Start proc 1923:com.android.externalstorage/u0a6 for broadcast com.android.externalstorage/.MountReceiver
I/ActivityManager( 1487): Start proc 1940:com.google.android.gms.persistent/u0a7 for broadcast com.google.android.gms/.chimera.GmsIntentOperationService$PersistentTrustedReceiver
W/ResourcesManager( 1940): Asset path '/system/framework/com.android.media.remotedisplay.jar' does not exist or contains no resources.
W/ResourcesManager( 1940): Asset path '/system/framework/com.android.location.provider.jar' does not exist or contains no resources.
W/DropBoxManagerService( 1487): Dropping: system_app_strictmode (10 > 0 bytes)
W/KeyguardServiceDelegate( 1487): onScreenTurnedOn(): no keyguard service!
W/WindowManager( 1487): Keyguard drawn timeout. Setting mKeyguardDrawComplete
D/WifiService( 1487): New client listening to asynchronous messages
D/ConnectivityService( 1487): listenForNetwork for NetworkRequest [ id=2, legacyType=-1, [] ]
I/ActivityManager( 1487): Waited long enough for: ServiceRecord{18011683 u0 com.android.providers.media/.MediaScannerService}
W/ActivityManager( 1487): Timeout executing service: ServiceRecord{129d6224 u0 com.google.android.googlequicksearchbox/com.google.android.voiceinteraction.GsaVoiceInteractionService}
D/WifiService( 1487): New client listening to asynchronous messages
I/ActivityManager( 1487): Start proc 1990:com.google.android.googlequicksearchbox:search/u0a13 for service com.google.android.googlequicksearchbox/com.google.android.hotword.service.HotwordService
E/ConnectivityService( 1487): Failed to find Messenger in unregisterNetworkFactory
D/ConnectivityService( 1487): Got NetworkFactory Messenger for Telephony
W/DropBoxManagerService( 1487): Dropping: system_app_strictmode (10 > 0 bytes)
I/SystemServiceManager( 1487): Starting phase 1000
W/DropBoxManagerService( 1487): Dropping: system_app_strictmode (10 > 0 bytes)
W/WindowManager( 1487): Window freeze timeout expired.
E/ActivityThread( 1990): Failed to find provider info for com.google.android.partnersetup.rlzappprovider
I/ActivityManager( 1487): Start proc 2024:com.google.process.gapps/u0a7 for content provider com.google.android.gsf/.settings.GoogleSettingsProvider
D/MccTable( 1750): updateMccMncConfiguration mccmnc='310260' fromServiceState=true
D/MccTable( 1750): updateMccMncConfiguration defaultMccMnc=
D/MccTable( 1750): updateMccMncConfiguration: mcc=310, mnc=260
D/MccTable( 1750): defaultLanguageForMcc(310): country us uses en
D/MccTable( 1750): getLocaleFromMcc to en_us mcc=310
D/MccTable( 1750): getLocaleForLanguageCountry: not permitted to update locale
D/MccTable( 1750): WIFI_COUNTRY_CODE set to us
D/WifiService( 1487): New client listening to asynchronous messages
I/WifiService( 1487): WifiService trying to set country code to us with persist set to true
W/KeyphraseEnrollmentInfo( 1652): Enrollment application doesn't support keyphrases
D/MccTable( 1750): updateMccMncConfiguration mccmnc='310260' fromServiceState=false
D/MccTable( 1750): updateMccMncConfiguration defaultMccMnc=
D/MccTable( 1750): updateMccMncConfiguration: mcc=310, mnc=260
D/MccTable( 1750): defaultLanguageForMcc(310): country us uses en
D/MccTable( 1750): getLocaleFromMcc to en_us mcc=310
D/MccTable( 1750): getLocaleForLanguageCountry: not permitted to update locale
D/MccTable( 1750): updateMccMncConfiguration updateConfig config={1.0 310mcc260mnc ?locale ?layoutDir ?swdp ?wdp ?hdp ?density ?lsize ?long ?orien ?uimode ?night ?touch ?keyb/?/? ?nav/?}
I/ActivityManager( 1487): Config changes=3 {1.0 310mcc260mnc en_US ?layoutDir sw360dp w360dp h567dp 480dpi nrml port finger -keyb/v/h -nav/h s.5}
E/ActivityManager( 1487): ANR in com.google.android.googlequicksearchbox:interactor
E/ActivityManager( 1487): PID: 1652
E/ActivityManager( 1487): Reason: executing service com.google.android.googlequicksearchbox/com.google.android.voiceinteraction.GsaVoiceInteractionService
E/ActivityManager( 1487): Load: 4.31 / 1.18 / 0.4
E/ActivityManager( 1487): CPU usage from 1224ms to -11363ms ago:
E/ActivityManager( 1487):   18% 1487/system_server: 5.8% user + 12% kernel / faults: 10287 minor 7 major
E/ActivityManager( 1487):   7.1% 1608/com.android.systemui: 1.4% user + 5.7% kernel / faults: 7885 minor 1 major
E/ActivityManager( 1487):   6.6% 1750/com.android.phone: 4.4% user + 2.2% kernel / faults: 9227 minor 20 major
E/ActivityManager( 1487):   5.5% 1123/surfaceflinger: 0.7% user + 4.7% kernel / faults: 47 minor
E/ActivityManager( 1487):   2.4% 1128/adbd: 0% user + 2.4% kernel
E/ActivityManager( 1487):   2.4% 1770/com.google.android.googlequicksearchbox: 0.5% user + 1.9% kernel / faults: 6361 minor 75 major
E/ActivityManager( 1487):   2% 1132/rild: 0.3% user + 1.7% kernel / faults: 10 minor
E/ActivityManager( 1487):   1.4% 1940/com.google.android.gms.persistent: 0.6% user + 0.7% kernel / faults: 3615 minor 110 major
E/ActivityManager( 1487):   1% 1118/logd: 1% user + 0% kernel / faults: 69 minor
E/ActivityManager( 1487):   0.8% 1857/android.process.acore: 0.7% user + 0.1% kernel / faults: 505 minor
E/ActivityManager( 1487):   0.1% 1131/debuggerd64: 0% user + 0.1% kernel / faults: 896 minor
E/ActivityManager( 1487):   0.4% 1652/com.google.android.googlequicksearchbox:interactor: 0.1% user + 0.3% kernel / faults: 1969 minor 21 major
E/ActivityManager( 1487):   0.2% 804/kworker/0:1H: 0% user + 0.2% kernel
E/ActivityManager( 1487):   0.2% 1121/servicemanager: 0% user + 0.2% kernel
E/ActivityManager( 1487):   0.1% 1140/zygote64: 0% user + 0% kernel / faults: 1525 minor
E/ActivityManager( 1487):   0.1% 1668/com.android.inputmethod.latin: 0% user + 0% kernel / faults: 41 minor
E/ActivityManager( 1487):   0% 1//init: 0% user + 0% kernel / faults: 35 minor
E/ActivityManager( 1487):   0% 8/rcu_preempt: 0% user + 0% kernel
E/ActivityManager( 1487):   0% 12/ksoftirqd/1: 0% user + 0% kernel
E/ActivityManager( 1487):   0% 581/kworker/1:1: 0% user + 0% kernel
E/ActivityManager( 1487):   0% 1116/jbd2/vdc-8: 0% user + 0% kernel
E/ActivityManager( 1487):   0% 1141/zygote: 0% user + 0% kernel / faults: 1569 minor
E/ActivityManager( 1487):   0% 1712/android.process.media: 0% user + 0% kernel / faults: 15 minor
E/ActivityManager( 1487):  +0% 1990/com.google.android.googlequicksearchbox:search: 0% user + 0% kernel
E/ActivityManager( 1487):  +0% 2024/com.google.process.gapps: 0% user + 0% kernel
E/ActivityManager( 1487): 98% TOTAL: 8.6% user + 17% kernel + 72% iowait
E/ActivityManager( 1487): CPU usage from 10367ms to 10893ms later:
E/ActivityManager( 1487):   18% 1750/com.android.phone: 12% user + 5.5% kernel / faults: 945 minor
E/ActivityManager( 1487):     11% 1750/m.android.phone: 9.2% user + 1.8% kernel
E/ActivityManager( 1487):     5.5% 1973/RILSender0: 5.5% user + 0% kernel
E/ActivityManager( 1487):     1.8% 1974/RILReceiver0: 1.8% user + 0% kernel
E/ActivityManager( 1487):    +0% 2051/Cat Telephony s: 0% user + 0% kernel
E/ActivityManager( 1487):    +0% 2052/RilMessageDecod: 0% user + 0% kernel
E/ActivityManager( 1487):    +0% 2053/Cat Icon Loader: 0% user + 0% kernel
E/ActivityManager( 1487):   13% 1487/system_server: 11% user + 1.8% kernel / faults: 64 minor
E/ActivityManager( 1487):     3.7% 1543/Binder_3: 3.7% user + 0% kernel
E/ActivityManager( 1487):     1.8% 1506/ActivityManager: 1.8% user + 0% kernel
E/ActivityManager( 1487):     1.8% 1513/PowerManagerSer: 1.8% user + 0% kernel
E/ActivityManager( 1487):     1.8% 1708/Binder_4: 0% user + 1.8% kernel
E/ActivityManager( 1487):     1.8% 1732/Binder_6: 1.8% user + 0% kernel
E/ActivityManager( 1487):     1.8% 2019/Binder_7: 1.8% user + 0% kernel
E/ActivityManager( 1487):   5.5% 1770/com.google.android.googlequicksearchbox: 1.8% user + 3.7% kernel / faults: 873 minor 5 major
E/ActivityManager( 1487):     3.7% 1770/equicksearchbox: 1.8% user + 1.8% kernel
E/ActivityManager( 1487):    +0% 2049/AsyncTask #2: 0% user + 0% kernel
E/ActivityManager( 1487):   2.6% 1118/logd: 2.6% user + 0% kernel / faults: 16 minor
E/ActivityManager( 1487):     2.6% 1283/logd.writer: 2.6% user + 0% kernel
E/ActivityManager( 1487):   2.7% 1132/rild: 0% user + 2.7% kernel / faults: 2 minor
E/ActivityManager( 1487):     1.3% 1462/rild: 0% user + 1.3% kernel
E/ActivityManager( 1487):     1.3% 1464/rild: 0% user + 1.3% kernel
E/ActivityManager( 1487):   3.7% 1990/com.google.android.googlequicksearchbox:search: 3.7% user + 0% kernel / faults: 899 minor 12 major
E/ActivityManager( 1487):     3.7% 1990/earchbox:search: 3.7% user + 0% kernel
E/ActivityManager( 1487):     1.8% 2002/GCDaemon: 1.8% user + 0% kernel
E/ActivityManager( 1487):    +0% 2048/BackgroundExecu: 0% user + 0% kernel
E/ActivityManager( 1487):    +0% 2054/Background Non-: 0% user + 0% kernel
E/ActivityManager( 1487):   3.7% 2024/com.google.process.gapps: 1.8% user + 1.8% kernel / faults: 204 minor 3 major
E/ActivityManager( 1487):     1.8% 2024/e.process.gapps: 0% user + 1.8% kernel
E/ActivityManager( 1487):     1.8% 2037/GCDaemon: 0% user + 1.8% kernel
E/ActivityManager( 1487):   1.3% 804/kworker/0:1H: 0% user + 1.3% kernel
E/ActivityManager( 1487):   1.3% 1116/jbd2/vdc-8: 0% user + 1.3% kernel
E/ActivityManager( 1487):   1.3% 1128/adbd: 0% user + 1.3% kernel
E/ActivityManager( 1487):     1.3% 1138/adbd: 0% user + 1.3% kernel
E/ActivityManager( 1487):   1.4% 1940/com.google.android.gms.persistent: 1.4% user + 0% kernel / faults: 165 minor 10 major
E/ActivityManager( 1487):     1.4% 1940/.gms.persistent: 0% user + 1.4% kernel
E/ActivityManager( 1487):     1.4% 1953/GCDaemon: 1.4
I/ActivityManager( 1487): Killing 1652:com.google.android.googlequicksearchbox:interactor/u0a13 (adj 1): bg anr
W/ActivityManager( 1487): Scheduling restart of crashed service com.google.android.googlequicksearchbox/com.google.android.voiceinteraction.GsaVoiceInteractionService in 1000ms
W/ActivityManager( 1487): Timeout executing service: ServiceRecord{3da4cc2c u0 com.google.android.gms/com.google.android.location.geofencer.service.GeofenceProviderService}
W/DropBoxManagerService( 1487): Dropping: system_app_anr (10 > 0 bytes)
D/WifiService( 1487): New client listening to asynchronous messages
W/DropBoxManagerService( 1487): Dropping: system_app_strictmode (10 > 0 bytes)
W/DropBoxManagerService( 1487): Dropping: system_app_strictmode (1745 > 0 bytes)
V/WindowManager( 1487): Based on layer: Adding window Window{3cca00bf u0 com.google.android.googlequicksearchbox/com.google.android.launcher.GEL} at 1 of 7
V/WindowManager( 1487): Based on layer: Adding window Window{37890789 u0 com.google.android.googlequicksearchbox/com.google.android.launcher.GEL} at 1 of 7
V/BackupManagerService( 1487): Connected to transport ComponentInfo{com.google.android.gms/com.google.android.gms.backup.BackupTransportService}
V/BackupManagerService( 1487): Registering transport com.google.android.gms/.backup.BackupTransportService::com.google.android.gms/.backup.BackupTransportService = com.android.internal.backup.IBackupTransport$Stub$Proxy@2b8b1666
E/ActivityManager( 1487): ANR in com.google.android.gms.persistent
E/ActivityManager( 1487): PID: 1940
E/ActivityManager( 1487): Reason: executing service com.google.android.gms/com.google.android.location.geofencer.service.GeofenceProviderService
E/ActivityManager( 1487): Load: 4.84 / 1.34 / 0.46
E/ActivityManager( 1487): CPU usage from 12650ms to 63ms ago:
E/ActivityManager( 1487):   18% 1487/system_server: 5.8% user + 12% kernel / faults: 10287 minor 7 major
E/ActivityManager( 1487):   7.1% 1608/com.android.systemui: 1.4% user + 5.7% kernel / faults: 7885 minor 1 major
E/ActivityManager( 1487):   6.6% 1750/com.android.phone: 4.4% user + 2.2% kernel / faults: 9227 minor 20 major
E/ActivityManager( 1487):   5.5% 1123/surfaceflinger: 0.7% user + 4.7% kernel / faults: 47 minor
E/ActivityManager( 1487):   2.4% 1128/adbd: 0% user + 2.4% kernel
E/ActivityManager( 1487):   2.4% 1770/com.google.android.googlequicksearchbox: 0.5% user + 1.9% kernel / faults: 6361 minor 75 major
E/ActivityManager( 1487):   2% 1132/rild: 0.3% user + 1.7% kernel / faults: 10 minor
E/ActivityManager( 1487):   1.4% 1940/com.google.android.gms.persistent: 0.6% user + 0.7% kernel / faults: 3615 minor 110 major
E/ActivityManager( 1487):   1% 1118/logd: 1% user + 0% kernel / faults: 69 minor
E/ActivityManager( 1487):   0.8% 1857/android.process.acore: 0.7% user + 0.1% kernel / faults: 505 minor
E/ActivityManager( 1487):   0.1% 1131/debuggerd64: 0% user + 0.1% kernel / faults: 896 minor
E/ActivityManager( 1487):   0.4% 1652/com.google.android.googlequicksearchbox:interactor: 0.1% user + 0.3% kernel / faults: 1969 minor 21 major
E/ActivityManager( 1487):   0.2% 804/kworker/0:1H: 0% user + 0.2% kernel
E/ActivityManager( 1487):   0.2% 1121/servicemanager: 0% user + 0.2% kernel
E/ActivityManager( 1487):   0.1% 1140/zygote64: 0% user + 0% kernel / faults: 1525 minor
E/ActivityManager( 1487):   0.1% 1668/com.android.inputmethod.latin: 0% user + 0% kernel / faults: 41 minor
E/ActivityManager( 1487):   0% 1//init: 0% user + 0% kernel / faults: 35 minor
E/ActivityManager( 1487):   0% 8/rcu_preempt: 0% user + 0% kernel
E/ActivityManager( 1487):   0% 12/ksoftirqd/1: 0% user + 0% kernel
E/ActivityManager( 1487):   0% 581/kworker/1:1: 0% user + 0% kernel
E/ActivityManager( 1487):   0% 1116/jbd2/vdc-8: 0% user + 0% kernel
