W/ResourceType( 2554): No package identifier when getting value for resource number 0x00000000
W/PackageManager( 2554): Failure retrieving resources for com.android.externalstorage: Resource ID #0x0
W/ResourceType( 2554): No package identifier when getting value for resource number 0x00000000
W/PackageManager( 2554): Failure retrieving resources for com.android.htmlviewer: Resource ID #0x0
W/ResourceType( 2554): No package identifier when getting value for resource number 0x00000000
W/PackageManager( 2554): Failure retrieving resources for com.android.mms.service: Resource ID #0x0
D/        ( 2554): HostConnection::get() New Host Connection established 0x7fcdd8cd0080, tid 3099
I/OpenGLRenderer( 2554): Initialized EGL, version 1.4
D/OpenGLRenderer( 2554): Enabling debug mode 0
W/ResourceType( 2554): No package identifier when getting value for resource number 0x00000000
W/PackageManager( 2554): Failure retrieving resources for com.android.defcontainer: Resource ID #0x0
W/ResourceType( 2554): No package identifier when getting value for resource number 0x00000000
W/PackageManager( 2554): Failure retrieving resources for com.android.vending: Resource ID #0x0
W/EGL_emulation( 2554): eglSurfaceAttrib not implemented
W/OpenGLRenderer( 2554): Failed to set EGL_SWAP_BEHAVIOR on surface 0x7fcdcf57d5c0, error=EGL_SUCCESS
W/ResourceType( 2554): No package identifier when getting value for resource number 0x00000000
W/PackageManager( 2554): Failure retrieving resources for com.android.pacprocessor: Resource ID #0x0
W/ResourceType( 2554): No package identifier when getting value for resource number 0x00000000
W/PackageManager( 2554): Failure retrieving resources for com.android.certinstaller: Resource ID #0x0
W/ResourceType( 2554): No package identifier when getting value for resource number 0x00000000
W/PackageManager( 2554): Failure retrieving resources for com.android.speechrecorder: Resource ID #0x0
W/ResourceType( 2554): No package identifier when getting value for resource number 0x00000000
W/PackageManager( 2554): Failure retrieving resources for com.android.backupconfirm: Resource ID #0x0
W/ResourceType( 2554): No package identifier when getting value for resource number 0x00000000
W/PackageManager( 2554): Failure retrieving resources for com.android.sharedstoragebackup: Resource ID #0x0
W/ResourceType( 2554): No package identifier when getting value for resource number 0x00000000
W/PackageManager( 2554): Failure retrieving resources for com.android.printspooler: Resource ID #0x0
W/ResourceType( 2554): No package identifier when getting value for resource number 0x00000000
W/PackageManager( 2554): Failure retrieving resources for com.android.dreams.basic: Resource ID #0x0
W/ResourceType( 2554): No package identifier when getting value for resource number 0x00000000
W/PackageManager( 2554): Failure retrieving resources for com.android.inputdevices: Resource ID #0x0
W/ResourceType( 2554): No package identifier when getting value for resource number 0x00000000
W/PackageManager( 2554): Failure retrieving resources for com.android.sdksetup: Resource ID #0x0
W/ResourceType( 2554): No package identifier when getting value for resource number 0x00000000
W/PackageManager( 2554): Failure retrieving resources for com.android.keychain: Resource ID #0x0
W/ResourceType( 2554): No package identifier when getting value for resource number 0x00000000
W/PackageManager( 2554): Failure retrieving resources for com.android.emulator.smoketests: Resource ID #0x0
W/ResourceType( 2554): No package identifier when getting value for resource number 0x00000000
W/PackageManager( 2554): Failure retrieving resources for com.google.android.gsf: Resource ID #0x0
W/ResourceType( 2554): No package identifier when getting value for resource number 0x00000000
W/PackageManager( 2554): Failure retrieving resources for com.android.packageinstaller: Resource ID #0x0
W/ResourceType( 2554): No package identifier when getting value for resource number 0x00000000
W/PackageManager( 2554): Failure retrieving resources for com.svox.pico: Resource ID #0x0
W/ResourceType( 2554): No package identifier when getting value for resource number 0x00000000
W/PackageManager( 2554): Failure retrieving resources for com.android.proxyhandler: Resource ID #0x0
W/ResourceType( 2554): No package identifier when getting value for resource number 0x00000000
W/PackageManager( 2554): Failure retrieving resources for com.android.fallback: Resource ID #0x0
W/ResourceType( 2554): No package identifier when getting value for resource number 0x00000000
W/PackageManager( 2554): Failure retrieving resources for com.android.managedprovisioning: Resource ID #0x0
W/ResourceType( 2554): No package identifier when getting value for resource number 0x00000000
W/PackageManager( 2554): Failure retrieving resources for com.google.android.gsf.login: Resource ID #0x0
W/ResourceType( 2554): No package identifier when getting value for resource number 0x00000000
W/PackageManager( 2554): Failure retrieving resources for com.android.netspeed: Resource ID #0x0
W/ResourceType( 2554): No package identifier when getting value for resource number 0x00000000
W/PackageManager( 2554): Failure retrieving resources for jp.co.omronsoft.openwnn: Resource ID #0x0
W/ResourceType( 2554): No package identifier when getting value for resource number 0x00000000
W/PackageManager( 2554): Failure retrieving resources for com.android.gesture.builder: Resource ID #0x0
W/ResourceType( 2554): No package identifier when getting value for resource number 0x00000000
W/PackageManager( 2554): Failure retrieving resources for com.android.vpndialogs: Resource ID #0x0
W/ResourceType( 2554): No package identifier when getting value for resource number 0x00000000
W/PackageManager( 2554): Failure retrieving resources for com.android.shell: Resource ID #0x0
W/ResourceType( 2554): No package identifier when getting value for resource number 0x00000000
W/PackageManager( 2554): Failure retrieving resources for com.android.providers.userdictionary: Resource ID #0x0
W/ResourceType( 2554): No package identifier when getting value for resource number 0x00000000
W/PackageManager( 2554): Failure retrieving resources for com.android.location.fused: Resource ID #0x0
W/ResourceType( 2554): No package identifier when getting value for resource number 0x00000000
W/PackageManager( 2554): Failure retrieving resources for com.android.smoketest.tests: Resource ID #0x0
W/ResourceType( 2554): No package identifier when getting value for resource number 0x00000000
W/PackageManager( 2554): Failure retrieving resources for com.example.android.softkeyboard: Resource ID #0x0
W/ResourceType( 2554): No package identifier when getting value for resource number 0x00000000
W/PackageManager( 2554): Failure retrieving resources for com.android.captiveportallogin: Resource ID #0x0
W/ResourceType( 2554): No package identifier when getting value for resource number 0x00000000
W/PackageManager( 2554): Failure retrieving resources for com.android.widgetpreview: Resource ID #0x0
I/ActivityManager( 1487): Displayed com.android.settings/.applications.InstalledAppDetails: +1s537ms
E/QueryController( 2976): Got null root node from accessibility - Retrying...
W/art     ( 2976): Long monitor contention event with owner method=android.view.accessibility.AccessibilityNodeInfo com.android.uiautomator.core.QueryController.findAccessibilityNodeInfo(com.android.uiautomator.core.UiSelector, boolean) from QueryController.java:149 waiters=0 for 268ms
W/AudioTrack( 1487): AUDIO_OUTPUT_FLAG_FAST denied by client
V/WindowManager( 1487): not Base app: Adding window Window{105a5eea u0 com.android.settings/com.android.settings.applications.InstalledAppDetails} at 4 of 11
W/EGL_emulation( 2554): eglSurfaceAttrib not implemented
W/OpenGLRenderer( 2554): Failed to set EGL_SWAP_BEHAVIOR on surface 0x7fcdc352b680, error=EGL_SUCCESS
W/AudioTrack( 1487): AUDIO_OUTPUT_FLAG_FAST denied by client
I/InstalledAppDetails( 2554): Clearing user data for package : com.fisike
I/ActivityManager( 1487): Force stopping com.fisike appid=10077 user=0: clear data
I/ActivityManager( 1487): Killing 3005:com.fisike/u0a77 (adj 7): stop com.fisike
I/WindowState( 1487): WIN DEATH: Window{38cacd37 u0 com.fisike/com.mphrx.fisike_physician.activity.OtpActivity}
I/ActivityManager( 1487):   Force finishing activity 3 ActivityRecord{2f9a265b u0 com.fisike/com.mphrx.fisike_physician.activity.OtpActivity t176}
W/ActivityManager( 1487): Spurious death for ProcessRecord{49fb5dc 3005:com.fisike/u0a77}, curProc for 3005: null
D/TaskPersister( 1487): removeObsoleteFile: deleting file=176_task.xml
D/TaskPersister( 1487): removeObsoleteFile: deleting file=176_task_thumbnail.png
W/GeofencerStateMachine( 2108): Ignoring removeGeofence because network location is disabled.
D/OpenGLRenderer( 2554): endAllStagingAnimators on 0x7fcdcf6b3000 (RippleDrawable) with handle 0x7fcdcf7dbf00
W/InputMethodManagerService( 1487): Window already focused, ignoring focus gain of: com.android.internal.view.IInputMethodClient$Stub$Proxy@f5ef424 attribute=null, token = android.os.BinderProxy@3154b11d
I/art     ( 2108): Background sticky concurrent mark sweep GC freed 3840(353KB) AllocSpace objects, 8(128KB) LOS objects, 6% free, 8MB/9MB, paused 22.809ms total 40.222ms
I/ActivityManager( 1487): Start proc 3116:com.android.documentsui/u0a25 for broadcast com.android.documentsui/.PackageReceiver
I/InstalledAppDetails( 2554): Cleared user data for package : com.fisike
I/LocationSettingsChecker( 2134): Removing dialog suppression flag for package com.fisike
I/Icing   ( 2134): doRemovePackageData com.fisike
W/Settings( 2134): Setting adb_enabled has moved from android.provider.Settings.Secure to android.provider.Settings.Global.
I/ActivityManager( 1487): Start proc 3138:com.android.externalstorage/u0a6 for content provider com.android.externalstorage/.ExternalStorageProvider
I/art     ( 1140): Explicit concurrent mark sweep GC freed 701(30KB) AllocSpace objects, 0(0B) LOS objects, 89% free, 119KB/1143KB, paused 397us total 12.781ms
D/ExternalStorage( 3138): After updating volumes, found 1 active roots
I/art     ( 1140): Explicit concurrent mark sweep GC freed 8(256B) AllocSpace objects, 0(0B) LOS objects, 89% free, 119KB/1143KB, paused 388us total 8.384ms
D/Documents( 3116): Update found 6 roots in 84ms
I/art     ( 1140): Explicit concurrent mark sweep GC freed 5(160B) AllocSpace objects, 0(0B) LOS objects, 89% free, 119KB/1143KB, paused 475us total 9.132ms
D/Documents( 3116): Update found 6 roots in 10ms
W/DropBoxManagerService( 1487): Dropping: system_app_strictmode (10 > 0 bytes)
D/AndroidRuntime( 3160): >>>>>> START com.android.internal.os.RuntimeInit uid 0 <<<<<<
D/AndroidRuntime( 3160): CheckJNI is ON
E/memtrack( 3160): Couldn't load memtrack module (No such file or directory)
E/android.os.Debug( 3160): failed to load memtrack module: -2
D/AndroidRuntime( 3160): Calling main entry com.android.commands.input.Input
I/Input   ( 3160): injectKeyEvent: KeyEvent { action=ACTION_DOWN, keyCode=KEYCODE_HOME, scanCode=0, metaState=0, flags=0x0, repeatCount=0, eventTime=323564, downTime=323564, deviceId=-1, source=0x101 }
I/Input   ( 3160): injectKeyEvent: KeyEvent { action=ACTION_UP, keyCode=KEYCODE_HOME, scanCode=0, metaState=0, flags=0x0, repeatCount=0, eventTime=323564, downTime=323564, deviceId=-1, source=0x101 }
I/ActivityManager( 1487): START u0 {act=android.intent.action.MAIN cat=[android.intent.category.HOME] flg=0x10200000 cmp=com.google.android.googlequicksearchbox/com.google.android.launcher.GEL} from uid 1000 on display 0
E/EGL_emulation( 1123): tid 1123: eglCreateSyncKHR(1299): error 0x3004 (EGL_BAD_ATTRIBUTE)
D/AndroidRuntime( 3160): Shutting down VM
I/GEL     ( 1770): handleIntent(Intent { act=android.intent.action.MAIN cat=[android.intent.category.HOME] flg=0x10600000 cmp=com.google.android.googlequicksearchbox/com.google.android.launcher.GEL })
W/EGL_emulation( 1770): eglSurfaceAttrib not implemented
W/OpenGLRenderer( 1770): Failed to set EGL_SWAP_BEHAVIOR on surface 0xe1c10040, error=EGL_SUCCESS
--------- beginning of crash
F/libc    ( 3160): Fatal signal 11 (SIGSEGV), code 1, fault addr 0x7fd1d6021185 in tid 3170 (Binder_2)
E/DEBUG   ( 1131): unexpected waitpid response: n=3170, status=00000001
E/DEBUG   ( 1131): tid exited before attach completed: tid 3170
W/WindowManager( 1487): Attempted to remove non-existing token: android.os.Binder@18f0164d
W/InputMethodManagerService( 1487): Starting input on non-focused client com.android.internal.view.IInputMethodClient$Stub$Proxy@2a9ada69 (uid=1000 pid=2554)
I/HotwordRecognitionRnr( 1990): Starting hotword detection.
I/art     ( 2976): System.exit called, status: 0
I/AndroidRuntime( 2976): VM exiting with result code 0.
I/MicrophoneInputStream( 1990): mic_starting gzi@15ec8fda
E/audio_hw_generic( 1134): Error opening input stream format 1, channel_mask 0010, sample_rate 16000
I/AudioFlinger( 1134): AudioFlinger's thread 0xf5938000 ready to run
I/MicrophoneInputStream( 1990): mic_started gzi@15ec8fda
I/HotwordWorker( 1990): onReady
I/Icing   ( 2134): Usage reports 0 indexed 0 rejected 0 imm upload true
W/OpenGLRenderer( 1770): Incorrectly called buildLayer on View: aep, destroying layer...
I/ActivityManager( 1487): Killing 2312:com.android.dialer/u0a4 (adj 15): empty #17
D/AndroidRuntime( 3190): >>>>>> START com.android.internal.os.RuntimeInit uid 0 <<<<<<
D/AndroidRuntime( 3190): CheckJNI is ON
E/memtrack( 3190): Couldn't load memtrack module (No such file or directory)
E/android.os.Debug( 3190): failed to load memtrack module: -2
D/AndroidRuntime( 3190): Calling main entry com.android.commands.pm.Pm
D/DefContainer( 2935): Copying /data/local/tmp/settings_apk-debug.apk to base.apk
I/PackageParser( 1487): io.appium.settings: compat added android.permission.WRITE_EXTERNAL_STORAGE
D/PackageManager( 1487): Renaming /data/app/vmdl1437267247.tmp to /data/app/io.appium.settings-2
W/PackageManager( 1487): Attempt to re-install io.appium.settings without first uninstalling.
I/art     ( 1487): Explicit concurrent mark sweep GC freed 9343(506KB) AllocSpace objects, 6(1449KB) LOS objects, 28% free, 10MB/14MB, paused 1.576ms total 55.882ms
I/art     ( 3190): System.exit called, status: 1
I/AndroidRuntime( 3190): VM exiting with result code 1.
D/AndroidRuntime( 3208): >>>>>> START com.android.internal.os.RuntimeInit uid 0 <<<<<<
D/AndroidRuntime( 3208): CheckJNI is ON
E/memtrack( 3208): Couldn't load memtrack module (No such file or directory)
E/android.os.Debug( 3208): failed to load memtrack module: -2
D/AndroidRuntime( 3208): Calling main entry com.android.commands.pm.Pm
D/DefContainer( 2935): Copying /data/local/tmp/unlock_apk-debug.apk to base.apk
D/PackageManager( 1487): Renaming /data/app/vmdl196083367.tmp to /data/app/io.appium.unlock-2
W/PackageManager( 1487): Attempt to re-install io.appium.unlock without first uninstalling.
I/art     ( 1487): Explicit concurrent mark sweep GC freed 4474(264KB) AllocSpace objects, 2(32KB) LOS objects, 28% free, 10MB/14MB, paused 803us total 17.102ms
I/art     ( 3208): System.exit called, status: 1
I/AndroidRuntime( 3208): VM exiting with result code 1.
D/AndroidRuntime( 3225): >>>>>> START com.android.internal.os.RuntimeInit uid 0 <<<<<<
D/AndroidRuntime( 3225): CheckJNI is ON
E/memtrack( 3225): Couldn't load memtrack module (No such file or directory)
E/android.os.Debug( 3225): failed to load memtrack module: -2
D/AndroidRuntime( 3225): Calling main entry com.android.commands.uiautomator.Launcher
I/UiWatchers( 3225): Registed GUI Exception watchers
D/AndroidRuntime( 3243): >>>>>> START com.android.internal.os.RuntimeInit uid 0 <<<<<<
D/AndroidRuntime( 3243): CheckJNI is ON
E/memtrack( 3243): Couldn't load memtrack module (No such file or directory)
E/android.os.Debug( 3243): failed to load memtrack module: -2
D/AndroidRuntime( 3243): Calling main entry com.android.commands.am.Am
I/ActivityManager( 1487): Force stopping com.fisike appid=10077 user=0: from pid 3243
I/ActivityManager( 1487): START u0 {act=android.intent.action.MAIN cat=[android.intent.category.LAUNCHER] flg=0x10200000 cmp=com.fisike/com.mphrx.fisike.SplashActivity} from uid 0 on display 0
V/WindowManager( 1487): addAppToken: AppWindowToken{3419ed13 token=Token{140da002 ActivityRecord{252b9d4d u0 com.fisike/com.mphrx.fisike.SplashActivity t178}}} to stack=1 task=178 at 0
V/WindowManager( 1487): Adding window Window{fb2d5a u0 Starting com.fisike} at 3 of 10 (after Window{28746f92 u0 com.android.settings/com.android.settings.applications.InstalledAppDetails})
I/MicrophoneInputStream( 1990): mic_close gzi@15ec8fda
I/HotwordRecognitionRnr( 1990): Hotword detection finished
I/HotwordRecognitionRnr( 1990): Stopping hotword detection.
D/AndroidRuntime( 3243): Shutting down VM
I/ActivityManager( 1487): Start proc 3254:com.fisike/u0a77 for activity com.fisike/com.mphrx.fisike.SplashActivity
I/MultiDex( 3254): VM with version 2.1.0 has multidex support
I/MultiDex( 3254): install
I/MultiDex( 3254): VM has multidex support, MultiDex support library is disabled.
W/ActivityManager( 1487): getRunningAppProcesses: caller 10077 does not hold REAL_GET_TASKS; limiting output
I/GMPM    ( 3254): App measurement is starting up
E/GMPM    ( 3254): getGoogleAppId failed with status: 10
E/GMPM    ( 3254): Uploading is not possible. App measurement disabled
I/CrashlyticsCore( 3254): Initializing Crashlytics 2.3.6.92
E/QueryController( 3225): Got null root node from accessibility - Retrying...
E/QueryController( 3225): Got null root node from accessibility - Retrying...
W/linker  ( 3254): libsqlcipher_android.so has text relocations. This is wasting memory and prevents security hardening. Please fix.
I/Database( 3254): JNI_OnLoad called
I/Database( 3254): JNI_OnLoad register methods 
E/QueryController( 3225): Got null root node from accessibility - Retrying...
E/QueryController( 3225): Cannot proceed when root node is null. Aborted search
W/art     ( 3225): Long monitor contention event with owner method=android.view.accessibility.AccessibilityNodeInfo com.android.uiautomator.core.QueryController.findAccessibilityNodeInfo(com.android.uiautomator.core.UiSelector, boolean) from QueryController.java:149 waiters=0 for 810ms
E/QueryController( 3225): Got null root node from accessibility - Retrying...
E/QueryController( 3225): Got null root node from accessibility - Retrying...
D/Fisike  ( 3254): com.mphrx.fisike.persistence.onCreate
E/QueryController( 3225): Got null root node from accessibility - Retrying...
I/Database( 3254): sqlite returned: error code = 1, msg = no such table: QuestionMO
E/Database( 3254): Failure 1 (no such table: QuestionMO) on 0xf4056f88 when preparing 'ALTER TABLE QuestionMO ADD RFU1 BLOB'.
W/System.err( 3254): net.sqlcipher.database.SQLiteException: no such table: QuestionMO: ALTER TABLE QuestionMO ADD RFU1 BLOB
W/System.err( 3254): 	at net.sqlcipher.database.SQLiteDatabase.native_execSQL(Native Method)
W/System.err( 3254): 	at net.sqlcipher.database.SQLiteDatabase.execSQL(SQLiteDatabase.java:1825)
W/System.err( 3254): 	at com.mphrx.fisike.persistence.DBManager.addColumns(DBManager.java:113)
W/System.err( 3254): 	at com.mphrx.fisike.persistence.DBManager.onCreate(DBManager.java:73)
W/System.err( 3254): 	at net.sqlcipher.database.SQLiteOpenHelper.getWritableDatabase(SQLiteOpenHelper.java:141)
W/System.err( 3254): 	at net.sqlcipher.database.SQLiteOpenHelper.getWritableDatabase(SQLiteOpenHelper.java:99)
W/System.err( 3254): 	at com.mphrx.fisike.persistence.DBHelper.open(DBHelper.java:45)
W/System.err( 3254): 	at com.mphrx.fisike.persistence.DBHelper.getInstance(DBHelper.java:31)
W/System.err( 3254): 	at com.mphrx.fisike.persistence.ConfigDBAdapter.open(ConfigDBAdapter.java:63)
W/System.err( 3254): 	at com.mphrx.fisike.persistence.ConfigDBAdapter.getInstance(ConfigDBAdapter.java:46)
W/System.err( 3254): 	at com.mphrx.fisike.platform.ConfigManager.getConfig(ConfigManager.java:30)
W/System.err( 3254): 	at com.mphrx.fisike.utils.Utils.checkIsToLogoutUser(Utils.java:3405)
W/System.err( 3254): 	at com.mphrx.fisike.SplashActivity.onCreate(SplashActivity.java:68)
W/System.err( 3254): 	at android.app.Activity.performCreate(Activity.java:5990)
W/System.err( 3254): 	at android.app.Instrumentation.callActivityOnCreate(Instrumentation.java:1106)
W/System.err( 3254): 	at android.app.ActivityThread.performLaunchActivity(ActivityThread.java:2278)
W/System.err( 3254): 	at android.app.ActivityThread.handleLaunchActivity(ActivityThread.java:2387)
W/System.err( 3254): 	at android.app.ActivityThread.access$800(ActivityThread.java:151)
W/System.err( 3254): 	at android.app.ActivityThread$H.handleMessage(ActivityThread.java:1303)
W/System.err( 3254): 	at android.os.Handler.dispatchMessage(Handler.java:102)
W/System.err( 3254): 	at android.os.Looper.loop(Looper.java:135)
W/System.err( 3254): 	at android.app.ActivityThread.main(ActivityThread.java:5254)
W/System.err( 3254): 	at java.lang.reflect.Method.invoke(Native Method)
W/System.err( 3254): 	at java.lang.reflect.Method.invoke(Method.java:372)
W/System.err( 3254): 	at com.android.internal.os.ZygoteInit$MethodAndArgsCaller.run(ZygoteInit.java:903)
W/System.err( 3254): 	at com.android.internal.os.ZygoteInit.main(ZygoteInit.java:698)
D/CREATEVITALSTABLE:( 3254): CREATE TABLE Vitals(VitalsParamID varchar(255) PRIMARY KEY NOT NULL,VitalsDate varchar(255),VitalsLabName varchar(255),VitalsPatientName varchar(255),VitalsUnit varchar(255),VitalsValue varchar(255),VitalsRange varchar(255),VitalsID varchar(255))
E/QueryController( 3225): Cannot proceed when root node is null. Aborted search
W/art     ( 3225): Long monitor contention event with owner method=android.view.accessibility.AccessibilityNodeInfo com.android.uiautomator.core.QueryController.findAccessibilityNodeInfo(com.android.uiautomator.core.UiSelector, boolean) from QueryController.java:149 waiters=0 for 771ms
E/QueryController( 3225): Got null root node from accessibility - Retrying...
I/Update Preferences( 3254): Key = LAST_INTERACTION_TIME Value = 1491220725507
E/QueryController( 3225): Got null root node from accessibility - Retrying...
D/OpenGLRenderer( 3254): Use EGL_SWAP_BEHAVIOR_PRESERVED: true
V/WindowManager( 1487): Adding window Window{162b70f3 u0 com.fisike/com.mphrx.fisike.SplashActivity} at 3 of 11 (before Window{fb2d5a u0 Starting com.fisike})
D/        ( 3254): HostConnection::get() New Host Connection established 0xf437abe0, tid 3303
I/OpenGLRenderer( 3254): Initialized EGL, version 1.4
D/OpenGLRenderer( 3254): Enabling debug mode 0
W/EGL_emulation( 3254): eglSurfaceAttrib not implemented
W/OpenGLRenderer( 3254): Failed to set EGL_SWAP_BEHAVIOR on surface 0xe1018cc0, error=EGL_SUCCESS
I/UpdateVersionRequest( 3254): https://get.fisike.com/minerva/util/getMobileAppConfig
E/QueryController( 3225): Got null root node from accessibility - Retrying...
W/art     ( 3254): Long monitor contention event with owner method=void java.lang.Object.wait!(long, int) from Object.java:4294967294 waiters=1 for 2.620s
W/art     ( 3254): Long monitor contention event with owner method=void java.lang.Object.wait!(long, int) from Object.java:4294967294 waiters=0 for 2.776s
I/APIObjectRequest( 3254): {api-info=V1|1.6|Android|Android SDK built for x86_64|1080X1776|Android |5.1.1|Android|4G}
I/ActivityManager( 1487): Displayed com.fisike/com.mphrx.fisike.SplashActivity: +3s81ms
W/art     ( 3225): Long monitor contention event with owner method=android.view.accessibility.AccessibilityNodeInfo com.android.uiautomator.core.QueryController.findAccessibilityNodeInfo(com.android.uiautomator.core.UiSelector, boolean) from QueryController.java:149 waiters=0 for 273ms
I/UpdateVersionRequest( 3254): {"medicationReminderTiming":{"Before Breakfast (BB)":"8:00:00","After Breakfast (AB)":"8:30:00","Before Lunch (BL)":"13:00:00","After Lunch (AL)":"13:30:00","Before Dinner (BD)":"20:00:00","After Dinner (AD)":"20:30:00"},"iosPatientApp":{"softVersion":"0","forceVersion":"10"},"iosPhysicianApp":{"softVersion":"0","forceVersion":"0"},"androidPatientApp":{"softVersion":"0","forceVersion":"22"},"androidPhysicianApp":{"softVersion":"0","forceVersion":"33"},"experience":["<1","1","2","3","4","5","6","7","8","9","10","11","12","13","14","15","16","17","18","19","20","21","22","23","24","25","26","27","28","29","30",">30"],"roles":["Specialist","Doctor","Junior Doctor","Nurse"],"passwordConfig":{"characterSet":["A-Z","a-z","0-9","!@#$%^&*()_-+={}[]|:;<,>.?\/\"\""],"characterSetRegex":"[~` ]","minPasswordLength":"6","maxNoOfFailedAttempts":"3","autoLockMinutes":"0","passwordExpiryTimeoutDays":"0","passwordHistoryCount":"0","defaultPasswordType":""},"alternateContactPromptInDays":30,"pinTimeInMinute":5,"isSelfSignUpAvailable":true,"headers":{"Cache-Control":"max-age=3600","Content-Type":"application\/json;charset=UTF-8","Date":"Mon, 03 Apr 2017 11:58:38 GMT","Expires":"Mon, 03 Apr 2017 12:58:38 GMT","Server":"nginx\/1.4.6 (Ubuntu)","Transfer-Encoding":"chunked","Vary":"Accept-Encoding","X-Android-Received-Millis":"1491220727068","X-Android-Response-Source":"NETWORK 200","X-Android-Sent-Millis":"1491220726762"}}
I/Update Preferences( 3254): Key = DEFAULT_PASSWORD_TYPE Value = 
I/Update Preferences( 3254): Key = PASSWORD_LENGTH Value = 6
I/Update Preferences( 3254): Key = PASSOWORD_REGEX Value = ["A-Z","a-z","0-9","!@#$%^&*()_-+={}[]|:;<,>.?\/\"\""]
I/Update Preferences( 3254): Key = PASSWORD_HISTORY_COUNT Value = 0
I/Update Preferences( 3254): Key = IS_SELF_SIGNUP_ENABLED Value = true
I/Update Preferences( 3254): Key = UPDATE_VERSION_TIME_STAMP Value = 1491220728211
I/ActivityManager( 1487): START u0 {cmp=com.fisike/com.mphrx.fisike.AppTour.AppTourActivity} from uid 10077 on display 0
V/WindowManager( 1487): addAppToken: AppWindowToken{257ba6c8 token=Token{3ee20b6b ActivityRecord{67460ba u0 com.fisike/com.mphrx.fisike.AppTour.AppTourActivity t178}}} to stack=1 task=178 at 1
W/ActivityManager( 1487): Duplicate finish request for ActivityRecord{252b9d4d u0 com.fisike/com.mphrx.fisike.SplashActivity t178 f}
V/WindowManager( 1487): Adding window Window{3077ce86 u0 com.fisike/com.mphrx.fisike.AppTour.AppTourActivity} at 4 of 11 (after Window{162b70f3 u0 com.fisike/com.mphrx.fisike.SplashActivity})
W/FragmentManager( 3254): moveToState: Fragment state for AppTourScreenSliderFragmentScreen2{3cb95d25 #0 id=0x7f0d009d} not updated inline; expected state 3 found 2
W/EGL_emulation( 3254): eglSurfaceAttrib not implemented
W/OpenGLRenderer( 3254): Failed to set EGL_SWAP_BEHAVIOR on surface 0xe1018dc0, error=EGL_SUCCESS
I/Choreographer( 3254): Skipped 72 frames!  The application may be doing too much work on its main thread.
W/art     ( 3225): Long monitor contention event with owner method=android.view.accessibility.AccessibilityNodeInfo com.android.uiautomator.core.QueryController.findAccessibilityNodeInfo(com.android.uiautomator.core.UiSelector, boolean) from QueryController.java:149 waiters=0 for 2.491s
I/ActivityManager( 1487): Displayed com.fisike/com.mphrx.fisike.AppTour.AppTourActivity: +3s102ms
I/QueryController( 3225): Matched selector: UiSelector[INSTANCE=0, RESOURCE_ID=com.fisike:id/btn_skip] <<==>> [android.view.accessibility.AccessibilityNodeInfo@800099e3; boundsInParent: Rect(0, 0 - 94, 69); boundsInScreen: Rect(941, 1662 - 1035, 1731); packageName: com.fisike; className: android.widget.Button; text: Skip ; error: null; maxTextLength: -1; contentDescription: null; viewIdResName: com.fisike:id/btn_skip; checkable: false; checked: false; focusable: true; focused: false; selected: false; clickable: true; longClickable: false; enabled: true; password: false; scrollable: false; actions: [AccessibilityAction: ACTION_FOCUS - null, AccessibilityAction: ACTION_SELECT - null, AccessibilityAction: ACTION_CLEAR_SELECTION - null, AccessibilityAction: ACTION_CLICK - null, AccessibilityAction: ACTION_ACCESSIBILITY_FOCUS - null, AccessibilityAction: ACTION_NEXT_AT_MOVEMENT_GRANULARITY - null, AccessibilityAction: ACTION_PREVIOUS_AT_MOVEMENT_GRANULARITY - null, AccessibilityAction: ACTION_SET_SELECTION - null]]
W/art     ( 3225): Long monitor contention event with owner method=android.view.accessibility.AccessibilityNodeInfo com.android.uiautomator.core.QueryController.findAccessibilityNodeInfo(com.android.uiautomator.core.UiSelector, boolean) from QueryController.java:149 waiters=1 for 1.329s
I/QueryController( 3225): Matched selector: UiSelector[INSTANCE=0, RESOURCE_ID=com.fisike:id/btn_skip] <<==>> [android.view.accessibility.AccessibilityNodeInfo@800099e3; boundsInParent: Rect(0, 0 - 94, 69); boundsInScreen: Rect(941, 1662 - 1035, 1731); packageName: com.fisike; className: android.widget.Button; text: Skip ; error: null; maxTextLength: -1; contentDescription: null; viewIdResName: com.fisike:id/btn_skip; checkable: false; checked: false; focusable: true; focused: false; selected: false; clickable: true; longClickable: false; enabled: true; password: false; scrollable: false; actions: [AccessibilityAction: ACTION_FOCUS - null, AccessibilityAction: ACTION_SELECT - null, AccessibilityAction: ACTION_CLEAR_SELECTION - null, AccessibilityAction: ACTION_CLICK - null, AccessibilityAction: ACTION_ACCESSIBILITY_FOCUS - null, AccessibilityAction: ACTION_NEXT_AT_MOVEMENT_GRANULARITY - null, AccessibilityAction: ACTION_PREVIOUS_AT_MOVEMENT_GRANULARITY - null, AccessibilityAction: ACTION_SET_SELECTION - null]]
D/InteractionController( 3225): clickAndSync(988, 1696)
W/AudioTrack( 1487): AUDIO_OUTPUT_FLAG_FAST denied by client
I/ActivityManager( 1487): START u0 {cmp=com.fisike/com.mphrx.fisike_physician.activity.OtpActivity} from uid 10077 on display 0
V/WindowManager( 1487): addAppToken: AppWindowToken{351fba55 token=Token{3f75310c ActivityRecord{3366043f u0 com.fisike/com.mphrx.fisike_physician.activity.OtpActivity t178}}} to stack=1 task=178 at 1
I/OtpActivity( 3254): On Create
I/OtpActivity( 3254): Bus Registered
I/AppCompatViewInflater( 3254): app:theme is now deprecated. Please move to using android:theme instead.
W/art     ( 3254): Before Android 4.1, method android.graphics.PorterDuffColorFilter android.support.graphics.drawable.VectorDrawableCompat.updateTintFilter(android.graphics.PorterDuffColorFilter, android.content.res.ColorStateList, android.graphics.PorterDuff$Mode) would have incorrectly overridden the package-private method in android.graphics.drawable.Drawable
I/OTPInitializingFragment( 3254): On Attach
I/Update Preferences( 3254): Key = OLD_EMAIL_AND_MOBILE Value = false
I/Update Preferences( 3254): Key = OLD_ISMOBILE_ENABLED Value = true
I/Update Preferences( 3254): Key = Mobile enabled Value = true
I/Update Preferences( 3254): Key = Email and Mobile Value = false
I/OTPInitializingFragment( 3254): On Create
I/AppCompatViewInflater( 3254): app:theme is now deprecated. Please move to using android:theme instead.
I/OTPInitializingFragment( 3254): On Activity Created
I/Country code..( 3254): 1
I/Update Preferences( 3254): Key = OLD_COUNTRY_CODE Value = 
I/Update Preferences( 3254): Key = OLD_MOBILE_NUMBER Value = 
D/admin created shared( 3254): false
I/Update Preferences( 3254): Key = adminCreatedPasswordNeverChanged Value = false
I/OtpActivity( 3254): On Start
I/OTPInitializingFragment( 3254): On Start
I/OtpActivity( 3254): On Post Create
I/Update Preferences( 3254): Key = LAST_INTERACTION_TIME Value = 1491220733111
I/OtpActivity( 3254): On Resume
I/OTPInitializingFragment( 3254): On Resume
I/OtpActivity( 3254): On Post Resume
V/WindowManager( 1487): Adding window Window{7c0a55b u0 com.fisike/com.mphrx.fisike_physician.activity.OtpActivity} at 4 of 11 (after Window{3077ce86 u0 com.fisike/com.mphrx.fisike.AppTour.AppTourActivity})
W/EGL_emulation( 3254): eglSurfaceAttrib not implemented
W/OpenGLRenderer( 3254): Failed to set EGL_SWAP_BEHAVIOR on surface 0xe1018cc0, error=EGL_SUCCESS
I/ActivityManager( 1487): Displayed com.fisike/com.mphrx.fisike_physician.activity.OtpActivity: +1s624ms
I/LatinIME( 1668): Starting input. Cursor position = 0,0
I/Choreographer( 3254): Skipped 74 frames!  The application may be doing too much work on its main thread.
W/EGL_emulation( 1668): eglSurfaceAttrib not implemented
W/OpenGLRenderer( 1668): Failed to set EGL_SWAP_BEHAVIOR on surface 0x7fcdd25ad900, error=EGL_SUCCESS
I/art     ( 3225): Background concurrent mark sweep GC freed 20733(1027KB) AllocSpace objects, 0(0B) LOS objects, 66% free, 535KB/1605KB, paused 5.124ms total 28.955ms
I/art     ( 3225): WaitForGcToComplete blocked for 6.542ms for cause HeapTrim
D/AndroidRuntime( 3314): >>>>>> START com.android.internal.os.RuntimeInit uid 0 <<<<<<
D/AndroidRuntime( 3314): CheckJNI is ON
E/memtrack( 3314): Couldn't load memtrack module (No such file or directory)
E/android.os.Debug( 3314): failed to load memtrack module: -2
D/AndroidRuntime( 3314): Calling main entry com.android.commands.input.Input
I/Input   ( 3314): injectKeyEvent: KeyEvent { action=ACTION_DOWN, keyCode=KEYCODE_HOME, scanCode=0, metaState=0, flags=0x0, repeatCount=0, eventTime=401513, downTime=401513, deviceId=-1, source=0x101 }
I/Input   ( 3314): injectKeyEvent: KeyEvent { action=ACTION_UP, keyCode=KEYCODE_HOME, scanCode=0, metaState=0, flags=0x0, repeatCount=0, eventTime=401513, downTime=401513, deviceId=-1, source=0x101 }
I/ActivityManager( 1487): START u0 {act=android.intent.action.MAIN cat=[android.intent.category.HOME] flg=0x10200000 cmp=com.google.android.googlequicksearchbox/com.google.android.launcher.GEL} from uid 1000 on display 0
E/EGL_emulation( 1123): tid 1123: eglCreateSyncKHR(1299): error 0x3004 (EGL_BAD_ATTRIBUTE)
W/art     ( 1487): Long monitor contention event with owner method=android.graphics.Bitmap com.android.server.wm.WindowManagerService.screenshotApplications(android.os.IBinder, int, int, int, boolean) from WindowManagerService.java:6129 waiters=0 for 312ms
W/art     ( 1487): Long monitor contention event with owner method=android.graphics.Bitmap com.android.server.wm.WindowManagerService.screenshotApplications(android.os.IBinder, int, int, int, boolean) from WindowManagerService.java:6129 waiters=1 for 310ms
I/Update Preferences( 3254): Key = LAST_INTERACTION_TIME Value = 1491220793145
I/OTPInitializingFragment( 3254): On Pause
I/OtpActivity( 3254): On Pause
D/AndroidRuntime( 3314): Shutting down VM
I/GEL     ( 1770): handleIntent(Intent { act=android.intent.action.MAIN cat=[android.intent.category.HOME] flg=0x10600000 cmp=com.google.android.googlequicksearchbox/com.google.android.launcher.GEL })
W/EGL_emulation( 1770): eglSurfaceAttrib not implemented
W/OpenGLRenderer( 1770): Failed to set EGL_SWAP_BEHAVIOR on surface 0xe1c775a0, error=EGL_SUCCESS
W/WindowManager( 1487): Attempted to remove non-existing token: android.os.Binder@4de659b
W/QueryController( 3225): AccessibilityNodeInfo returned a null child (0 of 3)
W/QueryController( 3225): parent = android.view.accessibility.AccessibilityNodeInfo@8000c6f0; boundsInParent: Rect(0, 0 - 1080, 1920); boundsInScreen: Rect(0, 0 - 1080, 1920); packageName: com.fisike; className: android.widget.FrameLayout; text: null; error: null; maxTextLength: -1; contentDescription: null; viewIdResName: null; checkable: false; checked: false; focusable: false; focused: false; selected: false; clickable: false; longClickable: false; enabled: true; password: false; scrollable: false; actions: [AccessibilityAction: ACTION_SELECT - null, AccessibilityAction: ACTION_CLEAR_SELECTION - null, AccessibilityAction: ACTION_ACCESSIBILITY_FOCUS - null]
W/QueryController( 3225): AccessibilityNodeInfo returned a null child (1 of 3)
W/QueryController( 3225): AccessibilityNodeInfo returned a null child (2 of 3)
I/art     ( 3225): System.exit called, status: 0
I/AndroidRuntime( 3225): VM exiting with result code 0.
I/Choreographer( 1770): Skipped 35 frames!  The application may be doing too much work on its main thread.
W/IInputConnectionWrapper( 3254): showStatusIcon on inactive InputConnection
I/HotwordRecognitionRnr( 1990): Starting hotword detection.
I/MicrophoneInputStream( 1990): mic_starting gzi@212052ad
E/audio_hw_generic( 1134): Error opening input stream format 1, channel_mask 0010, sample_rate 16000
I/AudioFlinger( 1134): AudioFlinger's thread 0xf5938000 ready to run
I/MicrophoneInputStream( 1990): mic_started gzi@212052ad
I/HotwordWorker( 1990): onReady
I/Icing   ( 2134): Usage reports 0 indexed 0 rejected 0 imm upload true
W/ResourceType( 1608): No package identifier when getting value for resource number 0x00000000
W/PackageManager( 1608): Failure retrieving resources for com.fisike: Resource ID #0x0
I/OtpActivity( 3254): On Save Instance State
I/OTPInitializingFragment( 3254): On Stop
I/OtpActivity( 3254): On Stop
W/OpenGLRenderer( 1770): Incorrectly called buildLayer on View: aep, destroying layer...
W/AudioTrack( 1487): AUDIO_OUTPUT_FLAG_FAST denied by client
I/MicrophoneInputStream( 1990): mic_close gzi@212052ad
I/HotwordRecognitionRnr( 1990): Stopping hotword detection.
I/HotwordRecognitionRnr( 1990): Hotword detection finished
I/ActivityManager( 1487): START u0 {act=android.intent.action.MAIN cat=[android.intent.category.LAUNCHER] flg=0x10200000 cmp=com.fisike/com.mphrx.fisike.SplashActivity (has extras)} from uid 10013 on display 0
W/AudioTrack( 1487): AUDIO_OUTPUT_FLAG_FAST denied by client
I/OtpActivity( 3254): On Start
I/OTPInitializingFragment( 3254): On Start
I/Update Preferences( 3254): Key = LAST_INTERACTION_TIME Value = 1491220810595
I/OtpActivity( 3254): On Resume
I/OTPInitializingFragment( 3254): On Resume
I/OtpActivity( 3254): On Post Resume
W/EGL_emulation( 3254): eglSurfaceAttrib not implemented
W/OpenGLRenderer( 3254): Failed to set EGL_SWAP_BEHAVIOR on surface 0xe1018cc0, error=EGL_SUCCESS
W/Icing   ( 2108): isOptedInForAppHistory: empty Account Name encountered
I/LatinIME( 1668): Starting input. Cursor position = 0,0
W/EGL_emulation( 1668): eglSurfaceAttrib not implemented
W/OpenGLRenderer( 1668): Failed to set EGL_SWAP_BEHAVIOR on surface 0x7fcdd25ad900, error=EGL_SUCCESS
W/AudioTrack( 1487): AUDIO_OUTPUT_FLAG_FAST denied by client
I/ActivityManager( 1487): START u0 {act=android.intent.action.MAIN cat=[android.intent.category.HOME] flg=0x10200000 cmp=com.google.android.googlequicksearchbox/com.google.android.launcher.GEL} from uid 1000 on display 0
E/EGL_emulation( 1123): tid 1123: eglCreateSyncKHR(1299): error 0x3004 (EGL_BAD_ATTRIBUTE)
I/Update Preferences( 3254): Key = LAST_INTERACTION_TIME Value = 1491220813169
I/OTPInitializingFragment( 3254): On Pause
I/OtpActivity( 3254): On Pause
W/EGL_emulation( 1608): eglSurfaceAttrib not implemented
W/OpenGLRenderer( 1608): Failed to set EGL_SWAP_BEHAVIOR on surface 0x7fcdcf4d07c0, error=EGL_SUCCESS
I/GEL     ( 1770): handleIntent(Intent { act=android.intent.action.MAIN cat=[android.intent.category.HOME] flg=0x10600000 cmp=com.google.android.googlequicksearchbox/com.google.android.launcher.GEL })
W/art     ( 1487): Long monitor contention event with owner method=void com.android.server.am.ActivityManagerService.activityPaused(android.os.IBinder) from ActivityManagerService.java:6313 waiters=0 for 1.252s
W/art     ( 1487): Long monitor contention event with owner method=void com.android.server.am.ActivityManagerService.activityPaused(android.os.IBinder) from ActivityManagerService.java:6313 waiters=1 for 864ms
W/art     ( 1487): Long monitor contention event with owner method=void com.android.server.am.ActivityManagerService.activityPaused(android.os.IBinder) from ActivityManagerService.java:6313 waiters=2 for 290ms
I/Choreographer( 1608): Skipped 85 frames!  The application may be doing too much work on its main thread.
W/EGL_emulation( 1770): eglSurfaceAttrib not implemented
W/OpenGLRenderer( 1770): Failed to set EGL_SWAP_BEHAVIOR on surface 0xe1c06e60, error=EGL_SUCCESS
W/InputMethodManagerService( 1487): Starting input on non-focused client com.android.internal.view.IInputMethodClient$Stub$Proxy@5df9921 (uid=10077 pid=3254)
W/IInputConnectionWrapper( 3254): showStatusIcon on inactive InputConnection
I/Choreographer( 1770): Skipped 30 frames!  The application may be doing too much work on its main thread.
I/MicrophoneInputStream( 1990): mic_starting gzi@8d34cbf
I/HotwordRecognitionRnr( 1990): Starting hotword detection.
E/audio_hw_generic( 1134): Error opening input stream format 1, channel_mask 0010, sample_rate 16000
I/AudioFlinger( 1134): AudioFlinger's thread 0xf5938000 ready to run
I/MicrophoneInputStream( 1990): mic_started gzi@8d34cbf
W/ResourceType( 1608): No package identifier when getting value for resource number 0x00000000
W/PackageManager( 1608): Failure retrieving resources for com.fisike: Resource ID #0x0
I/HotwordWorker( 1990): onReady
W/DropBoxManagerService( 1487): Dropping: system_app_strictmode (10 > 0 bytes)
W/AudioTrack( 1487): AUDIO_OUTPUT_FLAG_FAST denied by client
I/Icing   ( 2134): Usage reports 2 indexed 0 rejected 0 imm upload true
I/ActivityManager( 1487): START u0 {act=android.intent.action.MAIN cat=[android.intent.category.HOME] flg=0x10200000 cmp=com.google.android.googlequicksearchbox/com.google.android.launcher.GEL} from uid 1000 on display 0
W/Icing   ( 2134): isOptedInForAppHistory: empty Account Name encountered
I/OtpActivity( 3254): On Save Instance State
I/OTPInitializingFragment( 3254): On Stop
I/GEL     ( 1770): handleIntent(Intent { act=android.intent.action.MAIN cat=[android.intent.category.HOME] flg=0x10200000 cmp=com.google.android.googlequicksearchbox/com.google.android.launcher.GEL })
I/OtpActivity( 3254): On Stop
W/EGL_emulation( 1608): eglSurfaceAttrib not implemented
W/OpenGLRenderer( 1608): Failed to set EGL_SWAP_BEHAVIOR on surface 0x7fcdcf4d06c0, error=EGL_SUCCESS
I/art     ( 1770): Background sticky concurrent mark sweep GC freed 16012(1442KB) AllocSpace objects, 1(104KB) LOS objects, 12% free, 10MB/11MB, paused 8.723ms total 43.478ms
I/MicrophoneInputStream( 1990): mic_close gzi@8d34cbf
I/HotwordRecognitionRnr( 1990): Stopping hotword detection.
I/HotwordRecognitionRnr( 1990): Hotword detection finished
W/InputMethodManagerService( 1487): Window already focused, ignoring focus gain of: com.android.internal.view.IInputMethodClient$Stub$Proxy@3c01cfce attribute=null, token = android.os.BinderProxy@3f736290
I/MicrophoneInputStream( 1990): mic_starting gzi@751fe90
E/audio_hw_generic( 1134): Error opening input stream format 1, channel_mask 0010, sample_rate 16000
I/AudioFlinger( 1134): AudioFlinger's thread 0xf5938000 ready to run
I/HotwordRecognitionRnr( 1990): Starting hotword detection.
I/MicrophoneInputStream( 1990): mic_started gzi@751fe90
I/art     ( 1990): Background sticky concurrent mark sweep GC freed 1747(81KB) AllocSpace objects, 1(625KB) LOS objects, 11% free, 4MB/5MB, paused 6.160ms total 43.356ms
I/HotwordWorker( 1990): onReady
I/Icing   ( 2134): Usage reports 0 indexed 0 rejected 0 imm upload true
I/MicrophoneInputStream( 1990): mic_close gzi@751fe90
W/AudioTrack( 1487): AUDIO_OUTPUT_FLAG_FAST denied by client
I/HotwordRecognitionRnr( 1990): Stopping hotword detection.
I/HotwordRecognitionRnr( 1990): Hotword detection finished
I/ActivityManager( 1487): START u0 {act=android.settings.APPLICATION_DETAILS_SETTINGS dat=package:com.fisike flg=0x10808000 cmp=com.android.settings/.applications.InstalledAppDetails} from uid 1000 on display 0
I/ActivityManager( 1487): Killing 2473:com.android.managedprovisioning/u0a8 (adj 15): empty #17
V/WindowManager( 1487): addAppToken: AppWindowToken{27190b0b token=Token{1b6f1ada ActivityRecord{207d5c85 u0 com.android.settings/.applications.InstalledAppDetails t177}}} to stack=1 task=177 at 1
V/WindowManager( 1487): Adding window Window{18b3ee8a u0 Starting com.android.settings} at 3 of 10 (after Window{7c0a55b u0 com.fisike/com.mphrx.fisike_physician.activity.OtpActivity})
W/DropBoxManagerService( 1487): Dropping: system_app_strictmode (10 > 0 bytes)
V/WindowManager( 1487): Adding window Window{1a0eaeb u0 com.android.settings/com.android.settings.applications.InstalledAppDetails} at 3 of 11 (before Window{18b3ee8a u0 Starting com.android.settings})
W/EGL_emulation( 2554): eglSurfaceAttrib not implemented
W/OpenGLRenderer( 2554): Failed to set EGL_SWAP_BEHAVIOR on surface 0x7fcdcf57d5c0, error=EGL_SUCCESS
I/Choreographer( 1487): Skipped 51 frames!  The application may be doing too much work on its main thread.
I/ActivityManager( 1487): Displayed com.android.settings/.applications.InstalledAppDetails: +908ms
W/AudioTrack( 1487): AUDIO_OUTPUT_FLAG_FAST denied by client
V/WindowManager( 1487): not Base app: Adding window Window{14ed3251 u0 com.android.settings/com.android.settings.applications.InstalledAppDetails} at 4 of 11
W/EGL_emulation( 2554): eglSurfaceAttrib not implemented
W/OpenGLRenderer( 2554): Failed to set EGL_SWAP_BEHAVIOR on surface 0x7fcdc34b2200, error=EGL_SUCCESS
W/AudioTrack( 1487): AUDIO_OUTPUT_FLAG_FAST denied by client
I/InstalledAppDetails( 2554): Clearing user data for package : com.fisike
I/ActivityManager( 1487): Force stopping com.fisike appid=10077 user=0: clear data
I/ActivityManager( 1487): Killing 3254:com.fisike/u0a77 (adj 7): stop com.fisike
I/WindowState( 1487): WIN DEATH: Window{7c0a55b u0 com.fisike/com.mphrx.fisike_physician.activity.OtpActivity}
I/ActivityManager( 1487):   Force finishing activity 3 ActivityRecord{3366043f u0 com.fisike/com.mphrx.fisike_physician.activity.OtpActivity t178}
W/ActivityManager( 1487): Spurious death for ProcessRecord{b2f52fe 3254:com.fisike/u0a77}, curProc for 3254: null
D/TaskPersister( 1487): removeObsoleteFile: deleting file=178_task.xml
D/TaskPersister( 1487): removeObsoleteFile: deleting file=178_task_thumbnail.png
W/GeofencerStateMachine( 2108): Ignoring removeGeofence because network location is disabled.
D/Documents( 3116): Update found 6 roots in 12ms
D/OpenGLRenderer( 2554): endAllStagingAnimators on 0x7fcdcf5d5000 (RippleDrawable) with handle 0x7fcdc346ade0
I/InstalledAppDetails( 2554): Cleared user data for package : com.fisike
W/InputMethodManagerService( 1487): Window already focused, ignoring focus gain of: com.android.internal.view.IInputMethodClient$Stub$Proxy@772fa8e attribute=null, token = android.os.BinderProxy@166d0e3a
I/LocationSettingsChecker( 2134): Removing dialog suppression flag for package com.fisike
I/Icing   ( 2134): doRemovePackageData com.fisike
W/Settings( 2134): Setting adb_enabled has moved from android.provider.Settings.Secure to android.provider.Settings.Global.
D/AndroidRuntime( 3398): >>>>>> START com.android.internal.os.RuntimeInit uid 0 <<<<<<
D/AndroidRuntime( 3398): CheckJNI is ON
E/memtrack( 3398): Couldn't load memtrack module (No such file or directory)
E/android.os.Debug( 3398): failed to load memtrack module: -2
D/AndroidRuntime( 3398): Calling main entry com.android.commands.pm.Pm
D/DefContainer( 2935): Copying /data/local/tmp/settings_apk-debug.apk to base.apk
I/PackageParser( 1487): io.appium.settings: compat added android.permission.WRITE_EXTERNAL_STORAGE
D/PackageManager( 1487): Renaming /data/app/vmdl1029616625.tmp to /data/app/io.appium.settings-2
W/PackageManager( 1487): Attempt to re-install io.appium.settings without first uninstalling.
I/art     ( 1487): Explicit concurrent mark sweep GC freed 18680(1005KB) AllocSpace objects, 5(153KB) LOS objects, 26% free, 11MB/15MB, paused 993us total 35.289ms
I/art     ( 3398): System.exit called, status: 1
I/AndroidRuntime( 3398): VM exiting with result code 1.
D/AndroidRuntime( 3416): >>>>>> START com.android.internal.os.RuntimeInit uid 0 <<<<<<
D/AndroidRuntime( 3416): CheckJNI is ON
E/memtrack( 3416): Couldn't load memtrack module (No such file or directory)
E/android.os.Debug( 3416): failed to load memtrack module: -2
D/AndroidRuntime( 3416): Calling main entry com.android.commands.pm.Pm
D/DefContainer( 2935): Copying /data/local/tmp/unlock_apk-debug.apk to base.apk
D/PackageManager( 1487): Renaming /data/app/vmdl1538230599.tmp to /data/app/io.appium.unlock-2
W/PackageManager( 1487): Attempt to re-install io.appium.unlock without first uninstalling.
I/art     ( 1487): Explicit concurrent mark sweep GC freed 4157(247KB) AllocSpace objects, 3(1328KB) LOS objects, 28% free, 9MB/13MB, paused 1.034ms total 39.004ms
I/art     ( 3416): System.exit called, status: 1
I/AndroidRuntime( 3416): VM exiting with result code 1.
D/AndroidRuntime( 3433): >>>>>> START com.android.internal.os.RuntimeInit uid 0 <<<<<<
D/AndroidRuntime( 3433): CheckJNI is ON
E/memtrack( 3433): Couldn't load memtrack module (No such file or directory)
E/android.os.Debug( 3433): failed to load memtrack module: -2
D/AndroidRuntime( 3433): Calling main entry com.android.commands.uiautomator.Launcher
I/UiWatchers( 3433): Registed GUI Exception watchers
D/AndroidRuntime( 3451): >>>>>> START com.android.internal.os.RuntimeInit uid 0 <<<<<<
D/AndroidRuntime( 3451): CheckJNI is ON
E/memtrack( 3451): Couldn't load memtrack module (No such file or directory)
E/android.os.Debug( 3451): failed to load memtrack module: -2
D/AndroidRuntime( 3451): Calling main entry com.android.commands.am.Am
I/ActivityManager( 1487): Force stopping com.fisike appid=10077 user=0: from pid 3451
I/ActivityManager( 1487): START u0 {act=android.intent.action.MAIN cat=[android.intent.category.LAUNCHER] flg=0x10200000 cmp=com.fisike/com.mphrx.fisike.SplashActivity} from uid 0 on display 0
V/WindowManager( 1487): addAppToken: AppWindowToken{2f6027f0 token=Token{2e80b833 ActivityRecord{53223a2 u0 com.fisike/com.mphrx.fisike.SplashActivity t179}}} to stack=1 task=179 at 0
D/        ( 1487): HostConnection::get() New Host Connection established 0x7fcdbe8b9fc0, tid 2019
